Archive member included to satisfy reference by file (symbol)

/home/thepro/Ac6/SystemWorkbench/plugins/fr.ac6.mcu.externaltools.arm-none.linux64_1.13.1.201707031232/tools/compiler/bin/../lib/gcc/arm-none-eabi/5.4.1/../../../../arm-none-eabi/lib/armv7-m/libm.a(lib_a-s_ceil.o)
                              Src/LoRaMac.o (ceil)
/home/thepro/Ac6/SystemWorkbench/plugins/fr.ac6.mcu.externaltools.arm-none.linux64_1.13.1.201707031232/tools/compiler/bin/../lib/gcc/arm-none-eabi/5.4.1/../../../../arm-none-eabi/lib/armv7-m/libm.a(lib_a-s_floor.o)
                              Src/sx1272.o (floor)
/home/thepro/Ac6/SystemWorkbench/plugins/fr.ac6.mcu.externaltools.arm-none.linux64_1.13.1.201707031232/tools/compiler/bin/../lib/gcc/arm-none-eabi/5.4.1/../../../../arm-none-eabi/lib/armv7-m/libm.a(lib_a-s_round.o)
                              Src/rtc-board.o (round)
/home/thepro/Ac6/SystemWorkbench/plugins/fr.ac6.mcu.externaltools.arm-none.linux64_1.13.1.201707031232/tools/compiler/bin/../lib/gcc/arm-none-eabi/5.4.1/armv7-m/libgcc.a(_arm_addsubdf3.o)
                              Src/LoRaMac.o (__aeabi_dsub)
/home/thepro/Ac6/SystemWorkbench/plugins/fr.ac6.mcu.externaltools.arm-none.linux64_1.13.1.201707031232/tools/compiler/bin/../lib/gcc/arm-none-eabi/5.4.1/armv7-m/libgcc.a(_arm_muldivdf3.o)
                              Src/LoRaMac.o (__aeabi_dmul)
/home/thepro/Ac6/SystemWorkbench/plugins/fr.ac6.mcu.externaltools.arm-none.linux64_1.13.1.201707031232/tools/compiler/bin/../lib/gcc/arm-none-eabi/5.4.1/armv7-m/libgcc.a(_arm_cmpdf2.o)
                              Src/gps.o (__aeabi_dcmpeq)
/home/thepro/Ac6/SystemWorkbench/plugins/fr.ac6.mcu.externaltools.arm-none.linux64_1.13.1.201707031232/tools/compiler/bin/../lib/gcc/arm-none-eabi/5.4.1/armv7-m/libgcc.a(_arm_fixdfsi.o)
                              Src/LoRaMac.o (__aeabi_d2iz)
/home/thepro/Ac6/SystemWorkbench/plugins/fr.ac6.mcu.externaltools.arm-none.linux64_1.13.1.201707031232/tools/compiler/bin/../lib/gcc/arm-none-eabi/5.4.1/armv7-m/libgcc.a(_arm_fixunsdfsi.o)
                              Src/LoRaMac.o (__aeabi_d2uiz)
/home/thepro/Ac6/SystemWorkbench/plugins/fr.ac6.mcu.externaltools.arm-none.linux64_1.13.1.201707031232/tools/compiler/bin/../lib/gcc/arm-none-eabi/5.4.1/armv7-m/libgcc.a(_arm_addsubsf3.o)
                              Src/main.o (__aeabi_i2f)
/home/thepro/Ac6/SystemWorkbench/plugins/fr.ac6.mcu.externaltools.arm-none.linux64_1.13.1.201707031232/tools/compiler/bin/../lib/gcc/arm-none-eabi/5.4.1/armv7-m/libgcc.a(_arm_muldivsf3.o)
                              Src/delay.o (__aeabi_fmul)
/home/thepro/Ac6/SystemWorkbench/plugins/fr.ac6.mcu.externaltools.arm-none.linux64_1.13.1.201707031232/tools/compiler/bin/../lib/gcc/arm-none-eabi/5.4.1/armv7-m/libgcc.a(_arm_fixunssfsi.o)
                              Src/delay.o (__aeabi_f2uiz)
/home/thepro/Ac6/SystemWorkbench/plugins/fr.ac6.mcu.externaltools.arm-none.linux64_1.13.1.201707031232/tools/compiler/bin/../lib/gcc/arm-none-eabi/5.4.1/armv7-m/libgcc.a(_fixunsdfdi.o)
                              Src/rtc-board.o (__aeabi_d2ulz)
/home/thepro/Ac6/SystemWorkbench/plugins/fr.ac6.mcu.externaltools.arm-none.linux64_1.13.1.201707031232/tools/compiler/bin/../lib/gcc/arm-none-eabi/5.4.1/../../../../arm-none-eabi/lib/armv7-m/libc_nano.a(lib_a-atoi.o)
                              Src/gps.o (atoi)
/home/thepro/Ac6/SystemWorkbench/plugins/fr.ac6.mcu.externaltools.arm-none.linux64_1.13.1.201707031232/tools/compiler/bin/../lib/gcc/arm-none-eabi/5.4.1/../../../../arm-none-eabi/lib/armv7-m/libc_nano.a(lib_a-exit.o)
                              /home/thepro/Ac6/SystemWorkbench/plugins/fr.ac6.mcu.externaltools.arm-none.linux64_1.13.1.201707031232/tools/compiler/bin/../lib/gcc/arm-none-eabi/5.4.1/../../../../arm-none-eabi/lib/armv7-m/crt0.o (exit)
/home/thepro/Ac6/SystemWorkbench/plugins/fr.ac6.mcu.externaltools.arm-none.linux64_1.13.1.201707031232/tools/compiler/bin/../lib/gcc/arm-none-eabi/5.4.1/../../../../arm-none-eabi/lib/armv7-m/libc_nano.a(lib_a-impure.o)
                              /home/thepro/Ac6/SystemWorkbench/plugins/fr.ac6.mcu.externaltools.arm-none.linux64_1.13.1.201707031232/tools/compiler/bin/../lib/gcc/arm-none-eabi/5.4.1/../../../../arm-none-eabi/lib/armv7-m/libc_nano.a(lib_a-exit.o) (_global_impure_ptr)
/home/thepro/Ac6/SystemWorkbench/plugins/fr.ac6.mcu.externaltools.arm-none.linux64_1.13.1.201707031232/tools/compiler/bin/../lib/gcc/arm-none-eabi/5.4.1/../../../../arm-none-eabi/lib/armv7-m/libc_nano.a(lib_a-init.o)
                              /home/thepro/Ac6/SystemWorkbench/plugins/fr.ac6.mcu.externaltools.arm-none.linux64_1.13.1.201707031232/tools/compiler/bin/../lib/gcc/arm-none-eabi/5.4.1/../../../../arm-none-eabi/lib/armv7-m/crt0.o (__libc_init_array)
/home/thepro/Ac6/SystemWorkbench/plugins/fr.ac6.mcu.externaltools.arm-none.linux64_1.13.1.201707031232/tools/compiler/bin/../lib/gcc/arm-none-eabi/5.4.1/../../../../arm-none-eabi/lib/armv7-m/libc_nano.a(lib_a-memcpy-stub.o)
[...]
Memory Configuration

Name             Origin             Length             Attributes
RAM              0x20000000         0x00004000         xrw
FLASH            0x08000000         0x00020000         xr
*default*        0x00000000         0xffffffff

Linker script and memory map

LOAD /home/thepro/Ac6/SystemWorkbench/plugins/fr.ac6.mcu.externaltools.arm-none.linux64_1.13.1.201707031232/tools/compiler/bin/../lib/gcc/arm-none-eabi/5.4.1/armv7-m/crti.o
LOAD /home/thepro/Ac6/SystemWorkbench/plugins/fr.ac6.mcu.externaltools.arm-none.linux64_1.13.1.201707031232/tools/compiler/bin/../lib/gcc/arm-none-eabi/5.4.1/armv7-m/crtbegin.o
LOAD /home/thepro/Ac6/SystemWorkbench/plugins/fr.ac6.mcu.externaltools.arm-none.linux64_1.13.1.201707031232/tools/compiler/bin/../lib/gcc/arm-none-eabi/5.4.1/../../../../arm-none-eabi/lib/armv7-m/crt0.o
LOAD Drivers/STM32L1xx_HAL_Driver/Src/stm32l1xx_hal.o
LOAD Drivers/STM32L1xx_HAL_Driver/Src/stm32l1xx_hal_adc.o
LOAD Drivers/STM32L1xx_HAL_Driver/Src/stm32l1xx_hal_adc_ex.o
LOAD Drivers/STM32L1xx_HAL_Driver/Src/stm32l1xx_hal_comp.o
LOAD Drivers/STM32L1xx_HAL_Driver/Src/stm32l1xx_hal_cortex.o
LOAD Drivers/STM32L1xx_HAL_Driver/Src/stm32l1xx_hal_crc.o
LOAD Drivers/STM32L1xx_HAL_Driver/Src/stm32l1xx_hal_cryp.o
LOAD Drivers/STM32L1xx_HAL_Driver/Src/stm32l1xx_hal_cryp_ex.o
LOAD Drivers/STM32L1xx_HAL_Driver/Src/stm32l1xx_hal_dac.o
LOAD Drivers/STM32L1xx_HAL_Driver/Src/stm32l1xx_hal_dac_ex.o
LOAD Drivers/STM32L1xx_HAL_Driver/Src/stm32l1xx_hal_dma.o
LOAD Drivers/STM32L1xx_HAL_Driver/Src/stm32l1xx_hal_flash.o
LOAD Drivers/STM32L1xx_HAL_Driver/Src/stm32l1xx_hal_flash_ex.o
LOAD Drivers/STM32L1xx_HAL_Driver/Src/stm32l1xx_hal_flash_ramfunc.o
LOAD Drivers/STM32L1xx_HAL_Driver/Src/stm32l1xx_hal_gpio.o
LOAD Drivers/STM32L1xx_HAL_Driver/Src/stm32l1xx_hal_i2c.o
LOAD Drivers/STM32L1xx_HAL_Driver/Src/stm32l1xx_hal_i2s.o
LOAD Drivers/STM32L1xx_HAL_Driver/Src/stm32l1xx_hal_irda.o
LOAD Drivers/STM32L1xx_HAL_Driver/Src/stm32l1xx_hal_iwdg.o
LOAD Drivers/STM32L1xx_HAL_Driver/Src/stm32l1xx_hal_lcd.o
LOAD Drivers/STM32L1xx_HAL_Driver/Src/stm32l1xx_hal_msp_template.o
LOAD Drivers/STM32L1xx_HAL_Driver/Src/stm32l1xx_hal_nor.o
LOAD Drivers/STM32L1xx_HAL_Driver/Src/stm32l1xx_hal_opamp.o
LOAD Drivers/STM32L1xx_HAL_Driver/Src/stm32l1xx_hal_opamp_ex.o
LOAD Drivers/STM32L1xx_HAL_Driver/Src/stm32l1xx_hal_pcd.o
LOAD Drivers/STM32L1xx_HAL_Driver/Src/stm32l1xx_hal_pcd_ex.o
LOAD Drivers/STM32L1xx_HAL_Driver/Src/stm32l1xx_hal_pwr.o
LOAD Drivers/STM32L1xx_HAL_Driver/Src/stm32l1xx_hal_pwr_ex.o
LOAD Drivers/STM32L1xx_HAL_Driver/Src/stm32l1xx_hal_rcc.o
LOAD Drivers/STM32L1xx_HAL_Driver/Src/stm32l1xx_hal_rcc_ex.o
LOAD Drivers/STM32L1xx_HAL_Driver/Src/stm32l1xx_hal_rtc.o
LOAD Drivers/STM32L1xx_HAL_Driver/Src/stm32l1xx_hal_rtc_ex.o
LOAD Drivers/STM32L1xx_HAL_Driver/Src/stm32l1xx_hal_sd.o
LOAD Drivers/STM32L1xx_HAL_Driver/Src/stm32l1xx_hal_smartcard.o
LOAD Drivers/STM32L1xx_HAL_Driver/Src/stm32l1xx_hal_spi.o
LOAD Drivers/STM32L1xx_HAL_Driver/Src/stm32l1xx_hal_spi_ex.o
LOAD Drivers/STM32L1xx_HAL_Driver/Src/stm32l1xx_hal_sram.o
LOAD Drivers/STM32L1xx_HAL_Driver/Src/stm32l1xx_hal_tim.o
LOAD Drivers/STM32L1xx_HAL_Driver/Src/stm32l1xx_hal_tim_ex.o
LOAD Drivers/STM32L1xx_HAL_Driver/Src/stm32l1xx_hal_uart.o
LOAD Drivers/STM32L1xx_HAL_Driver/Src/stm32l1xx_hal_usart.o
LOAD Drivers/STM32L1xx_HAL_Driver/Src/stm32l1xx_hal_wwdg.o
LOAD Drivers/STM32L1xx_HAL_Driver/Src/stm32l1xx_ll_adc.o
LOAD Drivers/STM32L1xx_HAL_Driver/Src/stm32l1xx_ll_comp.o
LOAD Drivers/STM32L1xx_HAL_Driver/Src/stm32l1xx_ll_crc.o
LOAD Drivers/STM32L1xx_HAL_Driver/Src/stm32l1xx_ll_dac.o
LOAD Drivers/STM32L1xx_HAL_Driver/Src/stm32l1xx_ll_dma.o
LOAD Drivers/STM32L1xx_HAL_Driver/Src/stm32l1xx_ll_exti.o
LOAD Drivers/STM32L1xx_HAL_Driver/Src/stm32l1xx_ll_fsmc.o
LOAD Drivers/STM32L1xx_HAL_Driver/Src/stm32l1xx_ll_gpio.o
LOAD Drivers/STM32L1xx_HAL_Driver/Src/stm32l1xx_ll_i2c.o
LOAD Drivers/STM32L1xx_HAL_Driver/Src/stm32l1xx_ll_opamp.o
LOAD Drivers/STM32L1xx_HAL_Driver/Src/stm32l1xx_ll_pwr.o
LOAD Drivers/STM32L1xx_HAL_Driver/Src/stm32l1xx_ll_rcc.o
LOAD Drivers/STM32L1xx_HAL_Driver/Src/stm32l1xx_ll_rtc.o
LOAD Drivers/STM32L1xx_HAL_Driver/Src/stm32l1xx_ll_sdmmc.o
LOAD Drivers/STM32L1xx_HAL_Driver/Src/stm32l1xx_ll_spi.o
LOAD Drivers/STM32L1xx_HAL_Driver/Src/stm32l1xx_ll_tim.o
LOAD Drivers/STM32L1xx_HAL_Driver/Src/stm32l1xx_ll_usart.o
LOAD Drivers/STM32L1xx_HAL_Driver/Src/stm32l1xx_ll_utils.o
LOAD Src/LoRaMac.o
LOAD Src/LoRaMacCrypto.o
LOAD Src/actuated.pb.o
LOAD Src/adc-board.o
LOAD Src/adc.o
LOAD Src/aes.o
LOAD Src/board.o
LOAD Src/cmac.o
LOAD Src/delay.o
LOAD Src/eeprom-board.o
LOAD Src/eeprom.o
LOAD Src/fifo.o
LOAD Src/gpio-board.o
LOAD Src/gpio.o
LOAD Src/gps.o
LOAD Src/i2c-board.o
LOAD Src/i2c.o
LOAD Src/main.o
LOAD Src/pb_common.o
LOAD Src/pb_decode.o
LOAD Src/pb_encode.o
LOAD Src/rtc-board.o
LOAD Src/sensed.pb.o
LOAD Src/spi-board.o
LOAD Src/sx1272-board.o
LOAD Src/sx1272.o
LOAD Src/sysIrqHandlers.o
LOAD Src/system_stm32l1xx.o
LOAD Src/timer.o
LOAD Src/uart-board.o
LOAD Src/uart.o
LOAD Src/utilities.o
LOAD startup/startup_stm32l151xb.o
LOAD /home/thepro/Ac6/SystemWorkbench/plugins/fr.ac6.mcu.externaltools.arm-none.linux64_1.13.1.201707031232/tools/compiler/bin/../lib/gcc/arm-none-eabi/5.4.1/../../../../arm-none-eabi/lib/armv7-m/libm.a
START GROUP
LOAD /home/thepro/Ac6/SystemWorkbench/plugins/fr.ac6.mcu.externaltools.arm-none.linux64_1.13.1.201707031232/tools/compiler/bin/../lib/gcc/arm-none-eabi/5.4.1/armv7-m/libgcc.a
LOAD /home/thepro/Ac6/SystemWorkbench/plugins/fr.ac6.mcu.externaltools.arm-none.linux64_1.13.1.201707031232/tools/compiler/bin/../lib/gcc/arm-none-eabi/5.4.1/../../../../arm-none-eabi/lib/armv7-m/libc_nano.a
END GROUP
START GROUP
LOAD /home/thepro/Ac6/SystemWorkbench/plugins/fr.ac6.mcu.externaltools.arm-none.linux64_1.13.1.201707031232/tools/compiler/bin/../lib/gcc/arm-none-eabi/5.4.1/armv7-m/libgcc.a
LOAD /home/thepro/Ac6/SystemWorkbench/plugins/fr.ac6.mcu.externaltools.arm-none.linux64_1.13.1.201707031232/tools/compiler/bin/../lib/gcc/arm-none-eabi/5.4.1/../../../../arm-none-eabi/lib/armv7-m/libc_nano.a
LOAD /home/thepro/Ac6/SystemWorkbench/plugins/fr.ac6.mcu.externaltools.arm-none.linux64_1.13.1.201707031232/tools/compiler/bin/../lib/gcc/arm-none-eabi/5.4.1/../../../../arm-none-eabi/lib/armv7-m/libnosys.a
END GROUP
START GROUP
LOAD /home/thepro/Ac6/SystemWorkbench/plugins/fr.ac6.mcu.externaltools.arm-none.linux64_1.13.1.201707031232/tools/compiler/bin/../lib/gcc/arm-none-eabi/5.4.1/armv7-m/libgcc.a
LOAD /home/thepro/Ac6/SystemWorkbench/plugins/fr.ac6.mcu.externaltools.arm-none.linux64_1.13.1.201707031232/tools/compiler/bin/../lib/gcc/arm-none-eabi/5.4.1/../../../../arm-none-eabi/lib/armv7-m/libc_nano.a
LOAD /home/thepro/Ac6/SystemWorkbench/plugins/fr.ac6.mcu.externaltools.arm-none.linux64_1.13.1.201707031232/tools/compiler/bin/../lib/gcc/arm-none-eabi/5.4.1/../../../../arm-none-eabi/lib/armv7-m/libnosys.a
END GROUP
LOAD /home/thepro/Ac6/SystemWorkbench/plugins/fr.ac6.mcu.externaltools.arm-none.linux64_1.13.1.201707031232/tools/compiler/bin/../lib/gcc/arm-none-eabi/5.4.1/armv7-m/crtend.o
LOAD /home/thepro/Ac6/SystemWorkbench/plugins/fr.ac6.mcu.externaltools.arm-none.linux64_1.13.1.201707031232/tools/compiler/bin/../lib/gcc/arm-none-eabi/5.4.1/armv7-m/crtn.o
                0x20004000                _estack = 0x20004000
                0x00000200                _Min_Heap_Size = 0x200
                0x00000400                _Min_Stack_Size = 0x400

.isr_vector     0x08000000      0x13c
                0x08000000                . = ALIGN (0x4)
 *(.isr_vector)
 .isr_vector    0x08000000      0x13c startup/startup_stm32l151xb.o
                0x08000000                g_pfnVectors
                0x0800013c                . = ALIGN (0x4)

.text           0x08000140     0xc418
                0x08000140                . = ALIGN (0x4)
 *(.text)
 .text          0x08000140       0x5c /home/thepro/Ac6/SystemWorkbench/plugins/fr.ac6.mcu.externaltools.arm-none.linux64_1.13.1.201707031232/tools/compiler/bin/../lib/gcc/arm-none-eabi/5.4.1/armv7-m/crtbegin.o
 .text          0x0800019c      0x370 /home/thepro/Ac6/SystemWorkbench/plugins/fr.ac6.mcu.externaltools.arm-none.linux64_1.13.1.201707031232/tools/compiler/bin/../lib/gcc/arm-none-eabi/5.4.1/armv7-m/libgcc.a(_arm_addsubdf3.o)
                0x0800019c                __aeabi_drsub
                0x080001a4                __aeabi_dsub
                0x080001a4                __subdf3
                0x080001a8                __adddf3
                0x080001a8                __aeabi_dadd
                0x08000420                __aeabi_ui2d
                0x08000420                __floatunsidf
                0x08000440                __floatsidf
                0x08000440                __aeabi_i2d
                0x08000464                __extendsfdf2
                0x08000464                __aeabi_f2d
                0x080004a0                __aeabi_ul2d
                0x080004a0                __floatundidf
                0x080004b0                __floatdidf
                0x080004b0                __aeabi_l2d
 .text          0x0800050c      0x424 /home/thepro/Ac6/SystemWorkbench/plugins/fr.ac6.mcu.externaltools.arm-none.linux64_1.13.1.201707031232/tools/compiler/bin/../lib/gcc/arm-none-eabi/5.4.1/armv7-m/libgcc.a(_arm_muldivdf3.o)
                0x0800050c                __aeabi_dmul
                0x0800050c                __muldf3
                0x08000760                __aeabi_ddiv
                0x08000760                __divdf3
 .text          0x08000930      0x110 /home/thepro/Ac6/SystemWorkbench/plugins/fr.ac6.mcu.externaltools.arm-none.linux64_1.13.1.201707031232/tools/compiler/bin/../lib/gcc/arm-none-eabi/5.4.1/armv7-m/libgcc.a(_arm_cmpdf2.o)
                0x08000930                __gtdf2
                0x08000930                __gedf2
                0x08000938                __ltdf2
                0x08000938                __ledf2
                0x08000940                __cmpdf2
                0x08000940                __eqdf2
                0x08000940                __nedf2
                0x080009bc                __aeabi_cdrcmple
                0x080009cc                __aeabi_cdcmple
                0x080009cc                __aeabi_cdcmpeq
                0x080009dc                __aeabi_dcmpeq
                0x080009f0                __aeabi_dcmplt
                0x08000a04                __aeabi_dcmple
                0x08000a18                __aeabi_dcmpge
                0x08000a2c                __aeabi_dcmpgt
 .text          0x08000a40       0x50 /home/thepro/Ac6/SystemWorkbench/plugins/fr.ac6.mcu.externaltools.arm-none.linux64_1.13.1.201707031232/tools/compiler/bin/../lib/gcc/arm-none-eabi/5.4.1/armv7-m/libgcc.a(_arm_fixdfsi.o)
                0x08000a40                __fixdfsi
                0x08000a40                __aeabi_d2iz
 .text          0x08000a90       0x40 /home/thepro/Ac6/SystemWorkbench/plugins/fr.ac6.mcu.externaltools.arm-none.linux64_1.13.1.201707031232/tools/compiler/bin/../lib/gcc/arm-none-eabi/5.4.1/armv7-m/libgcc.a(_arm_fixunsdfsi.o)
                0x08000a90                __fixunsdfsi
                0x08000a90                __aeabi_d2uiz
 .text          0x08000ad0      0x21c /home/thepro/Ac6/SystemWorkbench/plugins/fr.ac6.mcu.externaltools.arm-none.linux64_1.13.1.201707031232/tools/compiler/bin/../lib/gcc/arm-none-eabi/5.4.1/armv7-m/libgcc.a(_arm_addsubsf3.o)
                0x08000ad0                __aeabi_frsub
                0x08000ad8                __subsf3
                0x08000ad8                __aeabi_fsub
                0x08000adc                __aeabi_fadd
                0x08000adc                __addsf3
                0x08000c3c                __aeabi_ui2f
                0x08000c3c                __floatunsisf
                0x08000c44                __aeabi_i2f
                0x08000c44                __floatsisf
                0x08000c60                __floatundisf
                0x08000c60                __aeabi_ul2f
                0x08000c70                __floatdisf
                0x08000c70                __aeabi_l2f
 .text          0x08000cec       0x48 /home/thepro/Ac6/SystemWorkbench/plugins/fr.ac6.mcu.externaltools.arm-none.linux64_1.13.1.201707031232/tools/compiler/bin/../lib/gcc/arm-none-eabi/5.4.1/armv7-m/libgcc.a(_fixunsdfdi.o)
                0x08000cec                __aeabi_d2ulz
                0x08000cec                __fixunsdfdi
 *(.text*)
 .text.HAL_InitTick
                0x08000d34       0x2c Drivers/STM32L1xx_HAL_Driver/Src/stm32l1xx_hal.o
                0x08000d34                HAL_InitTick
 .text.HAL_Init
                0x08000d60       0x18 Drivers/STM32L1xx_HAL_Driver/Src/stm32l1xx_hal.o
                0x08000d60                HAL_Init
 .text.HAL_IncTick
                0x08000d78       0x10 Drivers/STM32L1xx_HAL_Driver/Src/stm32l1xx_hal.o
                0x08000d78                HAL_IncTick
 .text.HAL_GetTick
                0x08000d88        0xc Drivers/STM32L1xx_HAL_Driver/Src/stm32l1xx_hal.o
                0x08000d88                HAL_GetTick
 .text.HAL_Delay
                0x08000d94       0x1c Drivers/STM32L1xx_HAL_Driver/Src/stm32l1xx_hal.o
                0x08000d94                HAL_Delay
 .text.HAL_DBGMCU_EnableDBGSleepMode
                0x08000db0       0x10 Drivers/STM32L1xx_HAL_Driver/Src/stm32l1xx_hal.o
                0x08000db0                HAL_DBGMCU_EnableDBGSleepMode
 .text.HAL_DBGMCU_EnableDBGStopMode
                0x08000dc0       0x10 Drivers/STM32L1xx_HAL_Driver/Src/stm32l1xx_hal.o
                0x08000dc0                HAL_DBGMCU_EnableDBGStopMode
 .text.HAL_DBGMCU_EnableDBGStandbyMode
                0x08000dd0       0x10 Drivers/STM32L1xx_HAL_Driver/Src/stm32l1xx_hal.o
                0x08000dd0                HAL_DBGMCU_EnableDBGStandbyMode
 .text.HAL_ADC_MspInit
                0x08000de0        0x4 Drivers/STM32L1xx_HAL_Driver/Src/stm32l1xx_hal_adc.o
                0x08000de0                HAL_ADC_MspInit
 .text.HAL_ADC_Init
                0x08000de4      0x190 Drivers/STM32L1xx_HAL_Driver/Src/stm32l1xx_hal_adc.o
                0x08000de4                HAL_ADC_Init
 .text.HAL_ADC_MspDeInit
                0x08000f74        0x4 Drivers/STM32L1xx_HAL_Driver/Src/stm32l1xx_hal_adc.o
                0x08000f74                HAL_ADC_MspDeInit
 .text.HAL_ADC_PollForConversion
                0x08000f78       0xbc Drivers/STM32L1xx_HAL_Driver/Src/stm32l1xx_hal_adc.o
                0x08000f78                HAL_ADC_PollForConversion
 .text.HAL_ADC_GetValue
                0x08001034        0x8 Drivers/STM32L1xx_HAL_Driver/Src/stm32l1xx_hal_adc.o
                0x08001034                HAL_ADC_GetValue
 .text.HAL_ADC_ConfigChannel
                0x0800103c      0x190 Drivers/STM32L1xx_HAL_Driver/Src/stm32l1xx_hal_adc.o
                0x0800103c                HAL_ADC_ConfigChannel
 .text.ADC_Enable
                0x080011cc       0x84 Drivers/STM32L1xx_HAL_Driver/Src/stm32l1xx_hal_adc.o
                0x080011cc                ADC_Enable
 .text.HAL_ADC_Start
                0x08001250       0x84 Drivers/STM32L1xx_HAL_Driver/Src/stm32l1xx_hal_adc.o
                0x08001250                HAL_ADC_Start
 .text.ADC_ConversionStop_Disable
                0x080012d4       0x50 Drivers/STM32L1xx_HAL_Driver/Src/stm32l1xx_hal_adc.o
                0x080012d4                ADC_ConversionStop_Disable
 .text.HAL_ADC_DeInit
                0x08001324      0x11c Drivers/STM32L1xx_HAL_Driver/Src/stm32l1xx_hal_adc.o
                0x08001324                HAL_ADC_DeInit
 .text.HAL_NVIC_SetPriorityGrouping
                0x08001440       0x24 Drivers/STM32L1xx_HAL_Driver/Src/stm32l1xx_hal_cortex.o
                0x08001440                HAL_NVIC_SetPriorityGrouping
 .text.HAL_NVIC_SetPriority
                0x08001464       0x64 Drivers/STM32L1xx_HAL_Driver/Src/stm32l1xx_hal_cortex.o
                0x08001464                HAL_NVIC_SetPriority
 .text.HAL_NVIC_EnableIRQ
                0x080014c8       0x18 Drivers/STM32L1xx_HAL_Driver/Src/stm32l1xx_hal_cortex.o
                0x080014c8                HAL_NVIC_EnableIRQ
 .text.HAL_SYSTICK_Config
                0x080014e0       0x2c Drivers/STM32L1xx_HAL_Driver/Src/stm32l1xx_hal_cortex.o
                0x080014e0                HAL_SYSTICK_Config
 .text.HAL_SYSTICK_CLKSourceConfig
                0x0800150c       0x20 Drivers/STM32L1xx_HAL_Driver/Src/stm32l1xx_hal_cortex.o
                0x0800150c                HAL_SYSTICK_CLKSourceConfig
 .text.HAL_SYSTICK_Callback
                0x0800152c        0x4 Drivers/STM32L1xx_HAL_Driver/Src/stm32l1xx_hal_cortex.o
                0x0800152c                HAL_SYSTICK_Callback
 .text.HAL_SYSTICK_IRQHandler
                0x08001530        0x8 Drivers/STM32L1xx_HAL_Driver/Src/stm32l1xx_hal_cortex.o
                0x08001530                HAL_SYSTICK_IRQHandler
 .text.HAL_GPIO_Init
                0x08001538      0x194 Drivers/STM32L1xx_HAL_Driver/Src/stm32l1xx_hal_gpio.o
                0x08001538                HAL_GPIO_Init
 .text.HAL_GPIO_WritePin
                0x080016cc        0xc Drivers/STM32L1xx_HAL_Driver/Src/stm32l1xx_hal_gpio.o
                0x080016cc                HAL_GPIO_WritePin
 .text.HAL_GPIO_EXTI_IRQHandler
                0x080016d8       0x18 Drivers/STM32L1xx_HAL_Driver/Src/stm32l1xx_hal_gpio.o
                0x080016d8                HAL_GPIO_EXTI_IRQHandler
 .text.HAL_MspInit
                0x080016f0        0x4 Drivers/STM32L1xx_HAL_Driver/Src/stm32l1xx_hal_msp_template.o
                0x080016f0                HAL_MspInit
 .text.HAL_PWR_DisablePVD
                0x080016f4       0x1c Drivers/STM32L1xx_HAL_Driver/Src/stm32l1xx_hal_pwr.o
                0x080016f4                HAL_PWR_DisablePVD
 .text.HAL_PWR_EnterSTOPMode
                0x08001710       0x38 Drivers/STM32L1xx_HAL_Driver/Src/stm32l1xx_hal_pwr.o
                0x08001710                HAL_PWR_EnterSTOPMode
 .text.HAL_PWREx_GetVoltageRange
                0x08001748       0x10 Drivers/STM32L1xx_HAL_Driver/Src/stm32l1xx_hal_pwr_ex.o
                0x08001748                HAL_PWREx_GetVoltageRange
 .text.HAL_PWREx_EnableFastWakeUp
                0x08001758       0x1c Drivers/STM32L1xx_HAL_Driver/Src/stm32l1xx_hal_pwr_ex.o
                0x08001758                HAL_PWREx_EnableFastWakeUp
 .text.HAL_PWREx_EnableUltraLowPower
                0x08001774       0x1c Drivers/STM32L1xx_HAL_Driver/Src/stm32l1xx_hal_pwr_ex.o
                0x08001774                HAL_PWREx_EnableUltraLowPower
 .text.RCC_SetFlashLatencyFromMSIRange
                0x08001790       0x90 Drivers/STM32L1xx_HAL_Driver/Src/stm32l1xx_hal_rcc.o
 .text.HAL_RCC_OscConfig
                0x08001820      0x79c Drivers/STM32L1xx_HAL_Driver/Src/stm32l1xx_hal_rcc.o
                0x08001820                HAL_RCC_OscConfig
 .text.HAL_RCC_GetSysClockFreq
                0x08001fbc       0x98 Drivers/STM32L1xx_HAL_Driver/Src/stm32l1xx_hal_rcc.o
                0x08001fbc                HAL_RCC_GetSysClockFreq
 .text.HAL_RCC_ClockConfig
                0x08002054      0x25c Drivers/STM32L1xx_HAL_Driver/Src/stm32l1xx_hal_rcc.o
                0x08002054                HAL_RCC_ClockConfig
 .text.HAL_RCC_GetHCLKFreq
                0x080022b0        0xc Drivers/STM32L1xx_HAL_Driver/Src/stm32l1xx_hal_rcc.o
                0x080022b0                HAL_RCC_GetHCLKFreq
 .text.HAL_RCC_GetPCLK1Freq
                0x080022bc       0x30 Drivers/STM32L1xx_HAL_Driver/Src/stm32l1xx_hal_rcc.o
                0x080022bc                HAL_RCC_GetPCLK1Freq
 .text.HAL_RCC_GetPCLK2Freq
                0x080022ec       0x30 Drivers/STM32L1xx_HAL_Driver/Src/stm32l1xx_hal_rcc.o
                0x080022ec                HAL_RCC_GetPCLK2Freq
 .text.HAL_RCCEx_PeriphCLKConfig
                0x0800231c      0x16c Drivers/STM32L1xx_HAL_Driver/Src/stm32l1xx_hal_rcc_ex.o
                0x0800231c                HAL_RCCEx_PeriphCLKConfig
 .text.HAL_RTC_MspInit
                0x08002488        0x4 Drivers/STM32L1xx_HAL_Driver/Src/stm32l1xx_hal_rtc.o
                0x08002488                HAL_RTC_MspInit
 .text.HAL_RTC_DeactivateAlarm
                0x0800248c       0xc0 Drivers/STM32L1xx_HAL_Driver/Src/stm32l1xx_hal_rtc.o
                0x0800248c                HAL_RTC_DeactivateAlarm
 .text.HAL_RTC_AlarmAEventCallback
                0x0800254c        0x4 Drivers/STM32L1xx_HAL_Driver/Src/stm32l1xx_hal_rtc.o
                0x0800254c                HAL_RTC_AlarmAEventCallback
 .text.HAL_RTC_AlarmIRQHandler
                0x08002550       0x5c Drivers/STM32L1xx_HAL_Driver/Src/stm32l1xx_hal_rtc.o
                0x08002550                HAL_RTC_AlarmIRQHandler
 .text.RTC_EnterInitMode
                0x080025ac       0x40 Drivers/STM32L1xx_HAL_Driver/Src/stm32l1xx_hal_rtc.o
                0x080025ac                RTC_EnterInitMode
 .text.HAL_RTC_Init
                0x080025ec       0xa8 Drivers/STM32L1xx_HAL_Driver/Src/stm32l1xx_hal_rtc.o
                0x080025ec                HAL_RTC_Init
 .text.RTC_ByteToBcd2
                0x08002694       0x18 Drivers/STM32L1xx_HAL_Driver/Src/stm32l1xx_hal_rtc.o
                0x08002694                RTC_ByteToBcd2
 .text.HAL_RTC_SetTime
                0x080026ac       0xf4 Drivers/STM32L1xx_HAL_Driver/Src/stm32l1xx_hal_rtc.o
                0x080026ac                HAL_RTC_SetTime
 .text.HAL_RTC_SetDate
                0x080027a0       0xd0 Drivers/STM32L1xx_HAL_Driver/Src/stm32l1xx_hal_rtc.o
                0x080027a0                HAL_RTC_SetDate
 .text.RTC_Bcd2ToByte
                0x08002870       0x14 Drivers/STM32L1xx_HAL_Driver/Src/stm32l1xx_hal_rtc.o
                0x08002870                RTC_Bcd2ToByte
 .text.HAL_RTC_GetDate
                0x08002884       0x44 Drivers/STM32L1xx_HAL_Driver/Src/stm32l1xx_hal_rtc.o
                0x08002884                HAL_RTC_GetDate
 .text.HAL_RTC_GetTime
                0x080028c8       0x44 Drivers/STM32L1xx_HAL_Driver/Src/stm32l1xx_hal_rtc_ex.o
                0x080028c8                HAL_RTC_GetTime
 .text.HAL_RTC_SetAlarm_IT
                0x0800290c      0x198 Drivers/STM32L1xx_HAL_Driver/Src/stm32l1xx_hal_rtc_ex.o
                0x0800290c                HAL_RTC_SetAlarm_IT
 .text.HAL_RTC_GetAlarm
                0x08002aa4       0x70 Drivers/STM32L1xx_HAL_Driver/Src/stm32l1xx_hal_rtc_ex.o
                0x08002aa4                HAL_RTC_GetAlarm
 .text.HAL_RTC_WaitForSynchro
                0x08002b14       0x34 Drivers/STM32L1xx_HAL_Driver/Src/stm32l1xx_hal_rtc_ex.o
                0x08002b14                HAL_RTC_WaitForSynchro
 .text.HAL_RTCEx_DeactivateWakeUpTimer
                0x08002b48       0x74 Drivers/STM32L1xx_HAL_Driver/Src/stm32l1xx_hal_rtc_ex.o
                0x08002b48                HAL_RTCEx_DeactivateWakeUpTimer
 .text.HAL_RTCEx_AlarmBEventCallback
                0x08002bbc        0x4 Drivers/STM32L1xx_HAL_Driver/Src/stm32l1xx_hal_rtc_ex.o
                0x08002bbc                HAL_RTCEx_AlarmBEventCallback
 .text.HAL_SPI_MspInit
                0x08002bc0        0x4 Drivers/STM32L1xx_HAL_Driver/Src/stm32l1xx_hal_spi.o
                0x08002bc0                HAL_SPI_MspInit
 .text.HAL_SPI_MspDeInit
                0x08002bc4        0x4 Drivers/STM32L1xx_HAL_Driver/Src/stm32l1xx_hal_spi.o
                0x08002bc4                HAL_SPI_MspDeInit
 .text.HAL_SPI_DeInit
                0x08002bc8       0x28 Drivers/STM32L1xx_HAL_Driver/Src/stm32l1xx_hal_spi.o
                0x08002bc8                HAL_SPI_DeInit
 .text.HAL_SPI_Init
                0x08002bf0       0x7c Drivers/STM32L1xx_HAL_Driver/Src/stm32l1xx_hal_spi_ex.o
                0x08002bf0                HAL_SPI_Init
 .text.UART_Transmit_IT
                0x08002c6c       0x6c Drivers/STM32L1xx_HAL_Driver/Src/stm32l1xx_hal_uart.o
 .text.UART_SetConfig
                0x08002cd8      0x314 Drivers/STM32L1xx_HAL_Driver/Src/stm32l1xx_hal_uart.o
 .text.HAL_UART_MspInit
                0x08002fec        0x4 Drivers/STM32L1xx_HAL_Driver/Src/stm32l1xx_hal_uart.o
                0x08002fec                HAL_UART_MspInit
 .text.HAL_UART_Init
                0x08002ff0       0x60 Drivers/STM32L1xx_HAL_Driver/Src/stm32l1xx_hal_uart.o
                0x08002ff0                HAL_UART_Init
 .text.HAL_UART_Transmit_IT
                0x08003050       0x68 Drivers/STM32L1xx_HAL_Driver/Src/stm32l1xx_hal_uart.o
                0x08003050                HAL_UART_Transmit_IT
 .text.HAL_UART_Receive_IT
                0x080030b8       0x80 Drivers/STM32L1xx_HAL_Driver/Src/stm32l1xx_hal_uart.o
                0x080030b8                HAL_UART_Receive_IT
 .text.UART_EndTransmit_IT
                0x08003138       0x2c Drivers/STM32L1xx_HAL_Driver/Src/stm32l1xx_hal_uart.o
 .text.UART_Receive_IT
                0x08003164       0xb4 Drivers/STM32L1xx_HAL_Driver/Src/stm32l1xx_hal_uart.o
 .text.HAL_UART_IRQHandler
                0x08003218       0xc4 Drivers/STM32L1xx_HAL_Driver/Src/stm32l1xx_hal_uart.o
                0x08003218                HAL_UART_IRQHandler
 .text.RxWindowSetup
                0x080032dc      0x108 Src/LoRaMac.o
 .text.Rx2FreqInRange
                0x080033e4       0x10 Src/LoRaMac.o
 .text.ValidatePayloadLength
                0x080033f4       0x34 Src/LoRaMac.o
 .text.CountBits
                0x08003428       0x24 Src/LoRaMac.o
 .text.LimitTxPower
                0x0800344c        0x8 Src/LoRaMac.o
 .text.ValueInRange
                0x08003454       0x14 Src/LoRaMac.o
 .text.ValidateDatarate
                0x08003468       0x68 Src/LoRaMac.o
 .text.DisableChannelInMask
                0x080034d0       0x30 Src/LoRaMac.o
 .text.AdrNextDr
                0x08003500       0x60 Src/LoRaMac.o
 .text.AddMacCommand
                0x08003560      0x150 Src/LoRaMac.o
 .text.ParseMacCommandsToRepeat
                0x080036b0       0x58 Src/LoRaMac.o
 .text.AlternateDatarate
                0x08003708       0x58 Src/LoRaMac.o
 .text.JoinDutyCycle
                0x08003760       0x54 Src/LoRaMac.o
 .text.CalculateBackOff
                0x080037b4       0xd8 Src/LoRaMac.o
 .text.SetNextChannel
                0x0800388c      0x220 Src/LoRaMac.o
 .text.ComputeRxWindowParameters
                0x08003aac      0x134 Src/LoRaMac.o
 .text.ResetMacParameters
                0x08003be0       0xa0 Src/LoRaMac.o
 .text.OnAckTimeoutTimerEvent
                0x08003c80       0x44 Src/LoRaMac.o
 .text.PrepareRxDoneAbort
                0x08003cc4       0x44 Src/LoRaMac.o
 .text.OnRxWindow2TimerEvent
                0x08003d08       0x4c Src/LoRaMac.o
 .text.OnRadioRxTimeout
                0x08003d54       0x54 Src/LoRaMac.o
 .text.OnRadioTxTimeout
                0x08003da8       0x3c Src/LoRaMac.o
 .text.OnRadioRxError
                0x08003de4       0x8c Src/LoRaMac.o
 .text.OnRadioTxDone
                0x08003e70      0x108 Src/LoRaMac.o
 .text.OnRxWindow1TimerEvent
                0x08003f78       0x54 Src/LoRaMac.o
 .text.PrepareFrame
                0x08003fcc      0x310 Src/LoRaMac.o
                0x08003fcc                PrepareFrame
 .text.SendFrameOnChannel
                0x080042dc      0x1cc Src/LoRaMac.o
                0x080042dc                SendFrameOnChannel
 .text.ScheduleTx
                0x080044a8      0x134 Src/LoRaMac.o
 .text.Send     0x080045dc       0x48 Src/LoRaMac.o
                0x080045dc                Send
 .text.OnTxDelayedTimerEvent
                0x08004624       0x84 Src/LoRaMac.o
 .text.OnMacStateCheckTimerEvent
                0x080046a8      0x350 Src/LoRaMac.o
 .text.SetTxContinuousWave
                0x080049f8       0x80 Src/LoRaMac.o
                0x080049f8                SetTxContinuousWave
 .text.SetTxContinuousWave1
                0x08004a78       0x40 Src/LoRaMac.o
                0x08004a78                SetTxContinuousWave1
 .text.LoRaMacInitialization
                0x08004ab8      0x1a8 Src/LoRaMac.o
                0x08004ab8                LoRaMacInitialization
 .text.LoRaMacQueryTxPossible
                0x08004c60       0x98 Src/LoRaMac.o
                0x08004c60                LoRaMacQueryTxPossible
 .text.LoRaMacMibGetRequestConfirm
                0x08004cf8      0x19c Src/LoRaMac.o
                0x08004cf8                LoRaMacMibGetRequestConfirm
 .text.LoRaMacMibSetRequestConfirm
                0x08004e94      0x280 Src/LoRaMac.o
                0x08004e94                LoRaMacMibSetRequestConfirm
 .text.LoRaMacChannelAdd
                0x08005114      0x1a0 Src/LoRaMac.o
                0x08005114                LoRaMacChannelAdd
 .text.LoRaMacChannelRemove
                0x080052b4       0x50 Src/LoRaMac.o
                0x080052b4                LoRaMacChannelRemove
 .text.ProcessMacCommands
                0x08005304      0x348 Src/LoRaMac.o
 .text.OnRadioRxDone
                0x0800564c      0x5bc Src/LoRaMac.o
 .text.LoRaMacMlmeRequest
                0x08005c08      0x154 Src/LoRaMac.o
                0x08005c08                LoRaMacMlmeRequest
 .text.LoRaMacMcpsRequest
                0x08005d5c      0x120 Src/LoRaMac.o
                0x08005d5c                LoRaMacMcpsRequest
 .text.LoRaMacTestSetDutyCycleOn
                0x08005e7c        0xc Src/LoRaMac.o
                0x08005e7c                LoRaMacTestSetDutyCycleOn
 .text.LoRaMacComputeMic
                0x08005e88       0x8c Src/LoRaMacCrypto.o
                0x08005e88                LoRaMacComputeMic
 .text.LoRaMacPayloadEncrypt
                0x08005f14       0xf0 Src/LoRaMacCrypto.o
                0x08005f14                LoRaMacPayloadEncrypt
 .text.LoRaMacPayloadDecrypt
                0x08006004       0x1c Src/LoRaMacCrypto.o
                0x08006004                LoRaMacPayloadDecrypt
 .text.LoRaMacJoinComputeMic
                0x08006020       0x58 Src/LoRaMacCrypto.o
                0x08006020                LoRaMacJoinComputeMic
 .text.LoRaMacJoinDecrypt
                0x08006078       0x48 Src/LoRaMacCrypto.o
                0x08006078                LoRaMacJoinDecrypt
 .text.LoRaMacJoinComputeSKeys
                0x080060c0       0x94 Src/LoRaMacCrypto.o
                0x080060c0                LoRaMacJoinComputeSKeys
 .text.AdcMcuInit
                0x08006154       0x4c Src/adc-board.o
                0x08006154                AdcMcuInit
 .text.AdcMcuConfig
                0x080061a0       0x30 Src/adc-board.o
                0x080061a0                AdcMcuConfig
 .text.AdcMcuReadChannel
                0x080061d0       0xd8 Src/adc-board.o
                0x080061d0                AdcMcuReadChannel
 .text.AdcInit  0x080062a8       0x1c Src/adc.o
                0x080062a8                AdcInit
 .text.AdcDeInit
                0x080062c4        0xc Src/adc.o
                0x080062c4                AdcDeInit
 .text.copy_block
                0x080062d0       0x44 Src/aes.o
 .text.copy_block_nn
                0x08006314       0x18 Src/aes.o
 .text.xor_block
                0x0800632c       0x84 Src/aes.o
 .text.copy_and_key
                0x080063b0       0x88 Src/aes.o
 .text.add_round_key
                0x08006438        0x8 Src/aes.o
 .text.shift_sub_rows
                0x08006440       0x68 Src/aes.o
 .text.mix_sub_columns
                0x080064a8      0x1e0 Src/aes.o
 .text.aes_set_key
                0x08006688      0x100 Src/aes.o
                0x08006688                aes_set_key
 .text.aes_encrypt
                0x08006788       0x58 Src/aes.o
                0x08006788                aes_encrypt
 .text.OnCalibrateSystemWakeupTimeTimerEvent
                0x080067e0        0xc Src/board.o
 .text.SystemClockConfig
                0x080067ec       0xa8 Src/board.o
 .text.SystemClockReConfig
                0x08006894       0xb4 Src/board.o
 .text.CalibrateSystemWakeupTime
                0x08006948       0x40 Src/board.o
 .text.BoardDisableIrq
                0x08006988       0x10 Src/board.o
                0x08006988                BoardDisableIrq
 .text.BoardEnableIrq
                0x08006998       0x14 Src/board.o
                0x08006998                BoardEnableIrq
 .text.BoardInitPeriph
                0x080069ac       0x6c Src/board.o
                0x080069ac                BoardInitPeriph
 .text.BoardDeInitMcu
                0x08006a18       0x68 Src/board.o
                0x08006a18                BoardDeInitMcu
 .text.BoardBatteryMeasureVolage
                0x08006a80       0x1c Src/board.o
                0x08006a80                BoardBatteryMeasureVolage
 .text.BoardGetBatteryVoltage
                0x08006a9c        0xc Src/board.o
                0x08006a9c                BoardGetBatteryVoltage
 .text.SysTick_Handler
                0x08006aa8        0xc Src/board.o
                0x08006aa8                SysTick_Handler
 .text.GetBoardPowerSource
                0x08006ab4        0x4 Src/board.o
                0x08006ab4                GetBoardPowerSource
 .text.BoardUnusedIoInit
                0x08006ab8       0x40 Src/board.o
 .text.BoardInitMcu
                0x08006af8       0x68 Src/board.o
                0x08006af8                BoardInitMcu
 .text.BoardGetBatteryLevel
                0x08006b60       0x68 Src/board.o
                0x08006b60                BoardGetBatteryLevel
 .text.AES_CMAC_Init
                0x08006bc8       0x20 Src/cmac.o
                0x08006bc8                AES_CMAC_Init
 .text.AES_CMAC_SetKey
                0x08006be8       0x10 Src/cmac.o
                0x08006be8                AES_CMAC_SetKey
 .text.AES_CMAC_Update
                0x08006bf8       0xbc Src/cmac.o
                0x08006bf8                AES_CMAC_Update
 .text.AES_CMAC_Final
                0x08006cb4      0x19c Src/cmac.o
                0x08006cb4                AES_CMAC_Final
 .text.DelayMs  0x08006e50        0x8 Src/delay.o
                0x08006e50                DelayMs
 .text.FifoNext
                0x08006e58       0x10 Src/fifo.o
 .text.FifoInit
                0x08006e68        0xc Src/fifo.o
                0x08006e68                FifoInit
 .text.FifoPush
                0x08006e74       0x14 Src/fifo.o
                0x08006e74                FifoPush
 .text.FifoPop  0x08006e88       0x14 Src/fifo.o
                0x08006e88                FifoPop
 .text.FifoFlush
                0x08006e9c        0x8 Src/fifo.o
                0x08006e9c                FifoFlush
 .text.IsFifoEmpty
                0x08006ea4       0x10 Src/fifo.o
                0x08006ea4                IsFifoEmpty
 .text.IsFifoFull
                0x08006eb4       0x18 Src/fifo.o
                0x08006eb4                IsFifoFull
 .text.GpioMcuSetInterrupt
                0x08006ecc       0xf8 Src/gpio-board.o
                0x08006ecc                GpioMcuSetInterrupt
 .text.GpioMcuWrite
                0x08006fc4       0x18 Src/gpio-board.o
                0x08006fc4                GpioMcuWrite
 .text.GpioMcuInit
                0x08006fdc      0x128 Src/gpio-board.o
                0x08006fdc                GpioMcuInit
 .text.EXTI0_IRQHandler
                0x08007104       0x10 Src/gpio-board.o
                0x08007104                EXTI0_IRQHandler
 .text.EXTI1_IRQHandler
                0x08007114       0x10 Src/gpio-board.o
                0x08007114                EXTI1_IRQHandler
 .text.EXTI2_IRQHandler
                0x08007124       0x10 Src/gpio-board.o
                0x08007124                EXTI2_IRQHandler
 .text.EXTI3_IRQHandler
                0x08007134       0x10 Src/gpio-board.o
                0x08007134                EXTI3_IRQHandler
 .text.EXTI4_IRQHandler
                0x08007144       0x10 Src/gpio-board.o
                0x08007144                EXTI4_IRQHandler
 .text.EXTI9_5_IRQHandler
                0x08007154       0x2c Src/gpio-board.o
                0x08007154                EXTI9_5_IRQHandler
 .text.EXTI15_10_IRQHandler
                0x08007180       0x38 Src/gpio-board.o
                0x08007180                EXTI15_10_IRQHandler
 .text.HAL_GPIO_EXTI_Callback
                0x080071b8       0x28 Src/gpio-board.o
                0x080071b8                HAL_GPIO_EXTI_Callback
 .text.GpioInit
                0x080071e0       0x20 Src/gpio.o
                0x080071e0                GpioInit
 .text.GpioSetInterrupt
                0x08007200       0x14 Src/gpio.o
                0x08007200                GpioSetInterrupt
 .text.GpioWrite
                0x08007214       0x14 Src/gpio.o
                0x08007214                GpioWrite
 .text.McpsConfirm
                0x08007228        0xc Src/main.o
 .text.MlmeConfirm
                0x08007234       0x4c Src/main.o
 .text.OnManualModeExpiry
                0x08007280       0x20 Src/main.o
 .text.OnSlaveHeartBeatTimerEvent
                0x080072a0       0x20 Src/main.o
 .text.OnScheduleOffTimerEvent
                0x080072c0       0x3c Src/main.o
 .text.OnScheduleOnTimerEvent
                0x080072fc       0x3c Src/main.o
 .text.OnTxNextPacketTimerEvent
                0x08007338       0x44 Src/main.o
 .text.SendFrame
                0x0800737c       0x88 Src/main.o
 .text.UartISR  0x08007404       0x24 Src/main.o
                0x08007404                UartISR
 .text.decode_actuation_type
                0x08007428       0x54 Src/main.o
                0x08007428                decode_actuation_type
 .text.decode_actuation_message_contents
                0x0800747c       0x30 Src/main.o
                0x0800747c                decode_actuation_message_contents
 .text.deletePreviousState
                0x080074ac       0x34 Src/main.o
                0x080074ac                deletePreviousState
 .text.McpsIndication
                0x080074e0      0x40c Src/main.o
 *fill*         0x080078ec        0x4 
 .text.parseSensorString
                0x080078f0      0x1a4 Src/main.o
                0x080078f0                parseSensorString
 .text.PrepareTxFrame
                0x08007a94      0x118 Src/main.o
 *fill*         0x08007bac        0x4 
 .text.parseADCLuxToLedBrightness
                0x08007bb0       0x40 Src/main.o
                0x08007bb0                parseADCLuxToLedBrightness
 .text.main     0x08007bf0      0x35c Src/main.o
                0x08007bf0                main
 .text.pb_field_iter_begin
                0x08007f4c       0x24 Src/pb_common.o
                0x08007f4c                pb_field_iter_begin
 .text.pb_field_iter_next
                0x08007f70       0x7c Src/pb_common.o
                0x08007f70                pb_field_iter_next
 .text.pb_field_iter_find
                0x08007fec       0x30 Src/pb_common.o
                0x08007fec                pb_field_iter_find
 .text.buf_read
                0x0800801c       0x24 Src/pb_decode.o
 .text.pb_readbyte
                0x08008040       0x3c Src/pb_decode.o
 .text.decode_pointer_field
                0x0800807c       0x10 Src/pb_decode.o
 .text.iter_from_extension
                0x0800808c       0x2c Src/pb_decode.o
 .text.find_extension_field
                0x080080b8       0x28 Src/pb_decode.o
 .text.pb_field_set_to_default
                0x080080e0       0xb8 Src/pb_decode.o
 .text.pb_message_set_to_defaults
                0x08008198       0x28 Src/pb_decode.o
 .text.pb_read  0x080081c0       0x7c Src/pb_decode.o
                0x080081c0                pb_read
 .text.pb_skip_varint
                0x0800823c       0x24 Src/pb_decode.o
 .text.read_raw_value
                0x08008260       0x74 Src/pb_decode.o
 .text.pb_istream_from_buffer
                0x080082d4       0x18 Src/pb_decode.o
                0x080082d4                pb_istream_from_buffer
 .text.pb_decode_varint32
                0x080082ec       0x6c Src/pb_decode.o
                0x080082ec                pb_decode_varint32
 .text.pb_skip_string
                0x08008358       0x24 Src/pb_decode.o
 .text.pb_dec_fixed_length_bytes
                0x0800837c       0x60 Src/pb_decode.o
 .text.pb_dec_string
                0x080083dc       0x70 Src/pb_decode.o
 .text.pb_dec_bytes
                0x0800844c       0x80 Src/pb_decode.o
 .text.pb_decode_varint
                0x080084cc       0x78 Src/pb_decode.o
                0x080084cc                pb_decode_varint
 .text.pb_dec_uvarint
                0x08008544       0x84 Src/pb_decode.o
 .text.pb_dec_varint
                0x080085c8       0x88 Src/pb_decode.o
 .text.pb_decode_tag
                0x08008650       0x48 Src/pb_decode.o
                0x08008650                pb_decode_tag
 .text.pb_skip_field
                0x08008698       0x40 Src/pb_decode.o
                0x08008698                pb_skip_field
 .text.pb_make_string_substream
                0x080086d8       0x40 Src/pb_decode.o
                0x080086d8                pb_make_string_substream
 .text.pb_close_string_substream
                0x08008718       0x24 Src/pb_decode.o
                0x08008718                pb_close_string_substream
 .text.decode_static_field
                0x0800873c      0x130 Src/pb_decode.o
 .text.decode_callback_field
                0x0800886c       0x98 Src/pb_decode.o
 .text.decode_field
                0x08008904       0x38 Src/pb_decode.o
 .text.default_extension_decoder
                0x0800893c       0x30 Src/pb_decode.o
 .text.decode_extension
                0x0800896c       0x50 Src/pb_decode.o
 .text.pb_decode_noinit
                0x080089bc      0x14c Src/pb_decode.o
                0x080089bc                pb_decode_noinit
 .text.pb_decode
                0x08008b08       0x1c Src/pb_decode.o
                0x08008b08                pb_decode
 .text.pb_dec_submessage
                0x08008b24       0x68 Src/pb_decode.o
 .text.pb_decode_svarint
                0x08008b8c       0x40 Src/pb_decode.o
                0x08008b8c                pb_decode_svarint
 .text.pb_dec_svarint
                0x08008bcc       0x84 Src/pb_decode.o
 .text.pb_decode_fixed32
                0x08008c50       0x38 Src/pb_decode.o
                0x08008c50                pb_decode_fixed32
 .text.pb_dec_fixed32
                0x08008c88        0xc Src/pb_decode.o
 .text.pb_decode_fixed64
                0x08008c94       0x78 Src/pb_decode.o
                0x08008c94                pb_decode_fixed64
 .text.pb_dec_fixed64
                0x08008d0c        0xc Src/pb_decode.o
 .text.buf_write
                0x08008d18       0x1c Src/pb_encode.o
 .text.encode_callback_field
                0x08008d34       0x28 Src/pb_encode.o
 .text.pb_const_cast
                0x08008d5c        0x4 Src/pb_encode.o
 .text.pb_check_proto3_default_value
                0x08008d60       0xcc Src/pb_encode.o
 .text.pb_ostream_from_buffer
                0x08008e2c       0x18 Src/pb_encode.o
                0x08008e2c                pb_ostream_from_buffer
 .text.pb_write
                0x08008e44       0x48 Src/pb_encode.o
                0x08008e44                pb_write
 .text.pb_encode_varint
                0x08008e8c       0x5c Src/pb_encode.o
                0x08008e8c                pb_encode_varint
 .text.pb_enc_uvarint
                0x08008ee8       0x40 Src/pb_encode.o
 .text.pb_enc_varint
                0x08008f28       0x44 Src/pb_encode.o
 .text.pb_encode_svarint
                0x08008f6c       0x20 Src/pb_encode.o
                0x08008f6c                pb_encode_svarint
 .text.pb_enc_svarint
                0x08008f8c       0x44 Src/pb_encode.o
 .text.pb_encode_fixed32
                0x08008fd0       0x30 Src/pb_encode.o
                0x08008fd0                pb_encode_fixed32
 .text.pb_enc_fixed32
                0x08009000        0xc Src/pb_encode.o
 .text.pb_encode_fixed64
                0x0800900c       0x4c Src/pb_encode.o
                0x0800900c                pb_encode_fixed64
 .text.pb_enc_fixed64
                0x08009058        0xc Src/pb_encode.o
 .text.pb_encode_tag
                0x08009064       0x14 Src/pb_encode.o
                0x08009064                pb_encode_tag
 .text.pb_encode_tag_for_field
                0x08009078       0x44 Src/pb_encode.o
                0x08009078                pb_encode_tag_for_field
 .text.encode_array
                0x080090bc      0x130 Src/pb_encode.o
 .text.encode_basic_field
                0x080091ec      0x10c Src/pb_encode.o
 .text.encode_field
                0x080092f8       0x30 Src/pb_encode.o
 .text.default_extension_encoder
                0x08009328       0x24 Src/pb_encode.o
 .text.encode_extension_field
                0x0800934c       0x30 Src/pb_encode.o
 .text.pb_encode
                0x0800937c       0x58 Src/pb_encode.o
                0x0800937c                pb_encode
 .text.pb_encode_string
                0x080093d4       0x24 Src/pb_encode.o
                0x080093d4                pb_encode_string
 .text.pb_enc_fixed_length_bytes
                0x080093f8       0x10 Src/pb_encode.o
 .text.pb_enc_string
                0x08009408       0x38 Src/pb_encode.o
 .text.pb_enc_bytes
                0x08009440       0x3c Src/pb_encode.o
 .text.pb_encode_submessage
                0x0800947c       0xa8 Src/pb_encode.o
                0x0800947c                pb_encode_submessage
 .text.pb_enc_submessage
                0x08009524       0x20 Src/pb_encode.o
 .text.RtcCheckCalendarRollOver
                0x08009544       0x2c Src/rtc-board.o
 .text.RtcGetCalendar
                0x08009570       0x44 Src/rtc-board.o
 *fill*         0x080095b4        0x4 
 .text.RtcComputeTimerTimeToAlarmTick
                0x080095b8      0x208 Src/rtc-board.o
 .text.RtcStartWakeUpAlarm
                0x080097c0       0x8c Src/rtc-board.o
 *fill*         0x0800984c        0x4 
 .text.RtcConvertCalendarTickToTimerTime
                0x08009850      0x134 Src/rtc-board.o
 .text.RtcComputeWakeUpTime
                0x08009984       0x84 Src/rtc-board.o
 .text.RtcInit  0x08009a08       0xa0 Src/rtc-board.o
                0x08009a08                RtcInit
 .text.RtcSetTimeout
                0x08009aa8        0x8 Src/rtc-board.o
                0x08009aa8                RtcSetTimeout
 .text.RtcGetAdjustedTimeoutValue
                0x08009ab0       0x4c Src/rtc-board.o
                0x08009ab0                RtcGetAdjustedTimeoutValue
 .text.RtcGetTimerValue
                0x08009afc        0xc Src/rtc-board.o
                0x08009afc                RtcGetTimerValue
 .text.RtcGetElapsedAlarmTime
                0x08009b08       0x38 Src/rtc-board.o
                0x08009b08                RtcGetElapsedAlarmTime
 .text.RtcComputeElapsedTime
                0x08009b40       0x38 Src/rtc-board.o
                0x08009b40                RtcComputeElapsedTime
 .text.RtcEnterLowPowerStopMode
                0x08009b78       0x40 Src/rtc-board.o
                0x08009b78                RtcEnterLowPowerStopMode
 .text.RtcRecoverMcuStatus
                0x08009bb8       0x48 Src/rtc-board.o
                0x08009bb8                RtcRecoverMcuStatus
 .text.BlockLowPowerDuringTask
                0x08009c00       0x18 Src/rtc-board.o
                0x08009c00                BlockLowPowerDuringTask
 .text.RTC_Alarm_IRQHandler
                0x08009c18       0x2c Src/rtc-board.o
                0x08009c18                RTC_Alarm_IRQHandler
 .text.SpiDeInit
                0x08009c44       0x5c Src/spi-board.o
                0x08009c44                SpiDeInit
 .text.SpiFormat
                0x08009ca0       0x38 Src/spi-board.o
                0x08009ca0                SpiFormat
 .text.SpiFrequency
                0x08009cd8       0x44 Src/spi-board.o
                0x08009cd8                SpiFrequency
 .text.SpiInit  0x08009d1c      0x1a0 Src/spi-board.o
                0x08009d1c                SpiInit
 .text.SpiInOut
                0x08009ebc       0x38 Src/spi-board.o
                0x08009ebc                SpiInOut
 .text.SX1272CheckRfFrequency
                0x08009ef4        0x4 Src/sx1272-board.o
                0x08009ef4                SX1272CheckRfFrequency
 .text.SX1272IoInit
                0x08009ef8       0x90 Src/sx1272-board.o
                0x08009ef8                SX1272IoInit
 .text.SX1272IoIrqInit
                0x08009f88       0x60 Src/sx1272-board.o
                0x08009f88                SX1272IoIrqInit
 .text.SX1272IoDeInit
                0x08009fe8       0x8c Src/sx1272-board.o
                0x08009fe8                SX1272IoDeInit
 .text.SX1272GetPaSelect
                0x0800a074        0x4 Src/sx1272-board.o
                0x0800a074                SX1272GetPaSelect
 .text.SX1272SetRfTxPower
                0x0800a078       0xb4 Src/sx1272-board.o
                0x0800a078                SX1272SetRfTxPower
 .text.SX1272AntSwInit
                0x0800a12c       0x34 Src/sx1272-board.o
                0x0800a12c                SX1272AntSwInit
 .text.SX1272AntSwDeInit
                0x0800a160       0x34 Src/sx1272-board.o
                0x0800a160                SX1272AntSwDeInit
 .text.SX1272SetAntSwLowPower
                0x0800a194       0x20 Src/sx1272-board.o
                0x0800a194                SX1272SetAntSwLowPower
 .text.SX1272SetAntSw
                0x0800a1b4       0x34 Src/sx1272-board.o
                0x0800a1b4                SX1272SetAntSw
 .text.GetFskBandwidthRegValue
                0x0800a1e8       0x38 Src/sx1272.o
 .text.SX1272OnDio4Irq
                0x0800a220       0x20 Src/sx1272.o
                0x0800a220                SX1272OnDio4Irq
 .text.SX1272GetStatus
                0x0800a240        0xc Src/sx1272.o
                0x0800a240                SX1272GetStatus
 .text.SX1272Reset
                0x0800a24c       0x40 Src/sx1272.o
                0x0800a24c                SX1272Reset
 .text.SX1272WriteBuffer
                0x0800a28c       0x44 Src/sx1272.o
                0x0800a28c                SX1272WriteBuffer
 .text.SX1272Write
                0x0800a2d0       0x18 Src/sx1272.o
                0x0800a2d0                SX1272Write
 .text.SX1272SetChannel
                0x0800a2e8       0x4c Src/sx1272.o
                0x0800a2e8                SX1272SetChannel
 .text.SX1272ReadBuffer
                0x0800a334       0x48 Src/sx1272.o
                0x0800a334                SX1272ReadBuffer
 .text.SX1272Read
                0x0800a37c       0x18 Src/sx1272.o
                0x0800a37c                SX1272Read
 *fill*         0x0800a394        0x4 
 .text.SX1272GetTimeOnAir
                0x0800a398      0x23c Src/sx1272.o
                0x0800a398                SX1272GetTimeOnAir
 .text.SX1272ReadRssi
                0x0800a5d4       0x2c Src/sx1272.o
                0x0800a5d4                SX1272ReadRssi
 .text.SX1272SetOpMode
                0x0800a600       0x34 Src/sx1272.o
                0x0800a600                SX1272SetOpMode
 .text.SX1272SetSleep
                0x0800a634       0x2c Src/sx1272.o
                0x0800a634                SX1272SetSleep
 .text.SX1272SetStby
                0x0800a660       0x2c Src/sx1272.o
                0x0800a660                SX1272SetStby
 .text.SX1272SetRx
                0x0800a68c      0x16c Src/sx1272.o
                0x0800a68c                SX1272SetRx
 .text.SX1272SetTx
                0x0800a7f8       0xb0 Src/sx1272.o
                0x0800a7f8                SX1272SetTx
 .text.SX1272StartCad
                0x0800a8a8       0x38 Src/sx1272.o
                0x0800a8a8                SX1272StartCad
 .text.SX1272SetModem
                0x0800a8e0       0x88 Src/sx1272.o
                0x0800a8e0                SX1272SetModem
 .text.SX1272Init
                0x0800a968       0x8c Src/sx1272.o
                0x0800a968                SX1272Init
 .text.SX1272IsChannelFree
                0x0800a9f4       0x38 Src/sx1272.o
                0x0800a9f4                SX1272IsChannelFree
 .text.SX1272Random
                0x0800aa2c       0x40 Src/sx1272.o
                0x0800aa2c                SX1272Random
 *fill*         0x0800aa6c        0x4 
 .text.SX1272SetRxConfig
                0x0800aa70      0x2a8 Src/sx1272.o
                0x0800aa70                SX1272SetRxConfig
 .text.SX1272SetTxConfig
                0x0800ad18      0x24c Src/sx1272.o
                0x0800ad18                SX1272SetTxConfig
 .text.SX1272SetTxContinuousWave
                0x0800af64       0x94 Src/sx1272.o
                0x0800af64                SX1272SetTxContinuousWave
 .text.SX1272OnDio2Irq
                0x0800aff8       0xfc Src/sx1272.o
                0x0800aff8                SX1272OnDio2Irq
 .text.SX1272OnDio3Irq
                0x0800b0f4       0x54 Src/sx1272.o
                0x0800b0f4                SX1272OnDio3Irq
 .text.SX1272WriteFifo
                0x0800b148       0x10 Src/sx1272.o
                0x0800b148                SX1272WriteFifo
 .text.SX1272Send
                0x0800b158      0x120 Src/sx1272.o
                0x0800b158                SX1272Send
 .text.SX1272ReadFifo
                0x0800b278       0x10 Src/sx1272.o
                0x0800b278                SX1272ReadFifo
 .text.SX1272OnDio0Irq
                0x0800b288      0x2a8 Src/sx1272.o
                0x0800b288                SX1272OnDio0Irq
 .text.SX1272OnDio1Irq
                0x0800b530      0x118 Src/sx1272.o
                0x0800b530                SX1272OnDio1Irq
 .text.SX1272SetMaxPayloadLength
                0x0800b648       0x34 Src/sx1272.o
                0x0800b648                SX1272SetMaxPayloadLength
 .text.SX1272SetPublicNetwork
                0x0800b67c       0x2c Src/sx1272.o
                0x0800b67c                SX1272SetPublicNetwork
 .text.SX1272OnTimeoutIrq
                0x0800b6a8       0xe4 Src/sx1272.o
                0x0800b6a8                SX1272OnTimeoutIrq
 .text.NMI_Handler
                0x0800b78c        0x4 Src/sysIrqHandlers.o
                0x0800b78c                NMI_Handler
 .text.MemManage_Handler
                0x0800b790        0x4 Src/sysIrqHandlers.o
                0x0800b790                MemManage_Handler
 .text.BusFault_Handler
                0x0800b794        0x4 Src/sysIrqHandlers.o
                0x0800b794                BusFault_Handler
 .text.UsageFault_Handler
                0x0800b798        0x4 Src/sysIrqHandlers.o
                0x0800b798                UsageFault_Handler
 .text.DebugMon_Handler
                0x0800b79c        0x4 Src/sysIrqHandlers.o
                0x0800b79c                DebugMon_Handler
 .text.SystemInit
                0x0800b7a0       0x48 Src/system_stm32l1xx.o
                0x0800b7a0                SystemInit
 .text.TimerInsertTimer
                0x0800b7e8       0x5c Src/timer.o
 .text.TimerExists
                0x0800b844       0x1c Src/timer.o
 .text.TimerSetTimeout
                0x0800b860       0x1c Src/timer.o
 .text.TimerInsertNewHeadTimer
                0x0800b87c       0x28 Src/timer.o
 .text.TimerInit
                0x0800b8a4       0x10 Src/timer.o
                0x0800b8a4                TimerInit
 .text.TimerGetValue
                0x0800b8b4        0x8 Src/timer.o
                0x0800b8b4                TimerGetValue
 .text.TimerStart
                0x0800b8bc       0x68 Src/timer.o
                0x0800b8bc                TimerStart
 .text.TimerIrqHandler
                0x0800b924       0x54 Src/timer.o
                0x0800b924                TimerIrqHandler
 .text.TimerStop
                0x0800b978       0xa0 Src/timer.o
                0x0800b978                TimerStop
 .text.TimerSetValue
                0x0800ba18       0x10 Src/timer.o
                0x0800ba18                TimerSetValue
 .text.TimerGetCurrentTime
                0x0800ba28        0x8 Src/timer.o
                0x0800ba28                TimerGetCurrentTime
 .text.TimerGetElapsedTime
                0x0800ba30        0x8 Src/timer.o
                0x0800ba30                TimerGetElapsedTime
 .text.TimerLowPowerHandler
                0x0800ba38       0x3c Src/timer.o
                0x0800ba38                TimerLowPowerHandler
 .text.UartMcuInit
                0x0800ba74       0x64 Src/uart-board.o
                0x0800ba74                UartMcuInit
 .text.UartMcuConfig
                0x0800bad8       0xe4 Src/uart-board.o
                0x0800bad8                UartMcuConfig
 .text.UartMcuPutChar
                0x0800bbbc       0x48 Src/uart-board.o
                0x0800bbbc                UartMcuPutChar
 .text.UartMcuGetChar
                0x0800bc04       0x2c Src/uart-board.o
                0x0800bc04                UartMcuGetChar
 .text.HAL_UART_TxCpltCallback
                0x0800bc30       0x44 Src/uart-board.o
                0x0800bc30                HAL_UART_TxCpltCallback
 .text.HAL_UART_RxCpltCallback
                0x0800bc74       0x44 Src/uart-board.o
                0x0800bc74                HAL_UART_RxCpltCallback
 .text.HAL_UART_ErrorCallback
                0x0800bcb8       0x18 Src/uart-board.o
                0x0800bcb8                HAL_UART_ErrorCallback
 .text.USART1_IRQHandler
                0x0800bcd0       0x10 Src/uart-board.o
                0x0800bcd0                USART1_IRQHandler
 .text.UartReEnableRx
                0x0800bce0       0x18 Src/uart-board.o
                0x0800bce0                UartReEnableRx
 .text.UartInit
                0x0800bcf8       0x14 Src/uart.o
                0x0800bcf8                UartInit
 .text.UartConfig
                0x0800bd0c       0x24 Src/uart.o
                0x0800bd0c                UartConfig
 .text.UartPutChar
                0x0800bd30       0x14 Src/uart.o
                0x0800bd30                UartPutChar
 .text.UartGetChar
                0x0800bd44       0x14 Src/uart.o
                0x0800bd44                UartGetChar
 .text.UartPutBuffer
                0x0800bd58       0x40 Src/uart.o
                0x0800bd58                UartPutBuffer
 .text.UartGetBuffer
                0x0800bd98       0x34 Src/uart.o
                0x0800bd98                UartGetBuffer
 .text.rand1    0x0800bdcc       0x30 Src/utilities.o
                0x0800bdcc                rand1
 .text.srand1   0x0800bdfc        0xc Src/utilities.o
                0x0800bdfc                srand1
 .text.randr    0x0800be08       0x1c Src/utilities.o
                0x0800be08                randr
 .text.memcpy1  0x0800be24       0x18 Src/utilities.o
                0x0800be24                memcpy1
 .text.memcpyr  0x0800be3c       0x1c Src/utilities.o
                0x0800be3c                memcpyr
 .text.memset1  0x0800be58       0x14 Src/utilities.o
                0x0800be58                memset1
 .text.Reset_Handler
                0x0800be6c       0x48 startup/startup_stm32l151xb.o
                0x0800be6c                Reset_Handler
 .text.Default_Handler
                0x0800beb4        0x2 startup/startup_stm32l151xb.o
                0x0800beb4                HardFault_Handler
                0x0800beb4                TIM10_IRQHandler
                0x0800beb4                USB_HP_IRQHandler
                0x0800beb4                TIM6_IRQHandler
                0x0800beb4                PVD_IRQHandler
                0x0800beb4                PendSV_Handler
                0x0800beb4                I2C2_EV_IRQHandler
                0x0800beb4                SPI1_IRQHandler
                0x0800beb4                USB_FS_WKUP_IRQHandler
                0x0800beb4                DMA1_Channel4_IRQHandler
                0x0800beb4                ADC1_IRQHandler
                0x0800beb4                USART3_IRQHandler
                0x0800beb4                DMA1_Channel7_IRQHandler
                0x0800beb4                TIM4_IRQHandler
                0x0800beb4                I2C1_EV_IRQHandler
                0x0800beb4                DMA1_Channel6_IRQHandler
                0x0800beb4                TIM3_IRQHandler
                0x0800beb4                RCC_IRQHandler
                0x0800beb4                DMA1_Channel1_IRQHandler
                0x0800beb4                Default_Handler
                0x0800beb4                TIM7_IRQHandler
                0x0800beb4                TIM9_IRQHandler
                0x0800beb4                TAMPER_STAMP_IRQHandler
                0x0800beb4                RTC_WKUP_IRQHandler
                0x0800beb4                SPI2_IRQHandler
                0x0800beb4                SVC_Handler
                0x0800beb4                DMA1_Channel5_IRQHandler
                0x0800beb4                USB_LP_IRQHandler
                0x0800beb4                DMA1_Channel3_IRQHandler
                0x0800beb4                COMP_IRQHandler
                0x0800beb4                WWDG_IRQHandler
                0x0800beb4                TIM2_IRQHandler
                0x0800beb4                DAC_IRQHandler
                0x0800beb4                TIM11_IRQHandler
                0x0800beb4                USART2_IRQHandler
                0x0800beb4                I2C2_ER_IRQHandler
                0x0800beb4                DMA1_Channel2_IRQHandler
                0x0800beb4                FLASH_IRQHandler
                0x0800beb4                I2C1_ER_IRQHandler
 *fill*         0x0800beb6        0x2 
 .text.ceil     0x0800beb8      0x110 /home/thepro/Ac6/SystemWorkbench/plugins/fr.ac6.mcu.externaltools.arm-none.linux64_1.13.1.201707031232/tools/compiler/bin/../lib/gcc/arm-none-eabi/5.4.1/../../../../arm-none-eabi/lib/armv7-m/libm.a(lib_a-s_ceil.o)
                0x0800beb8                ceil
 .text.floor    0x0800bfc8      0x110 /home/thepro/Ac6/SystemWorkbench/plugins/fr.ac6.mcu.externaltools.arm-none.linux64_1.13.1.201707031232/tools/compiler/bin/../lib/gcc/arm-none-eabi/5.4.1/../../../../arm-none-eabi/lib/armv7-m/libm.a(lib_a-s_floor.o)
                0x0800bfc8                floor
 .text.round    0x0800c0d8       0xa0 /home/thepro/Ac6/SystemWorkbench/plugins/fr.ac6.mcu.externaltools.arm-none.linux64_1.13.1.201707031232/tools/compiler/bin/../lib/gcc/arm-none-eabi/5.4.1/../../../../arm-none-eabi/lib/armv7-m/libm.a(lib_a-s_round.o)
                0x0800c0d8                round
 .text.atoi     0x0800c178        0x8 /home/thepro/Ac6/SystemWorkbench/plugins/fr.ac6.mcu.externaltools.arm-none.linux64_1.13.1.201707031232/tools/compiler/bin/../lib/gcc/arm-none-eabi/5.4.1/../../../../arm-none-eabi/lib/armv7-m/libc_nano.a(lib_a-atoi.o)
                0x0800c178                atoi
 .text.__libc_init_array
                0x0800c180       0x4c /home/thepro/Ac6/SystemWorkbench/plugins/fr.ac6.mcu.externaltools.arm-none.linux64_1.13.1.201707031232/tools/compiler/bin/../lib/gcc/arm-none-eabi/5.4.1/../../../../arm-none-eabi/lib/armv7-m/libc_nano.a(lib_a-init.o)
                0x0800c180                __libc_init_array
 .text.memcpy   0x0800c1cc       0x16 /home/thepro/Ac6/SystemWorkbench/plugins/fr.ac6.mcu.externaltools.arm-none.linux64_1.13.1.201707031232/tools/compiler/bin/../lib/gcc/arm-none-eabi/5.4.1/../../../../arm-none-eabi/lib/armv7-m/libc_nano.a(lib_a-memcpy-stub.o)
                0x0800c1cc                memcpy
 .text.memset   0x0800c1e2       0x10 /home/thepro/Ac6/SystemWorkbench/plugins/fr.ac6.mcu.externaltools.arm-none.linux64_1.13.1.201707031232/tools/compiler/bin/../lib/gcc/arm-none-eabi/5.4.1/../../../../arm-none-eabi/lib/armv7-m/libc_nano.a(lib_a-memset.o)
                0x0800c1e2                memset
 *fill*         0x0800c1f2        0x2 
 .text.strtok   0x0800c1f4       0x64 /home/thepro/Ac6/SystemWorkbench/plugins/fr.ac6.mcu.externaltools.arm-none.linux64_1.13.1.201707031232/tools/compiler/bin/../lib/gcc/arm-none-eabi/5.4.1/../../../../arm-none-eabi/lib/armv7-m/libc_nano.a(lib_a-strtok.o)
                0x0800c1f4                strtok
 .text.__strtok_r
                0x0800c258       0x56 /home/thepro/Ac6/SystemWorkbench/plugins/fr.ac6.mcu.externaltools.arm-none.linux64_1.13.1.201707031232/tools/compiler/bin/../lib/gcc/arm-none-eabi/5.4.1/../../../../arm-none-eabi/lib/armv7-m/libc_nano.a(lib_a-strtok_r.o)
                0x0800c258                __strtok_r
 .text._strtol_l.isra.0
                0x0800c2ae      0x110 /home/thepro/Ac6/SystemWorkbench/plugins/fr.ac6.mcu.externaltools.arm-none.linux64_1.13.1.201707031232/tools/compiler/bin/../lib/gcc/arm-none-eabi/5.4.1/../../../../arm-none-eabi/lib/armv7-m/libc_nano.a(lib_a-strtol.o)
 *fill*         0x0800c3be        0x2 
 .text.strtol   0x0800c3c0       0x2c /home/thepro/Ac6/SystemWorkbench/plugins/fr.ac6.mcu.externaltools.arm-none.linux64_1.13.1.201707031232/tools/compiler/bin/../lib/gcc/arm-none-eabi/5.4.1/../../../../arm-none-eabi/lib/armv7-m/libc_nano.a(lib_a-strtol.o)
                0x0800c3c0                strtol
 .text.__locale_ctype_ptr_l
                0x0800c3ec        0x6 /home/thepro/Ac6/SystemWorkbench/plugins/fr.ac6.mcu.externaltools.arm-none.linux64_1.13.1.201707031232/tools/compiler/bin/../lib/gcc/arm-none-eabi/5.4.1/../../../../arm-none-eabi/lib/armv7-m/libc_nano.a(lib_a-locale.o)
                0x0800c3ec                __locale_ctype_ptr_l
 *fill*         0x0800c3f2        0x2 
 .text.malloc   0x0800c3f4       0x10 /home/thepro/Ac6/SystemWorkbench/plugins/fr.ac6.mcu.externaltools.arm-none.linux64_1.13.1.201707031232/tools/compiler/bin/../lib/gcc/arm-none-eabi/5.4.1/../../../../arm-none-eabi/lib/armv7-m/libc_nano.a(lib_a-malloc.o)
                0x0800c3f4                malloc
 .text.__ascii_mbtowc
                0x0800c404       0x24 /home/thepro/Ac6/SystemWorkbench/plugins/fr.ac6.mcu.externaltools.arm-none.linux64_1.13.1.201707031232/tools/compiler/bin/../lib/gcc/arm-none-eabi/5.4.1/../../../../arm-none-eabi/lib/armv7-m/libc_nano.a(lib_a-mbtowc_r.o)
                0x0800c404                __ascii_mbtowc
 .text._malloc_r
                0x0800c428       0xbc /home/thepro/Ac6/SystemWorkbench/plugins/fr.ac6.mcu.externaltools.arm-none.linux64_1.13.1.201707031232/tools/compiler/bin/../lib/gcc/arm-none-eabi/5.4.1/../../../../arm-none-eabi/lib/armv7-m/libc_nano.a(lib_a-nano-mallocr.o)
                0x0800c428                _malloc_r
 .text._sbrk_r  0x0800c4e4       0x20 /home/thepro/Ac6/SystemWorkbench/plugins/fr.ac6.mcu.externaltools.arm-none.linux64_1.13.1.201707031232/tools/compiler/bin/../lib/gcc/arm-none-eabi/5.4.1/../../../../arm-none-eabi/lib/armv7-m/libc_nano.a(lib_a-sbrkr.o)
                0x0800c4e4                _sbrk_r
 .text.__ascii_wctomb
                0x0800c504       0x1a /home/thepro/Ac6/SystemWorkbench/plugins/fr.ac6.mcu.externaltools.arm-none.linux64_1.13.1.201707031232/tools/compiler/bin/../lib/gcc/arm-none-eabi/5.4.1/../../../../arm-none-eabi/lib/armv7-m/libc_nano.a(lib_a-wctomb_r.o)
                0x0800c504                __ascii_wctomb
 .text.__malloc_lock
                0x0800c51e        0x2 /home/thepro/Ac6/SystemWorkbench/plugins/fr.ac6.mcu.externaltools.arm-none.linux64_1.13.1.201707031232/tools/compiler/bin/../lib/gcc/arm-none-eabi/5.4.1/../../../../arm-none-eabi/lib/armv7-m/libc_nano.a(lib_a-mlock.o)
                0x0800c51e                __malloc_lock
 .text.__malloc_unlock
                0x0800c520        0x2 /home/thepro/Ac6/SystemWorkbench/plugins/fr.ac6.mcu.externaltools.arm-none.linux64_1.13.1.201707031232/tools/compiler/bin/../lib/gcc/arm-none-eabi/5.4.1/../../../../arm-none-eabi/lib/armv7-m/libc_nano.a(lib_a-mlock.o)
                0x0800c520                __malloc_unlock
 *fill*         0x0800c522        0x2 
 .text._sbrk    0x0800c524       0x1c /home/thepro/Ac6/SystemWorkbench/plugins/fr.ac6.mcu.externaltools.arm-none.linux64_1.13.1.201707031232/tools/compiler/bin/../lib/gcc/arm-none-eabi/5.4.1/../../../../arm-none-eabi/lib/armv7-m/libnosys.a(sbrk.o)
                0x0800c524                _sbrk
 *(.glue_7)
 .glue_7        0x0800c540        0x0 linker stubs
 *(.glue_7t)
 .glue_7t       0x0800c540        0x0 linker stubs
 *(.eh_frame)
 .eh_frame      0x0800c540        0x0 /home/thepro/Ac6/SystemWorkbench/plugins/fr.ac6.mcu.externaltools.arm-none.linux64_1.13.1.201707031232/tools/compiler/bin/../lib/gcc/arm-none-eabi/5.4.1/armv7-m/crtbegin.o
 *(.init)
 .init          0x0800c540        0x4 /home/thepro/Ac6/SystemWorkbench/plugins/fr.ac6.mcu.externaltools.arm-none.linux64_1.13.1.201707031232/tools/compiler/bin/../lib/gcc/arm-none-eabi/5.4.1/armv7-m/crti.o
                0x0800c540                _init
 .init          0x0800c544        0x8 /home/thepro/Ac6/SystemWorkbench/plugins/fr.ac6.mcu.externaltools.arm-none.linux64_1.13.1.201707031232/tools/compiler/bin/../lib/gcc/arm-none-eabi/5.4.1/armv7-m/crtn.o
 *(.fini)
 .fini          0x0800c54c        0x4 /home/thepro/Ac6/SystemWorkbench/plugins/fr.ac6.mcu.externaltools.arm-none.linux64_1.13.1.201707031232/tools/compiler/bin/../lib/gcc/arm-none-eabi/5.4.1/armv7-m/crti.o
                0x0800c54c                _fini
 .fini          0x0800c550        0x8 /home/thepro/Ac6/SystemWorkbench/plugins/fr.ac6.mcu.externaltools.arm-none.linux64_1.13.1.201707031232/tools/compiler/bin/../lib/gcc/arm-none-eabi/5.4.1/armv7-m/crtn.o
                0x0800c558                . = ALIGN (0x4)
                0x0800c558                _etext = .

.vfp11_veneer   0x0800c558        0x0
 .vfp11_veneer  0x0800c558        0x0 linker stubs

.v4_bx          0x0800c558        0x0
 .v4_bx         0x0800c558        0x0 linker stubs

.iplt           0x0800c558        0x0
 .iplt          0x0800c558        0x0 /home/thepro/Ac6/SystemWorkbench/plugins/fr.ac6.mcu.externaltools.arm-none.linux64_1.13.1.201707031232/tools/compiler/bin/../lib/gcc/arm-none-eabi/5.4.1/armv7-m/crtbegin.o

.rodata         0x0800c558      0x8f8
                0x0800c558                . = ALIGN (0x4)
 *(.rodata)
 .rodata        0x0800c558       0x48 Src/LoRaMac.o
                0x0800c558                Datarates
                0x0800c560                MaxPayloadOfDatarateRepeater
                0x0800c568                MaxPayloadOfDatarate
                0x0800c570                Bandwidths
                0x0800c590                TxPowers
 .rodata        0x0800c5a0       0xd8 Src/actuated.pb.o
                0x0800c5a0                targetConfigurations_fields
                0x0800c5e8                targetLiFiParams_fields
                0x0800c5fc                targetAutoLuxParams_fields
                0x0800c61c                targetAutoTimerParams_fields
                0x0800c63c                targetManualControlParams_fields
                0x0800c650                targetControlPolicy_fields
                0x0800c664                targetPowerStateParams_fields
 .rodata        0x0800c678      0x300 Src/aes.o
 .rodata        0x0800c978       0x28 Src/pb_decode.o
 .rodata        0x0800c9a0       0x28 Src/pb_encode.o
 .rodata        0x0800c9c8       0x18 Src/rtc-board.o
 .rodata        0x0800c9e0       0x50 Src/sensed.pb.o
                0x0800c9e0                sensor_values_fields
 .rodata        0x0800ca30       0x5c Src/sx1272-board.o
                0x0800ca30                Radio
 .rodata        0x0800ca8c       0xe3 Src/sx1272.o
                0x0800ca8c                FskBandwidths
                0x0800cb3c                RadioRegsInit
 *fill*         0x0800cb6f        0x1 
 .rodata        0x0800cb70       0x24 Src/system_stm32l1xx.o
                0x0800cb70                PLLMulTable
                0x0800cb7c                AHBPrescTable
                0x0800cb8c                APBPrescTable
 *(.rodata*)
 .rodata.str1.4
                0x0800cb94        0x2 Src/main.o
 *fill*         0x0800cb96        0x2 
 .rodata.str1.4
                0x0800cb98      0x14d Src/pb_decode.o
 *fill*         0x0800cce5        0x3 
 .rodata.str1.4
                0x0800cce8       0x5c Src/pb_encode.o
                                 0xc1 (size before relaxing)
 .rodata.str1.1
                0x0800cd44        0xa /home/thepro/Ac6/SystemWorkbench/plugins/fr.ac6.mcu.externaltools.arm-none.linux64_1.13.1.201707031232/tools/compiler/bin/../lib/gcc/arm-none-eabi/5.4.1/../../../../arm-none-eabi/lib/armv7-m/libc_nano.a(lib_a-locale.o)
                                  0xb (size before relaxing)
 .rodata._ctype_
                0x0800cd4e      0x101 /home/thepro/Ac6/SystemWorkbench/plugins/fr.ac6.mcu.externaltools.arm-none.linux64_1.13.1.201707031232/tools/compiler/bin/../lib/gcc/arm-none-eabi/5.4.1/../../../../arm-none-eabi/lib/armv7-m/libc_nano.a(lib_a-ctype_.o)
                0x0800cd4e                _ctype_
                0x0800ce50                . = ALIGN (0x4)
 *fill*         0x0800ce4f        0x1 

.rel.dyn        0x0800ce50        0x0
 .rel.iplt      0x0800ce50        0x0 /home/thepro/Ac6/SystemWorkbench/plugins/fr.ac6.mcu.externaltools.arm-none.linux64_1.13.1.201707031232/tools/compiler/bin/../lib/gcc/arm-none-eabi/5.4.1/armv7-m/crtbegin.o

.ARM.extab
 *(.ARM.extab* .gnu.linkonce.armextab.*)

.ARM            0x0800ce50        0x0
                0x0800ce50                __exidx_start = .
 *(.ARM.exidx*)
                0x0800ce50                __exidx_end = .

.preinit_array  0x0800ce50        0x0
                0x0800ce50                PROVIDE (__preinit_array_start, .)
 *(.preinit_array*)
                0x0800ce50                PROVIDE (__preinit_array_end, .)

.init_array     0x0800ce50        0x4
                0x0800ce50                PROVIDE (__init_array_start, .)
 *(SORT(.init_array.*))
 *(.init_array*)
 .init_array    0x0800ce50        0x4 /home/thepro/Ac6/SystemWorkbench/plugins/fr.ac6.mcu.externaltools.arm-none.linux64_1.13.1.201707031232/tools/compiler/bin/../lib/gcc/arm-none-eabi/5.4.1/armv7-m/crtbegin.o
                0x0800ce54                PROVIDE (__init_array_end, .)

.fini_array     0x0800ce54        0x4
                [!provide]                PROVIDE (__fini_array_start, .)
 *(SORT(.fini_array.*))
 *(.fini_array*)
 .fini_array    0x0800ce54        0x4 /home/thepro/Ac6/SystemWorkbench/plugins/fr.ac6.mcu.externaltools.arm-none.linux64_1.13.1.201707031232/tools/compiler/bin/../lib/gcc/arm-none-eabi/5.4.1/armv7-m/crtbegin.o
                [!provide]                PROVIDE (__fini_array_end, .)
                0x0800ce58                _sidata = LOADADDR (.data)

.data           0x20000000      0x344 load address 0x0800ce58
                0x20000000                . = ALIGN (0x4)
                0x20000000                _sdata = .
 *(.data)
 .data          0x20000000       0xfb Src/LoRaMac.o
 *fill*         0x200000fb        0x1 
 .data          0x200000fc       0x20 Src/LoRaMacCrypto.o
 .data          0x2000011c        0x2 Src/board.o
 *fill*         0x2000011e        0x2 
 .data          0x20000120       0x31 Src/main.o
                0x20000124                oneDay
                0x2000014c                MEASURE_SENSORS
                0x2000014e                txmsgLen
                0x20000150                txData
 *fill*         0x20000151        0x3 
 .data          0x20000154       0x18 Src/sx1272.o
                0x20000154                DioIrq
 .data          0x2000016c        0x4 Src/system_stm32l1xx.o
                0x2000016c                SystemCoreClock
 .data          0x20000170        0x4 Src/utilities.o
 *(.data*)
 .data.impure_data
                0x20000174       0x60 /home/thepro/Ac6/SystemWorkbench/plugins/fr.ac6.mcu.externaltools.arm-none.linux64_1.13.1.201707031232/tools/compiler/bin/../lib/gcc/arm-none-eabi/5.4.1/../../../../arm-none-eabi/lib/armv7-m/libc_nano.a(lib_a-impure.o)
 .data._impure_ptr
                0x200001d4        0x4 /home/thepro/Ac6/SystemWorkbench/plugins/fr.ac6.mcu.externaltools.arm-none.linux64_1.13.1.201707031232/tools/compiler/bin/../lib/gcc/arm-none-eabi/5.4.1/../../../../arm-none-eabi/lib/armv7-m/libc_nano.a(lib_a-impure.o)
                0x200001d4                _impure_ptr
 .data.__global_locale
                0x200001d8      0x16c /home/thepro/Ac6/SystemWorkbench/plugins/fr.ac6.mcu.externaltools.arm-none.linux64_1.13.1.201707031232/tools/compiler/bin/../lib/gcc/arm-none-eabi/5.4.1/../../../../arm-none-eabi/lib/armv7-m/libc_nano.a(lib_a-locale.o)
                0x200001d8                __global_locale
                0x20000344                . = ALIGN (0x4)
                0x20000344                _edata = .

.jcr            0x20000344        0x0 load address 0x0800d19c
 .jcr           0x20000344        0x0 /home/thepro/Ac6/SystemWorkbench/plugins/fr.ac6.mcu.externaltools.arm-none.linux64_1.13.1.201707031232/tools/compiler/bin/../lib/gcc/arm-none-eabi/5.4.1/armv7-m/crtbegin.o

.igot.plt       0x20000344        0x0 load address 0x0800d19c
 .igot.plt      0x20000344        0x0 /home/thepro/Ac6/SystemWorkbench/plugins/fr.ac6.mcu.externaltools.arm-none.linux64_1.13.1.201707031232/tools/compiler/bin/../lib/gcc/arm-none-eabi/5.4.1/armv7-m/crtbegin.o
                0x20000344                . = ALIGN (0x4)

.bss            0x20000348      0xf48 load address 0x0800d19c
                0x20000348                _sbss = .
                0x20000348                __bss_start__ = _sbss
 *(.bss)
 .bss           0x20000348       0x1c /home/thepro/Ac6/SystemWorkbench/plugins/fr.ac6.mcu.externaltools.arm-none.linux64_1.13.1.201707031232/tools/compiler/bin/../lib/gcc/arm-none-eabi/5.4.1/armv7-m/crtbegin.o
 *fill*         0x20000364        0x4 
 .bss           0x20000368      0x3c3 Src/LoRaMac.o
                0x200003b0                TxTimeOnAir
                0x200003fc                LoRaMacState
                0x200005f8                macflag
 *fill*         0x2000072b        0x1 
 .bss           0x2000072c      0x22c Src/LoRaMacCrypto.o
 .bss           0x20000958        0x1 Src/adc.o
 *fill*         0x20000959        0x3 
 .bss           0x2000095c       0x1a Src/board.o
 *fill*         0x20000976        0x2 
 .bss           0x20000978       0x40 Src/gpio-board.o
 .bss           0x200009b8      0x12b Src/main.o
                0x20000a60                flag
                0x20000a61                status
                0x20000a62                masterControl
                0x20000a64                msgLen
                0x20000a66                protoLen
                0x20000a6c                config
                0x20000ab0                sensed
                0x20000ae0                len
                0x20000ae2                rxData
 *fill*         0x20000ae3        0x1 
 .bss           0x20000ae4       0x34 Src/rtc-board.o
                0x20000ae8                RtcHandle
                0x20000b10                McuWakeUpTime
                0x20000b15                NonScheduledWakeUp
 .bss           0x20000b18        0x1 Src/sx1272-board.o
 *fill*         0x20000b19        0x3 
 .bss           0x20000b1c      0x104 Src/sx1272.o
 .bss           0x20000c20        0x5 Src/timer.o
                0x20000c24                HasLoopedThroughMain
 .bss           0x20000c25        0x2 Src/uart-board.o
                0x20000c25                RxData
                0x20000c26                TxData
 *(.bss*)
 *fill*         0x20000c27        0x1 
 .bss.__malloc_sbrk_start
                0x20000c28        0x4 /home/thepro/Ac6/SystemWorkbench/plugins/fr.ac6.mcu.externaltools.arm-none.linux64_1.13.1.201707031232/tools/compiler/bin/../lib/gcc/arm-none-eabi/5.4.1/../../../../arm-none-eabi/lib/armv7-m/libc_nano.a(lib_a-nano-mallocr.o)
                0x20000c28                __malloc_sbrk_start
 .bss.__malloc_free_list
                0x20000c2c        0x4 /home/thepro/Ac6/SystemWorkbench/plugins/fr.ac6.mcu.externaltools.arm-none.linux64_1.13.1.201707031232/tools/compiler/bin/../lib/gcc/arm-none-eabi/5.4.1/../../../../arm-none-eabi/lib/armv7-m/libc_nano.a(lib_a-nano-mallocr.o)
                0x20000c2c                __malloc_free_list
 .bss.heap_end.4167
                0x20000c30        0x4 /home/thepro/Ac6/SystemWorkbench/plugins/fr.ac6.mcu.externaltools.arm-none.linux64_1.13.1.201707031232/tools/compiler/bin/../lib/gcc/arm-none-eabi/5.4.1/../../../../arm-none-eabi/lib/armv7-m/libnosys.a(sbrk.o)
 *(COMMON)
 COMMON         0x20000c34        0x4 Drivers/STM32L1xx_HAL_Driver/Src/stm32l1xx_hal.o
                0x20000c34                uwTick
 COMMON         0x20000c38       0x74 Src/LoRaMac.o
                0x20000c38                LoRaMacFlags
                0x20000c3c                LoRaMacParamsDefaults
                0x20000c74                LoRaMacParams
 COMMON         0x20000cac       0x54 Src/adc-board.o
                0x20000cac                AdcHandle
 COMMON         0x20000d00       0xd4 Src/board.o
                0x20000d00                Led2
                0x20000d0c                Led3
                0x20000d18                I2c
                0x20000d84                Uart1
                0x20000dbc                Adc
                0x20000dc8                Led4
 *fill*         0x20000dd4        0x4 
 COMMON         0x20000dd8      0x2ca Src/main.o
                0x20000dd8                AppDataSize
                0x20000ddc                heartBeatParams
                0x20000de4                sensor_buffer
                0x20000df8                command
                0x20000e0c                tx_msg
                0x20000e70                lux_buffer
                0x20000e7c                liFiParams
                0x20000e84                protoBuffer
                0x20000ee8                power_buffer
                0x20000ef8                autoTimerParams
                0x20000f10                manualControlParams
                0x20000f20                sensorValues
                0x20000f50                rxBuffer
                0x20000fb4                autoLuxParams
                0x20000fc0                txBuffer
                0x20001024                temperature_buffer
                0x20001028                rec_msg
                0x2000108c                ComplianceTest
                0x200010a0                brightness_ascii
 *fill*         0x200010a2        0x2 
 COMMON         0x200010a4       0x14 Src/rtc-board.o
                0x200010a4                RtcCalendarContext
 COMMON         0x200010b8       0x18 Src/sx1272-board.o
                0x200010b8                AntTx
                0x200010c4                AntRx
 COMMON         0x200010d0      0x17c Src/sx1272.o
                0x200010d0                SX1272
                0x20001210                TxTimeoutTimer
                0x20001224                RxTimeoutSyncWord
                0x20001238                RxTimeoutTimer
 COMMON         0x2000124c       0x40 Src/uart-board.o
                0x2000124c                UartHandle
 COMMON         0x2000128c        0x4 /home/thepro/Ac6/SystemWorkbench/plugins/fr.ac6.mcu.externaltools.arm-none.linux64_1.13.1.201707031232/tools/compiler/bin/../lib/gcc/arm-none-eabi/5.4.1/../../../../arm-none-eabi/lib/armv7-m/libc_nano.a(lib_a-reent.o)
                0x2000128c                errno
                0x20001290                . = ALIGN (0x4)
                0x20001290                _ebss = .
                0x20001290                __bss_end__ = _ebss

._user_heap_stack
                0x20001290      0x600 load address 0x0800d19c
                0x20001290                . = ALIGN (0x8)
                0x20001290                PROVIDE (end, .)
                [!provide]                PROVIDE (_end, .)
                0x20001490                . = (. + _Min_Heap_Size)
 *fill*         0x20001290      0x200 
                0x20001890                . = (. + _Min_Stack_Size)
 *fill*         0x20001490      0x400 
                0x20001890                . = ALIGN (0x8)

/DISCARD/
 libc.a(*)
 libm.a(*)
 libgcc.a(*)

.ARM.attributes
                0x00000000       0x29
 *(.ARM.attributes)
 .ARM.attributes
                0x00000000       0x1d /home/thepro/Ac6/SystemWorkbench/plugins/fr.ac6.mcu.externaltools.arm-none.linux64_1.13.1.201707031232/tools/compiler/bin/../lib/gcc/arm-none-eabi/5.4.1/armv7-m/crti.o
 .ARM.attributes
                0x0000001d       0x2d /home/thepro/Ac6/SystemWorkbench/plugins/fr.ac6.mcu.externaltools.arm-none.linux64_1.13.1.201707031232/tools/compiler/bin/../lib/gcc/arm-none-eabi/5.4.1/armv7-m/crtbegin.o
 .ARM.attributes
                0x0000004a       0x33 Drivers/STM32L1xx_HAL_Driver/Src/stm32l1xx_hal.o
 .ARM.attributes
                0x0000007d       0x33 Drivers/STM32L1xx_HAL_Driver/Src/stm32l1xx_hal_adc.o
 .ARM.attributes
                0x000000b0       0x33 Drivers/STM32L1xx_HAL_Driver/Src/stm32l1xx_hal_cortex.o
 .ARM.attributes
                0x000000e3       0x33 Drivers/STM32L1xx_HAL_Driver/Src/stm32l1xx_hal_gpio.o
 .ARM.attributes
                0x00000116       0x33 Drivers/STM32L1xx_HAL_Driver/Src/stm32l1xx_hal_msp_template.o
 .ARM.attributes
                0x00000149       0x33 Drivers/STM32L1xx_HAL_Driver/Src/stm32l1xx_hal_pwr.o
 .ARM.attributes
                0x0000017c       0x33 Drivers/STM32L1xx_HAL_Driver/Src/stm32l1xx_hal_pwr_ex.o
 .ARM.attributes
                0x000001af       0x33 Drivers/STM32L1xx_HAL_Driver/Src/stm32l1xx_hal_rcc.o
 .ARM.attributes
                0x000001e2       0x33 Drivers/STM32L1xx_HAL_Driver/Src/stm32l1xx_hal_rcc_ex.o
 .ARM.attributes
                0x00000215       0x33 Drivers/STM32L1xx_HAL_Driver/Src/stm32l1xx_hal_rtc.o
 .ARM.attributes
                0x00000248       0x33 Drivers/STM32L1xx_HAL_Driver/Src/stm32l1xx_hal_rtc_ex.o
 .ARM.attributes
                0x0000027b       0x33 Drivers/STM32L1xx_HAL_Driver/Src/stm32l1xx_hal_spi.o
 .ARM.attributes
                0x000002ae       0x33 Drivers/STM32L1xx_HAL_Driver/Src/stm32l1xx_hal_spi_ex.o
 .ARM.attributes
                0x000002e1       0x33 Drivers/STM32L1xx_HAL_Driver/Src/stm32l1xx_hal_uart.o
 .ARM.attributes
                0x00000314       0x33 Src/LoRaMac.o
 .ARM.attributes
                0x00000347       0x33 Src/LoRaMacCrypto.o
 .ARM.attributes
                0x0000037a       0x33 Src/actuated.pb.o
 .ARM.attributes
                0x000003ad       0x33 Src/adc-board.o
 .ARM.attributes
                0x000003e0       0x33 Src/adc.o
 .ARM.attributes
                0x00000413       0x33 Src/aes.o
 .ARM.attributes
                0x00000446       0x33 Src/board.o
 .ARM.attributes
                0x00000479       0x33 Src/cmac.o
 .ARM.attributes
                0x000004ac       0x33 Src/delay.o
 .ARM.attributes
                0x000004df       0x33 Src/fifo.o
 .ARM.attributes
                0x00000512       0x33 Src/gpio-board.o
 .ARM.attributes
                0x00000545       0x33 Src/gpio.o
 .ARM.attributes
                0x00000578       0x33 Src/main.o
 .ARM.attributes
                0x000005ab       0x33 Src/pb_common.o
 .ARM.attributes
                0x000005de       0x33 Src/pb_decode.o
 .ARM.attributes
                0x00000611       0x33 Src/pb_encode.o
 .ARM.attributes
                0x00000644       0x33 Src/rtc-board.o
 .ARM.attributes
                0x00000677       0x33 Src/sensed.pb.o
 .ARM.attributes
                0x000006aa       0x33 Src/spi-board.o
 .ARM.attributes
                0x000006dd       0x33 Src/sx1272-board.o
 .ARM.attributes
                0x00000710       0x33 Src/sx1272.o
 .ARM.attributes
                0x00000743       0x33 Src/sysIrqHandlers.o
 .ARM.attributes
                0x00000776       0x33 Src/system_stm32l1xx.o
 .ARM.attributes
                0x000007a9       0x33 Src/timer.o
 .ARM.attributes
                0x000007dc       0x33 Src/uart-board.o
 .ARM.attributes
                0x0000080f       0x33 Src/uart.o
 .ARM.attributes
                0x00000842       0x33 Src/utilities.o
 .ARM.attributes
                0x00000875       0x21 startup/startup_stm32l151xb.o
 .ARM.attributes
                0x00000896       0x2d /home/thepro/Ac6/SystemWorkbench/plugins/fr.ac6.mcu.externaltools.arm-none.linux64_1.13.1.201707031232/tools/compiler/bin/../lib/gcc/arm-none-eabi/5.4.1/../../../../arm-none-eabi/lib/armv7-m/libm.a(lib_a-s_ceil.o)
 .ARM.attributes
                0x000008c3       0x2d /home/thepro/Ac6/SystemWorkbench/plugins/fr.ac6.mcu.externaltools.arm-none.linux64_1.13.1.201707031232/tools/compiler/bin/../lib/gcc/arm-none-eabi/5.4.1/../../../../arm-none-eabi/lib/armv7-m/libm.a(lib_a-s_floor.o)
 .ARM.attributes
                0x000008f0       0x2d /home/thepro/Ac6/SystemWorkbench/plugins/fr.ac6.mcu.externaltools.arm-none.linux64_1.13.1.201707031232/tools/compiler/bin/../lib/gcc/arm-none-eabi/5.4.1/../../../../arm-none-eabi/lib/armv7-m/libm.a(lib_a-s_round.o)
 .ARM.attributes
                0x0000091d       0x1d /home/thepro/Ac6/SystemWorkbench/plugins/fr.ac6.mcu.externaltools.arm-none.linux64_1.13.1.201707031232/tools/compiler/bin/../lib/gcc/arm-none-eabi/5.4.1/armv7-m/libgcc.a(_arm_addsubdf3.o)
 .ARM.attributes
                0x0000093a       0x1d /home/thepro/Ac6/SystemWorkbench/plugins/fr.ac6.mcu.externaltools.arm-none.linux64_1.13.1.201707031232/tools/compiler/bin/../lib/gcc/arm-none-eabi/5.4.1/armv7-m/libgcc.a(_arm_muldivdf3.o)
 .ARM.attributes
                0x00000957       0x1d /home/thepro/Ac6/SystemWorkbench/plugins/fr.ac6.mcu.externaltools.arm-none.linux64_1.13.1.201707031232/tools/compiler/bin/../lib/gcc/arm-none-eabi/5.4.1/armv7-m/libgcc.a(_arm_cmpdf2.o)
 .ARM.attributes
                0x00000974       0x1d /home/thepro/Ac6/SystemWorkbench/plugins/fr.ac6.mcu.externaltools.arm-none.linux64_1.13.1.201707031232/tools/compiler/bin/../lib/gcc/arm-none-eabi/5.4.1/armv7-m/libgcc.a(_arm_fixdfsi.o)
 .ARM.attributes
                0x00000991       0x1d /home/thepro/Ac6/SystemWorkbench/plugins/fr.ac6.mcu.externaltools.arm-none.linux64_1.13.1.201707031232/tools/compiler/bin/../lib/gcc/arm-none-eabi/5.4.1/armv7-m/libgcc.a(_arm_fixunsdfsi.o)
 .ARM.attributes
                0x000009ae       0x1d /home/thepro/Ac6/SystemWorkbench/plugins/fr.ac6.mcu.externaltools.arm-none.linux64_1.13.1.201707031232/tools/compiler/bin/../lib/gcc/arm-none-eabi/5.4.1/armv7-m/libgcc.a(_arm_addsubsf3.o)
 .ARM.attributes
                0x000009cb       0x2d /home/thepro/Ac6/SystemWorkbench/plugins/fr.ac6.mcu.externaltools.arm-none.linux64_1.13.1.201707031232/tools/compiler/bin/../lib/gcc/arm-none-eabi/5.4.1/armv7-m/libgcc.a(_fixunsdfdi.o)
 .ARM.attributes
                0x000009f8       0x2d /home/thepro/Ac6/SystemWorkbench/plugins/fr.ac6.mcu.externaltools.arm-none.linux64_1.13.1.201707031232/tools/compiler/bin/../lib/gcc/arm-none-eabi/5.4.1/../../../../arm-none-eabi/lib/armv7-m/libc_nano.a(lib_a-atoi.o)
 .ARM.attributes
                0x00000a25       0x2d /home/thepro/Ac6/SystemWorkbench/plugins/fr.ac6.mcu.externaltools.arm-none.linux64_1.13.1.201707031232/tools/compiler/bin/../lib/gcc/arm-none-eabi/5.4.1/../../../../arm-none-eabi/lib/armv7-m/libc_nano.a(lib_a-impure.o)
 .ARM.attributes
                0x00000a52       0x2d /home/thepro/Ac6/SystemWorkbench/plugins/fr.ac6.mcu.externaltools.arm-none.linux64_1.13.1.201707031232/tools/compiler/bin/../lib/gcc/arm-none-eabi/5.4.1/../../../../arm-none-eabi/lib/armv7-m/libc_nano.a(lib_a-init.o)
 .ARM.attributes
                0x00000a7f       0x2d /home/thepro/Ac6/SystemWorkbench/plugins/fr.ac6.mcu.externaltools.arm-none.linux64_1.13.1.201707031232/tools/compiler/bin/../lib/gcc/arm-none-eabi/5.4.1/../../../../arm-none-eabi/lib/armv7-m/libc_nano.a(lib_a-memcpy-stub.o)
 .ARM.attributes
                0x00000aac       0x2d /home/thepro/Ac6/SystemWorkbench/plugins/fr.ac6.mcu.externaltools.arm-none.linux64_1.13.1.201707031232/tools/compiler/bin/../lib/gcc/arm-none-eabi/5.4.1/../../../../arm-none-eabi/lib/armv7-m/libc_nano.a(lib_a-memset.o)
 .ARM.attributes
                0x00000ad9       0x2d /home/thepro/Ac6/SystemWorkbench/plugins/fr.ac6.mcu.externaltools.arm-none.linux64_1.13.1.201707031232/tools/compiler/bin/../lib/gcc/arm-none-eabi/5.4.1/../../../../arm-none-eabi/lib/armv7-m/libc_nano.a(lib_a-strtok.o)
 .ARM.attributes
                0x00000b06       0x2d /home/thepro/Ac6/SystemWorkbench/plugins/fr.ac6.mcu.externaltools.arm-none.linux64_1.13.1.201707031232/tools/compiler/bin/../lib/gcc/arm-none-eabi/5.4.1/../../../../arm-none-eabi/lib/armv7-m/libc_nano.a(lib_a-strtok_r.o)
 .ARM.attributes
                0x00000b33       0x2d /home/thepro/Ac6/SystemWorkbench/plugins/fr.ac6.mcu.externaltools.arm-none.linux64_1.13.1.201707031232/tools/compiler/bin/../lib/gcc/arm-none-eabi/5.4.1/../../../../arm-none-eabi/lib/armv7-m/libc_nano.a(lib_a-strtol.o)
 .ARM.attributes
                0x00000b60       0x2d /home/thepro/Ac6/SystemWorkbench/plugins/fr.ac6.mcu.externaltools.arm-none.linux64_1.13.1.201707031232/tools/compiler/bin/../lib/gcc/arm-none-eabi/5.4.1/../../../../arm-none-eabi/lib/armv7-m/libc_nano.a(lib_a-locale.o)
 .ARM.attributes
                0x00000b8d       0x2d /home/thepro/Ac6/SystemWorkbench/plugins/fr.ac6.mcu.externaltools.arm-none.linux64_1.13.1.201707031232/tools/compiler/bin/../lib/gcc/arm-none-eabi/5.4.1/../../../../arm-none-eabi/lib/armv7-m/libc_nano.a(lib_a-malloc.o)
 .ARM.attributes
                0x00000bba       0x2d /home/thepro/Ac6/SystemWorkbench/plugins/fr.ac6.mcu.externaltools.arm-none.linux64_1.13.1.201707031232/tools/compiler/bin/../lib/gcc/arm-none-eabi/5.4.1/../../../../arm-none-eabi/lib/armv7-m/libc_nano.a(lib_a-mbtowc_r.o)
 .ARM.attributes
                0x00000be7       0x2d /home/thepro/Ac6/SystemWorkbench/plugins/fr.ac6.mcu.externaltools.arm-none.linux64_1.13.1.201707031232/tools/compiler/bin/../lib/gcc/arm-none-eabi/5.4.1/../../../../arm-none-eabi/lib/armv7-m/libc_nano.a(lib_a-nano-mallocr.o)
 .ARM.attributes
                0x00000c14       0x2d /home/thepro/Ac6/SystemWorkbench/plugins/fr.ac6.mcu.externaltools.arm-none.linux64_1.13.1.201707031232/tools/compiler/bin/../lib/gcc/arm-none-eabi/5.4.1/../../../../arm-none-eabi/lib/armv7-m/libc_nano.a(lib_a-sbrkr.o)
 .ARM.attributes
                0x00000c41       0x2d /home/thepro/Ac6/SystemWorkbench/plugins/fr.ac6.mcu.externaltools.arm-none.linux64_1.13.1.201707031232/tools/compiler/bin/../lib/gcc/arm-none-eabi/5.4.1/../../../../arm-none-eabi/lib/armv7-m/libc_nano.a(lib_a-wctomb_r.o)
 .ARM.attributes
                0x00000c6e       0x2d /home/thepro/Ac6/SystemWorkbench/plugins/fr.ac6.mcu.externaltools.arm-none.linux64_1.13.1.201707031232/tools/compiler/bin/../lib/gcc/arm-none-eabi/5.4.1/../../../../arm-none-eabi/lib/armv7-m/libc_nano.a(lib_a-ctype_.o)
 .ARM.attributes
                0x00000c9b       0x2d /home/thepro/Ac6/SystemWorkbench/plugins/fr.ac6.mcu.externaltools.arm-none.linux64_1.13.1.201707031232/tools/compiler/bin/../lib/gcc/arm-none-eabi/5.4.1/../../../../arm-none-eabi/lib/armv7-m/libc_nano.a(lib_a-mlock.o)
 .ARM.attributes