Archive member included to satisfy reference by file (symbol)

/home/thepro/Ac6/SystemWorkbench/plugins/fr.ac6.mcu.externaltools.arm-none.linux64_1.13.1.201707031232/tools/compiler/bin/../lib/gcc/arm-none-eabi/5.4.1/../../../../arm-none-eabi/lib/armv7-m/libm.a(lib_a-s_ceil.o)
                              Src/LoRaMac.o (ceil)
/home/thepro/Ac6/SystemWorkbench/plugins/fr.ac6.mcu.externaltools.arm-none.linux64_1.13.1.201707031232/tools/compiler/bin/../lib/gcc/arm-none-eabi/5.4.1/../../../../arm-none-eabi/lib/armv7-m/libm.a(lib_a-s_floor.o)
                              Src/sx1272.o (floor)
/home/thepro/Ac6/SystemWorkbench/plugins/fr.ac6.mcu.externaltools.arm-none.linux64_1.13.1.201707031232/tools/compiler/bin/../lib/gcc/arm-none-eabi/5.4.1/../../../../arm-none-eabi/lib/armv7-m/libm.a(lib_a-s_round.o)
                              Src/rtc-board.o (round)
/home/thepro/Ac6/SystemWorkbench/plugins/fr.ac6.mcu.externaltools.arm-none.linux64_1.13.1.201707031232/tools/compiler/bin/../lib/gcc/arm-none-eabi/5.4.1/armv7-m/libgcc.a(_arm_addsubdf3.o)
                              Src/LoRaMac.o (__aeabi_dsub)
/home/thepro/Ac6/SystemWorkbench/plugins/fr.ac6.mcu.externaltools.arm-none.linux64_1.13.1.201707031232/tools/compiler/bin/../lib/gcc/arm-none-eabi/5.4.1/armv7-m/libgcc.a(_arm_muldivdf3.o)
                              Src/LoRaMac.o (__aeabi_dmul)
/home/thepro/Ac6/SystemWorkbench/plugins/fr.ac6.mcu.externaltools.arm-none.linux64_1.13.1.201707031232/tools/compiler/bin/../lib/gcc/arm-none-eabi/5.4.1/armv7-m/libgcc.a(_arm_cmpdf2.o)
                              Src/gps.o (__aeabi_dcmpeq)
/home/thepro/Ac6/SystemWorkbench/plugins/fr.ac6.mcu.externaltools.arm-none.linux64_1.13.1.201707031232/tools/compiler/bin/../lib/gcc/arm-none-eabi/5.4.1/armv7-m/libgcc.a(_arm_fixdfsi.o)
                              Src/LoRaMac.o (__aeabi_d2iz)
/home/thepro/Ac6/SystemWorkbench/plugins/fr.ac6.mcu.externaltools.arm-none.linux64_1.13.1.201707031232/tools/compiler/bin/../lib/gcc/arm-none-eabi/5.4.1/armv7-m/libgcc.a(_arm_fixunsdfsi.o)
                              Src/LoRaMac.o (__aeabi_d2uiz)
/home/thepro/Ac6/SystemWorkbench/plugins/fr.ac6.mcu.externaltools.arm-none.linux64_1.13.1.201707031232/tools/compiler/bin/../lib/gcc/arm-none-eabi/5.4.1/armv7-m/libgcc.a(_arm_addsubsf3.o)
                              Src/main.o (__aeabi_i2f)
/home/thepro/Ac6/SystemWorkbench/plugins/fr.ac6.mcu.externaltools.arm-none.linux64_1.13.1.201707031232/tools/compiler/bin/../lib/gcc/arm-none-eabi/5.4.1/armv7-m/libgcc.a(_arm_muldivsf3.o)
                              Src/delay.o (__aeabi_fmul)
/home/thepro/Ac6/SystemWorkbench/plugins/fr.ac6.mcu.externaltools.arm-none.linux64_1.13.1.201707031232/tools/compiler/bin/../lib/gcc/arm-none-eabi/5.4.1/armv7-m/libgcc.a(_arm_fixunssfsi.o)
                              Src/delay.o (__aeabi_f2uiz)
/home/thepro/Ac6/SystemWorkbench/plugins/fr.ac6.mcu.externaltools.arm-none.linux64_1.13.1.201707031232/tools/compiler/bin/../lib/gcc/arm-none-eabi/5.4.1/../../../../arm-none-eabi/lib/armv7-m/libc_nano.a(lib_a-atoi.o)
                              Src/gps.o (atoi)
/home/thepro/Ac6/SystemWorkbench/plugins/fr.ac6.mcu.externaltools.arm-none.linux64_1.13.1.201707031232/tools/compiler/bin/../lib/gcc/arm-none-eabi/5.4.1/../../../../arm-none-eabi/lib/armv7-m/libc_nano.a(lib_a-exit.o)
                              /home/thepro/Ac6/SystemWorkbench/plugins/fr.ac6.mcu.externaltools.arm-none.linux64_1.13.1.201707031232/tools/compiler/bin/../lib/gcc/arm-none-eabi/5.4.1/../../../../arm-none-eabi/lib/armv7-m/crt0.o (exit)
/home/thepro/Ac6/SystemWorkbench/plugins/fr.ac6.mcu.externaltools.arm-none.linux64_1.13.1.201707031232/tools/compiler/bin/../lib/gcc/arm-none-eabi/5.4.1/../../../../arm-none-eabi/lib/armv7-m/libc_nano.a(lib_a-impure.o)
                              /home/thepro/Ac6/SystemWorkbench/plugins/fr.ac6.mcu.externaltools.arm-none.linux64_1.13.1.201707031232/tools/compiler/bin/../lib/gcc/arm-none-eabi/5.4.1/../../../../arm-none-eabi/lib/armv7-m/libc_nano.a(lib_a-exit.o) (_global_impure_ptr)
/home/thepro/Ac6/SystemWorkbench/plugins/fr.ac6.mcu.externaltools.arm-none.linux64_1.13.1.201707031232/tools/compiler/bin/../lib/gcc/arm-none-eabi/5.4.1/../../../../arm-none-eabi/lib/armv7-m/libc_nano.a(lib_a-init.o)
                              /home/thepro/Ac6/SystemWorkbench/plugins/fr.ac6.mcu.externaltools.arm-none.linux64_1.13.1.201707031232/tools/compiler/bin/../lib/gcc/arm-none-eabi/5.4.1/../../../../arm-none-eabi/lib/armv7-m/crt0.o (__libc_init_array)
/home/thepro/Ac6/SystemWorkbench/plugins/fr.ac6.mcu.externaltools.arm-none.linux64_1.13.1.201707031232/tools/compiler/bin/../lib/gcc/arm-none-eabi/5.4.1/../../../../arm-none-eabi/lib/armv7-m/libc_nano.a(lib_a-memcpy-stub.o)
                              Src/main.o (memcpy)
/home/thepro/Ac6/SystemWorkbench/plugins/fr.ac6.mcu.externaltools.arm-none.linux64_1.13.1.201707031232/tools/compiler/bin/../lib/gcc/arm-none-eabi/5.4.1/../../../../arm-none-eabi/lib/armv7-m/libc_nano.a(lib_a-memset.o)
[...]
Memory Configuration

Name             Origin             Length             Attributes
RAM              0x20000000         0x00004000         xrw
FLASH            0x08000000         0x00020000         xr
*default*        0x00000000         0xffffffff

Linker script and memory map

LOAD /home/thepro/Ac6/SystemWorkbench/plugins/fr.ac6.mcu.externaltools.arm-none.linux64_1.13.1.201707031232/tools/compiler/bin/../lib/gcc/arm-none-eabi/5.4.1/armv7-m/crti.o
LOAD /home/thepro/Ac6/SystemWorkbench/plugins/fr.ac6.mcu.externaltools.arm-none.linux64_1.13.1.201707031232/tools/compiler/bin/../lib/gcc/arm-none-eabi/5.4.1/armv7-m/crtbegin.o
LOAD /home/thepro/Ac6/SystemWorkbench/plugins/fr.ac6.mcu.externaltools.arm-none.linux64_1.13.1.201707031232/tools/compiler/bin/../lib/gcc/arm-none-eabi/5.4.1/../../../../arm-none-eabi/lib/armv7-m/crt0.o
LOAD Drivers/STM32L1xx_HAL_Driver/Src/stm32l1xx_hal.o
LOAD Drivers/STM32L1xx_HAL_Driver/Src/stm32l1xx_hal_adc.o
LOAD Drivers/STM32L1xx_HAL_Driver/Src/stm32l1xx_hal_adc_ex.o
LOAD Drivers/STM32L1xx_HAL_Driver/Src/stm32l1xx_hal_comp.o
LOAD Drivers/STM32L1xx_HAL_Driver/Src/stm32l1xx_hal_cortex.o
LOAD Drivers/STM32L1xx_HAL_Driver/Src/stm32l1xx_hal_crc.o
LOAD Drivers/STM32L1xx_HAL_Driver/Src/stm32l1xx_hal_cryp.o
LOAD Drivers/STM32L1xx_HAL_Driver/Src/stm32l1xx_hal_cryp_ex.o
LOAD Drivers/STM32L1xx_HAL_Driver/Src/stm32l1xx_hal_dac.o
LOAD Drivers/STM32L1xx_HAL_Driver/Src/stm32l1xx_hal_dac_ex.o
LOAD Drivers/STM32L1xx_HAL_Driver/Src/stm32l1xx_hal_dma.o
LOAD Drivers/STM32L1xx_HAL_Driver/Src/stm32l1xx_hal_flash.o
LOAD Drivers/STM32L1xx_HAL_Driver/Src/stm32l1xx_hal_flash_ex.o
LOAD Drivers/STM32L1xx_HAL_Driver/Src/stm32l1xx_hal_flash_ramfunc.o
LOAD Drivers/STM32L1xx_HAL_Driver/Src/stm32l1xx_hal_gpio.o
LOAD Drivers/STM32L1xx_HAL_Driver/Src/stm32l1xx_hal_i2c.o
LOAD Drivers/STM32L1xx_HAL_Driver/Src/stm32l1xx_hal_i2s.o
LOAD Drivers/STM32L1xx_HAL_Driver/Src/stm32l1xx_hal_irda.o
LOAD Drivers/STM32L1xx_HAL_Driver/Src/stm32l1xx_hal_iwdg.o
LOAD Drivers/STM32L1xx_HAL_Driver/Src/stm32l1xx_hal_lcd.o
LOAD Drivers/STM32L1xx_HAL_Driver/Src/stm32l1xx_hal_msp_template.o
LOAD Drivers/STM32L1xx_HAL_Driver/Src/stm32l1xx_hal_nor.o
LOAD Drivers/STM32L1xx_HAL_Driver/Src/stm32l1xx_hal_opamp.o
LOAD Drivers/STM32L1xx_HAL_Driver/Src/stm32l1xx_hal_opamp_ex.o
LOAD Drivers/STM32L1xx_HAL_Driver/Src/stm32l1xx_hal_pcd.o
LOAD Drivers/STM32L1xx_HAL_Driver/Src/stm32l1xx_hal_pcd_ex.o
LOAD Drivers/STM32L1xx_HAL_Driver/Src/stm32l1xx_hal_pwr.o
LOAD Drivers/STM32L1xx_HAL_Driver/Src/stm32l1xx_hal_pwr_ex.o
LOAD Drivers/STM32L1xx_HAL_Driver/Src/stm32l1xx_hal_rcc.o
LOAD Drivers/STM32L1xx_HAL_Driver/Src/stm32l1xx_hal_rcc_ex.o
LOAD Drivers/STM32L1xx_HAL_Driver/Src/stm32l1xx_hal_rtc.o
LOAD Drivers/STM32L1xx_HAL_Driver/Src/stm32l1xx_hal_rtc_ex.o
LOAD Drivers/STM32L1xx_HAL_Driver/Src/stm32l1xx_hal_sd.o
LOAD Drivers/STM32L1xx_HAL_Driver/Src/stm32l1xx_hal_smartcard.o
LOAD Drivers/STM32L1xx_HAL_Driver/Src/stm32l1xx_hal_spi.o
LOAD Drivers/STM32L1xx_HAL_Driver/Src/stm32l1xx_hal_spi_ex.o
LOAD Drivers/STM32L1xx_HAL_Driver/Src/stm32l1xx_hal_sram.o
LOAD Drivers/STM32L1xx_HAL_Driver/Src/stm32l1xx_hal_tim.o
LOAD Drivers/STM32L1xx_HAL_Driver/Src/stm32l1xx_hal_tim_ex.o
LOAD Drivers/STM32L1xx_HAL_Driver/Src/stm32l1xx_hal_uart.o
LOAD Drivers/STM32L1xx_HAL_Driver/Src/stm32l1xx_hal_usart.o
LOAD Drivers/STM32L1xx_HAL_Driver/Src/stm32l1xx_hal_wwdg.o
LOAD Drivers/STM32L1xx_HAL_Driver/Src/stm32l1xx_ll_adc.o
LOAD Drivers/STM32L1xx_HAL_Driver/Src/stm32l1xx_ll_comp.o
LOAD Drivers/STM32L1xx_HAL_Driver/Src/stm32l1xx_ll_crc.o
LOAD Drivers/STM32L1xx_HAL_Driver/Src/stm32l1xx_ll_dac.o
LOAD Drivers/STM32L1xx_HAL_Driver/Src/stm32l1xx_ll_dma.o
LOAD Drivers/STM32L1xx_HAL_Driver/Src/stm32l1xx_ll_exti.o
LOAD Drivers/STM32L1xx_HAL_Driver/Src/stm32l1xx_ll_fsmc.o
LOAD Drivers/STM32L1xx_HAL_Driver/Src/stm32l1xx_ll_gpio.o
LOAD Drivers/STM32L1xx_HAL_Driver/Src/stm32l1xx_ll_i2c.o
LOAD Drivers/STM32L1xx_HAL_Driver/Src/stm32l1xx_ll_opamp.o
LOAD Drivers/STM32L1xx_HAL_Driver/Src/stm32l1xx_ll_pwr.o
LOAD Drivers/STM32L1xx_HAL_Driver/Src/stm32l1xx_ll_rcc.o
LOAD Drivers/STM32L1xx_HAL_Driver/Src/stm32l1xx_ll_rtc.o
LOAD Drivers/STM32L1xx_HAL_Driver/Src/stm32l1xx_ll_sdmmc.o
LOAD Drivers/STM32L1xx_HAL_Driver/Src/stm32l1xx_ll_spi.o
LOAD Drivers/STM32L1xx_HAL_Driver/Src/stm32l1xx_ll_tim.o
LOAD Drivers/STM32L1xx_HAL_Driver/Src/stm32l1xx_ll_usart.o
LOAD Drivers/STM32L1xx_HAL_Driver/Src/stm32l1xx_ll_utils.o
LOAD Src/LoRaMac.o
LOAD Src/LoRaMacCrypto.o
LOAD Src/actuated.pb.o
LOAD Src/adc-board.o
LOAD Src/adc.o
LOAD Src/aes.o
LOAD Src/board.o
LOAD Src/cmac.o
LOAD Src/delay.o
LOAD Src/eeprom-board.o
LOAD Src/eeprom.o
LOAD Src/fifo.o
LOAD Src/gpio-board.o
LOAD Src/gpio.o
LOAD Src/gps.o
LOAD Src/i2c-board.o
LOAD Src/i2c.o
LOAD Src/main.o
LOAD Src/pb_common.o
LOAD Src/pb_decode.o
LOAD Src/pb_encode.o
LOAD Src/rtc-board.o
LOAD Src/sensed.pb.o
LOAD Src/spi-board.o
LOAD Src/sx1272-board.o
LOAD Src/sx1272.o
LOAD Src/sysIrqHandlers.o
LOAD Src/system_stm32l1xx.o
LOAD Src/timer.o
LOAD Src/uart-board.o
LOAD Src/uart.o
LOAD Src/utilities.o
LOAD startup/startup_stm32l151xb.o
LOAD /home/thepro/Ac6/SystemWorkbench/plugins/fr.ac6.mcu.externaltools.arm-none.linux64_1.13.1.201707031232/tools/compiler/bin/../lib/gcc/arm-none-eabi/5.4.1/../../../../arm-none-eabi/lib/armv7-m/libm.a
START GROUP
LOAD /home/thepro/Ac6/SystemWorkbench/plugins/fr.ac6.mcu.externaltools.arm-none.linux64_1.13.1.201707031232/tools/compiler/bin/../lib/gcc/arm-none-eabi/5.4.1/armv7-m/libgcc.a
LOAD /home/thepro/Ac6/SystemWorkbench/plugins/fr.ac6.mcu.externaltools.arm-none.linux64_1.13.1.201707031232/tools/compiler/bin/../lib/gcc/arm-none-eabi/5.4.1/../../../../arm-none-eabi/lib/armv7-m/libc_nano.a
END GROUP
START GROUP
LOAD /home/thepro/Ac6/SystemWorkbench/plugins/fr.ac6.mcu.externaltools.arm-none.linux64_1.13.1.201707031232/tools/compiler/bin/../lib/gcc/arm-none-eabi/5.4.1/armv7-m/libgcc.a
LOAD /home/thepro/Ac6/SystemWorkbench/plugins/fr.ac6.mcu.externaltools.arm-none.linux64_1.13.1.201707031232/tools/compiler/bin/../lib/gcc/arm-none-eabi/5.4.1/../../../../arm-none-eabi/lib/armv7-m/libc_nano.a
LOAD /home/thepro/Ac6/SystemWorkbench/plugins/fr.ac6.mcu.externaltools.arm-none.linux64_1.13.1.201707031232/tools/compiler/bin/../lib/gcc/arm-none-eabi/5.4.1/../../../../arm-none-eabi/lib/armv7-m/libnosys.a
END GROUP
START GROUP
LOAD /home/thepro/Ac6/SystemWorkbench/plugins/fr.ac6.mcu.externaltools.arm-none.linux64_1.13.1.201707031232/tools/compiler/bin/../lib/gcc/arm-none-eabi/5.4.1/armv7-m/libgcc.a
LOAD /home/thepro/Ac6/SystemWorkbench/plugins/fr.ac6.mcu.externaltools.arm-none.linux64_1.13.1.201707031232/tools/compiler/bin/../lib/gcc/arm-none-eabi/5.4.1/../../../../arm-none-eabi/lib/armv7-m/libc_nano.a
LOAD /home/thepro/Ac6/SystemWorkbench/plugins/fr.ac6.mcu.externaltools.arm-none.linux64_1.13.1.201707031232/tools/compiler/bin/../lib/gcc/arm-none-eabi/5.4.1/../../../../arm-none-eabi/lib/armv7-m/libnosys.a
END GROUP
LOAD /home/thepro/Ac6/SystemWorkbench/plugins/fr.ac6.mcu.externaltools.arm-none.linux64_1.13.1.201707031232/tools/compiler/bin/../lib/gcc/arm-none-eabi/5.4.1/armv7-m/crtend.o
LOAD /home/thepro/Ac6/SystemWorkbench/plugins/fr.ac6.mcu.externaltools.arm-none.linux64_1.13.1.201707031232/tools/compiler/bin/../lib/gcc/arm-none-eabi/5.4.1/armv7-m/crtn.o
                0x20004000                _estack = 0x20004000
                0x00000200                _Min_Heap_Size = 0x200
                0x00000400                _Min_Stack_Size = 0x400

.isr_vector     0x08000000      0x13c
                0x08000000                . = ALIGN (0x4)
 *(.isr_vector)
 .isr_vector    0x08000000      0x13c startup/startup_stm32l151xb.o
                0x08000000                g_pfnVectors
                0x0800013c                . = ALIGN (0x4)

.text           0x08000140     0xc288
                0x08000140                . = ALIGN (0x4)
 *(.text)
 .text          0x08000140       0x5c /home/thepro/Ac6/SystemWorkbench/plugins/fr.ac6.mcu.externaltools.arm-none.linux64_1.13.1.201707031232/tools/compiler/bin/../lib/gcc/arm-none-eabi/5.4.1/armv7-m/crtbegin.o
 .text          0x0800019c      0x370 /home/thepro/Ac6/SystemWorkbench/plugins/fr.ac6.mcu.externaltools.arm-none.linux64_1.13.1.201707031232/tools/compiler/bin/../lib/gcc/arm-none-eabi/5.4.1/armv7-m/libgcc.a(_arm_addsubdf3.o)
                0x0800019c                __aeabi_drsub
                0x080001a4                __aeabi_dsub
                0x080001a4                __subdf3
                0x080001a8                __adddf3
                0x080001a8                __aeabi_dadd
                0x08000420                __aeabi_ui2d
                0x08000420                __floatunsidf
                0x08000440                __floatsidf
                0x08000440                __aeabi_i2d
                0x08000464                __extendsfdf2
                0x08000464                __aeabi_f2d
                0x080004a0                __aeabi_ul2d
                0x080004a0                __floatundidf
                0x080004b0                __floatdidf
                0x080004b0                __aeabi_l2d
 .text          0x0800050c      0x424 /home/thepro/Ac6/SystemWorkbench/plugins/fr.ac6.mcu.externaltools.arm-none.linux64_1.13.1.201707031232/tools/compiler/bin/../lib/gcc/arm-none-eabi/5.4.1/armv7-m/libgcc.a(_arm_muldivdf3.o)
                0x0800050c                __aeabi_dmul
                0x0800050c                __muldf3
                0x08000760                __aeabi_ddiv
                0x08000760                __divdf3
 .text          0x08000930      0x110 /home/thepro/Ac6/SystemWorkbench/plugins/fr.ac6.mcu.externaltools.arm-none.linux64_1.13.1.201707031232/tools/compiler/bin/../lib/gcc/arm-none-eabi/5.4.1/armv7-m/libgcc.a(_arm_cmpdf2.o)
                0x08000930                __gtdf2
                0x08000930                __gedf2
                0x08000938                __ltdf2
                0x08000938                __ledf2
                0x08000940                __cmpdf2
                0x08000940                __eqdf2
                0x08000940                __nedf2
                0x080009bc                __aeabi_cdrcmple
                0x080009cc                __aeabi_cdcmple
                0x080009cc                __aeabi_cdcmpeq
                0x080009dc                __aeabi_dcmpeq
                0x080009f0                __aeabi_dcmplt
                0x08000a04                __aeabi_dcmple
                0x08000a18                __aeabi_dcmpge
                0x08000a2c                __aeabi_dcmpgt
 .text          0x08000a40       0x50 /home/thepro/Ac6/SystemWorkbench/plugins/fr.ac6.mcu.externaltools.arm-none.linux64_1.13.1.201707031232/tools/compiler/bin/../lib/gcc/arm-none-eabi/5.4.1/armv7-m/libgcc.a(_arm_fixdfsi.o)
                0x08000a40                __fixdfsi
                0x08000a40                __aeabi_d2iz
 .text          0x08000a90       0x40 /home/thepro/Ac6/SystemWorkbench/plugins/fr.ac6.mcu.externaltools.arm-none.linux64_1.13.1.201707031232/tools/compiler/bin/../lib/gcc/arm-none-eabi/5.4.1/armv7-m/libgcc.a(_arm_fixunsdfsi.o)
                0x08000a90                __fixunsdfsi
                0x08000a90                __aeabi_d2uiz
 .text          0x08000ad0      0x21c /home/thepro/Ac6/SystemWorkbench/plugins/fr.ac6.mcu.externaltools.arm-none.linux64_1.13.1.201707031232/tools/compiler/bin/../lib/gcc/arm-none-eabi/5.4.1/armv7-m/libgcc.a(_arm_addsubsf3.o)
                0x08000ad0                __aeabi_frsub
                0x08000ad8                __subsf3
                0x08000ad8                __aeabi_fsub
                0x08000adc                __aeabi_fadd
                0x08000adc                __addsf3
                0x08000c3c                __aeabi_ui2f
                0x08000c3c                __floatunsisf
                0x08000c44                __aeabi_i2f
                0x08000c44                __floatsisf
                0x08000c60                __floatundisf
                0x08000c60                __aeabi_ul2f
                0x08000c70                __floatdisf
                0x08000c70                __aeabi_l2f
 *(.text*)
 .text.HAL_InitTick
                0x08000cec       0x2c Drivers/STM32L1xx_HAL_Driver/Src/stm32l1xx_hal.o
                0x08000cec                HAL_InitTick
 .text.HAL_Init
                0x08000d18       0x18 Drivers/STM32L1xx_HAL_Driver/Src/stm32l1xx_hal.o
                0x08000d18                HAL_Init
 .text.HAL_IncTick
                0x08000d30       0x10 Drivers/STM32L1xx_HAL_Driver/Src/stm32l1xx_hal.o
                0x08000d30                HAL_IncTick
 .text.HAL_GetTick
                0x08000d40        0xc Drivers/STM32L1xx_HAL_Driver/Src/stm32l1xx_hal.o
                0x08000d40                HAL_GetTick
 .text.HAL_Delay
                0x08000d4c       0x1c Drivers/STM32L1xx_HAL_Driver/Src/stm32l1xx_hal.o
                0x08000d4c                HAL_Delay
 .text.HAL_DBGMCU_EnableDBGSleepMode
                0x08000d68       0x10 Drivers/STM32L1xx_HAL_Driver/Src/stm32l1xx_hal.o
                0x08000d68                HAL_DBGMCU_EnableDBGSleepMode
 .text.HAL_DBGMCU_EnableDBGStopMode
                0x08000d78       0x10 Drivers/STM32L1xx_HAL_Driver/Src/stm32l1xx_hal.o
                0x08000d78                HAL_DBGMCU_EnableDBGStopMode
 .text.HAL_DBGMCU_EnableDBGStandbyMode
                0x08000d88       0x10 Drivers/STM32L1xx_HAL_Driver/Src/stm32l1xx_hal.o
                0x08000d88                HAL_DBGMCU_EnableDBGStandbyMode
 .text.HAL_ADC_MspInit
                0x08000d98        0x4 Drivers/STM32L1xx_HAL_Driver/Src/stm32l1xx_hal_adc.o
                0x08000d98                HAL_ADC_MspInit
 .text.HAL_ADC_Init
                0x08000d9c      0x190 Drivers/STM32L1xx_HAL_Driver/Src/stm32l1xx_hal_adc.o
                0x08000d9c                HAL_ADC_Init
 .text.HAL_ADC_MspDeInit
                0x08000f2c        0x4 Drivers/STM32L1xx_HAL_Driver/Src/stm32l1xx_hal_adc.o
                0x08000f2c                HAL_ADC_MspDeInit
 .text.HAL_ADC_PollForConversion
                0x08000f30       0xbc Drivers/STM32L1xx_HAL_Driver/Src/stm32l1xx_hal_adc.o
                0x08000f30                HAL_ADC_PollForConversion
 .text.HAL_ADC_GetValue
                0x08000fec        0x8 Drivers/STM32L1xx_HAL_Driver/Src/stm32l1xx_hal_adc.o
                0x08000fec                HAL_ADC_GetValue
 .text.HAL_ADC_ConfigChannel
                0x08000ff4      0x190 Drivers/STM32L1xx_HAL_Driver/Src/stm32l1xx_hal_adc.o
                0x08000ff4                HAL_ADC_ConfigChannel
 .text.ADC_Enable
                0x08001184       0x84 Drivers/STM32L1xx_HAL_Driver/Src/stm32l1xx_hal_adc.o
                0x08001184                ADC_Enable
 .text.HAL_ADC_Start
                0x08001208       0x84 Drivers/STM32L1xx_HAL_Driver/Src/stm32l1xx_hal_adc.o
                0x08001208                HAL_ADC_Start
 .text.ADC_ConversionStop_Disable
                0x0800128c       0x50 Drivers/STM32L1xx_HAL_Driver/Src/stm32l1xx_hal_adc.o
                0x0800128c                ADC_ConversionStop_Disable
 .text.HAL_ADC_DeInit
                0x080012dc      0x11c Drivers/STM32L1xx_HAL_Driver/Src/stm32l1xx_hal_adc.o
                0x080012dc                HAL_ADC_DeInit
 .text.HAL_NVIC_SetPriorityGrouping
                0x080013f8       0x24 Drivers/STM32L1xx_HAL_Driver/Src/stm32l1xx_hal_cortex.o
                0x080013f8                HAL_NVIC_SetPriorityGrouping
 .text.HAL_NVIC_SetPriority
                0x0800141c       0x64 Drivers/STM32L1xx_HAL_Driver/Src/stm32l1xx_hal_cortex.o
                0x0800141c                HAL_NVIC_SetPriority
 .text.HAL_NVIC_EnableIRQ
                0x08001480       0x18 Drivers/STM32L1xx_HAL_Driver/Src/stm32l1xx_hal_cortex.o
                0x08001480                HAL_NVIC_EnableIRQ
 .text.HAL_SYSTICK_Config
                0x08001498       0x2c Drivers/STM32L1xx_HAL_Driver/Src/stm32l1xx_hal_cortex.o
                0x08001498                HAL_SYSTICK_Config
 .text.HAL_SYSTICK_CLKSourceConfig
                0x080014c4       0x20 Drivers/STM32L1xx_HAL_Driver/Src/stm32l1xx_hal_cortex.o
                0x080014c4                HAL_SYSTICK_CLKSourceConfig
 .text.HAL_SYSTICK_Callback
                0x080014e4        0x4 Drivers/STM32L1xx_HAL_Driver/Src/stm32l1xx_hal_cortex.o
                0x080014e4                HAL_SYSTICK_Callback
 .text.HAL_SYSTICK_IRQHandler
                0x080014e8        0x8 Drivers/STM32L1xx_HAL_Driver/Src/stm32l1xx_hal_cortex.o
                0x080014e8                HAL_SYSTICK_IRQHandler
 .text.HAL_GPIO_Init
                0x080014f0      0x194 Drivers/STM32L1xx_HAL_Driver/Src/stm32l1xx_hal_gpio.o
                0x080014f0                HAL_GPIO_Init
 .text.HAL_GPIO_WritePin
                0x08001684        0xc Drivers/STM32L1xx_HAL_Driver/Src/stm32l1xx_hal_gpio.o
                0x08001684                HAL_GPIO_WritePin
 .text.HAL_GPIO_EXTI_IRQHandler
                0x08001690       0x18 Drivers/STM32L1xx_HAL_Driver/Src/stm32l1xx_hal_gpio.o
                0x08001690                HAL_GPIO_EXTI_IRQHandler
 .text.HAL_MspInit
                0x080016a8        0x4 Drivers/STM32L1xx_HAL_Driver/Src/stm32l1xx_hal_msp_template.o
                0x080016a8                HAL_MspInit
 .text.HAL_PWR_DisablePVD
                0x080016ac       0x1c Drivers/STM32L1xx_HAL_Driver/Src/stm32l1xx_hal_pwr.o
                0x080016ac                HAL_PWR_DisablePVD
 .text.HAL_PWR_EnterSTOPMode
                0x080016c8       0x38 Drivers/STM32L1xx_HAL_Driver/Src/stm32l1xx_hal_pwr.o
                0x080016c8                HAL_PWR_EnterSTOPMode
 .text.HAL_PWREx_GetVoltageRange
                0x08001700       0x10 Drivers/STM32L1xx_HAL_Driver/Src/stm32l1xx_hal_pwr_ex.o
                0x08001700                HAL_PWREx_GetVoltageRange
 .text.HAL_PWREx_EnableFastWakeUp
                0x08001710       0x1c Drivers/STM32L1xx_HAL_Driver/Src/stm32l1xx_hal_pwr_ex.o
                0x08001710                HAL_PWREx_EnableFastWakeUp
 .text.HAL_PWREx_EnableUltraLowPower
                0x0800172c       0x1c Drivers/STM32L1xx_HAL_Driver/Src/stm32l1xx_hal_pwr_ex.o
                0x0800172c                HAL_PWREx_EnableUltraLowPower
 .text.RCC_SetFlashLatencyFromMSIRange
                0x08001748       0x90 Drivers/STM32L1xx_HAL_Driver/Src/stm32l1xx_hal_rcc.o
 .text.HAL_RCC_OscConfig
                0x080017d8      0x79c Drivers/STM32L1xx_HAL_Driver/Src/stm32l1xx_hal_rcc.o
                0x080017d8                HAL_RCC_OscConfig
 .text.HAL_RCC_GetSysClockFreq
                0x08001f74       0x98 Drivers/STM32L1xx_HAL_Driver/Src/stm32l1xx_hal_rcc.o
                0x08001f74                HAL_RCC_GetSysClockFreq
 .text.HAL_RCC_ClockConfig
                0x0800200c      0x25c Drivers/STM32L1xx_HAL_Driver/Src/stm32l1xx_hal_rcc.o
                0x0800200c                HAL_RCC_ClockConfig
 .text.HAL_RCC_GetHCLKFreq
                0x08002268        0xc Drivers/STM32L1xx_HAL_Driver/Src/stm32l1xx_hal_rcc.o
                0x08002268                HAL_RCC_GetHCLKFreq
 .text.HAL_RCC_GetPCLK1Freq
                0x08002274       0x30 Drivers/STM32L1xx_HAL_Driver/Src/stm32l1xx_hal_rcc.o
                0x08002274                HAL_RCC_GetPCLK1Freq
 .text.HAL_RCC_GetPCLK2Freq
                0x080022a4       0x30 Drivers/STM32L1xx_HAL_Driver/Src/stm32l1xx_hal_rcc.o
                0x080022a4                HAL_RCC_GetPCLK2Freq
 .text.HAL_RCCEx_PeriphCLKConfig
                0x080022d4      0x16c Drivers/STM32L1xx_HAL_Driver/Src/stm32l1xx_hal_rcc_ex.o
                0x080022d4                HAL_RCCEx_PeriphCLKConfig
 .text.HAL_RTC_MspInit
                0x08002440        0x4 Drivers/STM32L1xx_HAL_Driver/Src/stm32l1xx_hal_rtc.o
                0x08002440                HAL_RTC_MspInit
 .text.HAL_RTC_DeactivateAlarm
                0x08002444       0xc0 Drivers/STM32L1xx_HAL_Driver/Src/stm32l1xx_hal_rtc.o
                0x08002444                HAL_RTC_DeactivateAlarm
 .text.HAL_RTC_AlarmAEventCallback
                0x08002504        0x4 Drivers/STM32L1xx_HAL_Driver/Src/stm32l1xx_hal_rtc.o
                0x08002504                HAL_RTC_AlarmAEventCallback
 .text.HAL_RTC_AlarmIRQHandler
                0x08002508       0x5c Drivers/STM32L1xx_HAL_Driver/Src/stm32l1xx_hal_rtc.o
                0x08002508                HAL_RTC_AlarmIRQHandler
 .text.RTC_EnterInitMode
                0x08002564       0x40 Drivers/STM32L1xx_HAL_Driver/Src/stm32l1xx_hal_rtc.o
                0x08002564                RTC_EnterInitMode
 .text.HAL_RTC_Init
                0x080025a4       0xa8 Drivers/STM32L1xx_HAL_Driver/Src/stm32l1xx_hal_rtc.o
                0x080025a4                HAL_RTC_Init
 .text.RTC_ByteToBcd2
                0x0800264c       0x18 Drivers/STM32L1xx_HAL_Driver/Src/stm32l1xx_hal_rtc.o
                0x0800264c                RTC_ByteToBcd2
 .text.HAL_RTC_SetTime
                0x08002664       0xf4 Drivers/STM32L1xx_HAL_Driver/Src/stm32l1xx_hal_rtc.o
                0x08002664                HAL_RTC_SetTime
 .text.HAL_RTC_SetDate
                0x08002758       0xd0 Drivers/STM32L1xx_HAL_Driver/Src/stm32l1xx_hal_rtc.o
                0x08002758                HAL_RTC_SetDate
 .text.RTC_Bcd2ToByte
                0x08002828       0x14 Drivers/STM32L1xx_HAL_Driver/Src/stm32l1xx_hal_rtc.o
                0x08002828                RTC_Bcd2ToByte
 .text.HAL_RTC_GetDate
                0x0800283c       0x44 Drivers/STM32L1xx_HAL_Driver/Src/stm32l1xx_hal_rtc.o
                0x0800283c                HAL_RTC_GetDate
 .text.HAL_RTC_GetTime
                0x08002880       0x44 Drivers/STM32L1xx_HAL_Driver/Src/stm32l1xx_hal_rtc_ex.o
                0x08002880                HAL_RTC_GetTime
 .text.HAL_RTC_SetAlarm_IT
                0x080028c4      0x198 Drivers/STM32L1xx_HAL_Driver/Src/stm32l1xx_hal_rtc_ex.o
                0x080028c4                HAL_RTC_SetAlarm_IT
 .text.HAL_RTC_GetAlarm
                0x08002a5c       0x70 Drivers/STM32L1xx_HAL_Driver/Src/stm32l1xx_hal_rtc_ex.o
                0x08002a5c                HAL_RTC_GetAlarm
 .text.HAL_RTC_WaitForSynchro
                0x08002acc       0x34 Drivers/STM32L1xx_HAL_Driver/Src/stm32l1xx_hal_rtc_ex.o
                0x08002acc                HAL_RTC_WaitForSynchro
 .text.HAL_RTCEx_DeactivateWakeUpTimer
                0x08002b00       0x74 Drivers/STM32L1xx_HAL_Driver/Src/stm32l1xx_hal_rtc_ex.o
                0x08002b00                HAL_RTCEx_DeactivateWakeUpTimer
 .text.HAL_RTCEx_AlarmBEventCallback
                0x08002b74        0x4 Drivers/STM32L1xx_HAL_Driver/Src/stm32l1xx_hal_rtc_ex.o
                0x08002b74                HAL_RTCEx_AlarmBEventCallback
 .text.HAL_SPI_MspInit
                0x08002b78        0x4 Drivers/STM32L1xx_HAL_Driver/Src/stm32l1xx_hal_spi.o
                0x08002b78                HAL_SPI_MspInit
 .text.HAL_SPI_MspDeInit
                0x08002b7c        0x4 Drivers/STM32L1xx_HAL_Driver/Src/stm32l1xx_hal_spi.o
                0x08002b7c                HAL_SPI_MspDeInit
 .text.HAL_SPI_DeInit
                0x08002b80       0x28 Drivers/STM32L1xx_HAL_Driver/Src/stm32l1xx_hal_spi.o
                0x08002b80                HAL_SPI_DeInit
 .text.HAL_SPI_Init
                0x08002ba8       0x7c Drivers/STM32L1xx_HAL_Driver/Src/stm32l1xx_hal_spi_ex.o
                0x08002ba8                HAL_SPI_Init
 .text.UART_Transmit_IT
                0x08002c24       0x6c Drivers/STM32L1xx_HAL_Driver/Src/stm32l1xx_hal_uart.o
 .text.UART_SetConfig
                0x08002c90      0x314 Drivers/STM32L1xx_HAL_Driver/Src/stm32l1xx_hal_uart.o
 .text.HAL_UART_MspInit
                0x08002fa4        0x4 Drivers/STM32L1xx_HAL_Driver/Src/stm32l1xx_hal_uart.o
                0x08002fa4                HAL_UART_MspInit
 .text.HAL_UART_Init
                0x08002fa8       0x60 Drivers/STM32L1xx_HAL_Driver/Src/stm32l1xx_hal_uart.o
                0x08002fa8                HAL_UART_Init
 .text.HAL_UART_Transmit_IT
                0x08003008       0x68 Drivers/STM32L1xx_HAL_Driver/Src/stm32l1xx_hal_uart.o
                0x08003008                HAL_UART_Transmit_IT
 .text.HAL_UART_Receive_IT
                0x08003070       0x80 Drivers/STM32L1xx_HAL_Driver/Src/stm32l1xx_hal_uart.o
                0x08003070                HAL_UART_Receive_IT
 .text.UART_EndTransmit_IT
                0x080030f0       0x2c Drivers/STM32L1xx_HAL_Driver/Src/stm32l1xx_hal_uart.o
 .text.UART_Receive_IT
                0x0800311c       0xb4 Drivers/STM32L1xx_HAL_Driver/Src/stm32l1xx_hal_uart.o
 .text.HAL_UART_IRQHandler
                0x080031d0       0xc4 Drivers/STM32L1xx_HAL_Driver/Src/stm32l1xx_hal_uart.o
                0x080031d0                HAL_UART_IRQHandler
 .text.RxWindowSetup
                0x08003294      0x108 Src/LoRaMac.o
 .text.Rx2FreqInRange
                0x0800339c       0x10 Src/LoRaMac.o
 .text.ValidatePayloadLength
                0x080033ac       0x34 Src/LoRaMac.o
 .text.CountBits
                0x080033e0       0x24 Src/LoRaMac.o
 .text.LimitTxPower
                0x08003404        0x8 Src/LoRaMac.o
 .text.ValueInRange
                0x0800340c       0x14 Src/LoRaMac.o
 .text.ValidateDatarate
                0x08003420       0x68 Src/LoRaMac.o
 .text.DisableChannelInMask
                0x08003488       0x30 Src/LoRaMac.o
 .text.AdrNextDr
                0x080034b8       0x60 Src/LoRaMac.o
 .text.AddMacCommand
                0x08003518      0x150 Src/LoRaMac.o
 .text.ParseMacCommandsToRepeat
                0x08003668       0x58 Src/LoRaMac.o
 .text.AlternateDatarate
                0x080036c0       0x58 Src/LoRaMac.o
 .text.JoinDutyCycle
                0x08003718       0x54 Src/LoRaMac.o
 .text.CalculateBackOff
                0x0800376c       0x90 Src/LoRaMac.o
 .text.SetNextChannel
                0x080037fc      0x1f8 Src/LoRaMac.o
 .text.ComputeRxWindowParameters
                0x080039f4      0x134 Src/LoRaMac.o
 .text.ResetMacParameters
                0x08003b28       0xa0 Src/LoRaMac.o
 .text.OnAckTimeoutTimerEvent
                0x08003bc8       0x40 Src/LoRaMac.o
 .text.PrepareRxDoneAbort
                0x08003c08       0x40 Src/LoRaMac.o
 .text.OnRxWindow2TimerEvent
                0x08003c48       0x4c Src/LoRaMac.o
 .text.OnRadioRxTimeout
                0x08003c94       0x54 Src/LoRaMac.o
 .text.OnRadioTxTimeout
                0x08003ce8       0x3c Src/LoRaMac.o
 .text.OnRadioRxError
                0x08003d24       0x84 Src/LoRaMac.o
 .text.OnRadioTxDone
                0x08003da8      0x104 Src/LoRaMac.o
 .text.OnRxWindow1TimerEvent
                0x08003eac       0x54 Src/LoRaMac.o
 .text.PrepareFrame
                0x08003f00      0x310 Src/LoRaMac.o
                0x08003f00                PrepareFrame
 .text.SendFrameOnChannel
                0x08004210      0x1a8 Src/LoRaMac.o
                0x08004210                SendFrameOnChannel
 .text.ScheduleTx
                0x080043b8      0x120 Src/LoRaMac.o
 .text.Send     0x080044d8       0x48 Src/LoRaMac.o
                0x080044d8                Send
 .text.OnTxDelayedTimerEvent
                0x08004520       0x80 Src/LoRaMac.o
 .text.OnMacStateCheckTimerEvent
                0x080045a0      0x324 Src/LoRaMac.o
 .text.SetTxContinuousWave
                0x080048c4       0x7c Src/LoRaMac.o
                0x080048c4                SetTxContinuousWave
 .text.SetTxContinuousWave1
                0x08004940       0x3c Src/LoRaMac.o
                0x08004940                SetTxContinuousWave1
 .text.LoRaMacInitialization
                0x0800497c      0x19c Src/LoRaMac.o
                0x0800497c                LoRaMacInitialization
 .text.LoRaMacQueryTxPossible
                0x08004b18       0x98 Src/LoRaMac.o
                0x08004b18                LoRaMacQueryTxPossible
 .text.LoRaMacMibGetRequestConfirm
                0x08004bb0      0x19c Src/LoRaMac.o
                0x08004bb0                LoRaMacMibGetRequestConfirm
 .text.LoRaMacMibSetRequestConfirm
                0x08004d4c      0x27c Src/LoRaMac.o
                0x08004d4c                LoRaMacMibSetRequestConfirm
 .text.LoRaMacChannelAdd
                0x08004fc8      0x1a0 Src/LoRaMac.o
                0x08004fc8                LoRaMacChannelAdd
 .text.LoRaMacChannelRemove
                0x08005168       0x50 Src/LoRaMac.o
                0x08005168                LoRaMacChannelRemove
 .text.ProcessMacCommands
                0x080051b8      0x340 Src/LoRaMac.o
 .text.OnRadioRxDone
                0x080054f8      0x5b4 Src/LoRaMac.o
 .text.LoRaMacMlmeRequest
                0x08005aac      0x150 Src/LoRaMac.o
                0x08005aac                LoRaMacMlmeRequest
 .text.LoRaMacMcpsRequest
                0x08005bfc      0x11c Src/LoRaMac.o
                0x08005bfc                LoRaMacMcpsRequest
 .text.LoRaMacTestSetDutyCycleOn
                0x08005d18        0xc Src/LoRaMac.o
                0x08005d18                LoRaMacTestSetDutyCycleOn
 .text.LoRaMacComputeMic
                0x08005d24       0x8c Src/LoRaMacCrypto.o
                0x08005d24                LoRaMacComputeMic
 .text.LoRaMacPayloadEncrypt
                0x08005db0       0xf0 Src/LoRaMacCrypto.o
                0x08005db0                LoRaMacPayloadEncrypt
 .text.LoRaMacPayloadDecrypt
                0x08005ea0       0x1c Src/LoRaMacCrypto.o
                0x08005ea0                LoRaMacPayloadDecrypt
 .text.LoRaMacJoinComputeMic
                0x08005ebc       0x58 Src/LoRaMacCrypto.o
                0x08005ebc                LoRaMacJoinComputeMic
 .text.LoRaMacJoinDecrypt
                0x08005f14       0x48 Src/LoRaMacCrypto.o
                0x08005f14                LoRaMacJoinDecrypt
 .text.LoRaMacJoinComputeSKeys
                0x08005f5c       0x94 Src/LoRaMacCrypto.o
                0x08005f5c                LoRaMacJoinComputeSKeys
 .text.AdcMcuInit
                0x08005ff0       0x4c Src/adc-board.o
                0x08005ff0                AdcMcuInit
 .text.AdcMcuConfig
                0x0800603c       0x30 Src/adc-board.o
                0x0800603c                AdcMcuConfig
 .text.AdcMcuReadChannel
                0x0800606c       0xd8 Src/adc-board.o
                0x0800606c                AdcMcuReadChannel
 .text.AdcInit  0x08006144       0x1c Src/adc.o
                0x08006144                AdcInit
 .text.AdcDeInit
                0x08006160        0xc Src/adc.o
                0x08006160                AdcDeInit
 .text.copy_block
                0x0800616c       0x44 Src/aes.o
 .text.copy_block_nn
                0x080061b0       0x18 Src/aes.o
 .text.xor_block
                0x080061c8       0x84 Src/aes.o
 .text.copy_and_key
                0x0800624c       0x88 Src/aes.o
 .text.add_round_key
                0x080062d4        0x8 Src/aes.o
 .text.shift_sub_rows
                0x080062dc       0x68 Src/aes.o
 .text.mix_sub_columns
                0x08006344      0x1e0 Src/aes.o
 .text.aes_set_key
                0x08006524      0x100 Src/aes.o
                0x08006524                aes_set_key
 .text.aes_encrypt
                0x08006624       0x58 Src/aes.o
                0x08006624                aes_encrypt
 .text.OnCalibrateSystemWakeupTimeTimerEvent
                0x0800667c        0xc Src/board.o
 .text.SystemClockConfig
                0x08006688       0xa8 Src/board.o
 .text.SystemClockReConfig
                0x08006730       0xb4 Src/board.o
 .text.CalibrateSystemWakeupTime
                0x080067e4       0x40 Src/board.o
 .text.BoardDisableIrq
                0x08006824       0x10 Src/board.o
                0x08006824                BoardDisableIrq
 .text.BoardEnableIrq
                0x08006834       0x14 Src/board.o
                0x08006834                BoardEnableIrq
 .text.BoardInitPeriph
                0x08006848       0x6c Src/board.o
                0x08006848                BoardInitPeriph
 .text.BoardDeInitMcu
                0x080068b4       0x68 Src/board.o
                0x080068b4                BoardDeInitMcu
 .text.BoardBatteryMeasureVolage
                0x0800691c       0x1c Src/board.o
                0x0800691c                BoardBatteryMeasureVolage
 .text.BoardGetBatteryVoltage
                0x08006938        0xc Src/board.o
                0x08006938                BoardGetBatteryVoltage
 .text.SysTick_Handler
                0x08006944        0xc Src/board.o
                0x08006944                SysTick_Handler
 .text.GetBoardPowerSource
                0x08006950        0x4 Src/board.o
                0x08006950                GetBoardPowerSource
 .text.BoardUnusedIoInit
                0x08006954       0x40 Src/board.o
 .text.BoardInitMcu
                0x08006994       0x68 Src/board.o
                0x08006994                BoardInitMcu
 .text.BoardGetBatteryLevel
                0x080069fc       0x68 Src/board.o
                0x080069fc                BoardGetBatteryLevel
 .text.AES_CMAC_Init
                0x08006a64       0x20 Src/cmac.o
                0x08006a64                AES_CMAC_Init
 .text.AES_CMAC_SetKey
                0x08006a84       0x10 Src/cmac.o
                0x08006a84                AES_CMAC_SetKey
 .text.AES_CMAC_Update
                0x08006a94       0xbc Src/cmac.o
                0x08006a94                AES_CMAC_Update
 .text.AES_CMAC_Final
                0x08006b50      0x19c Src/cmac.o
                0x08006b50                AES_CMAC_Final
 .text.DelayMs  0x08006cec        0x8 Src/delay.o
                0x08006cec                DelayMs
 .text.FifoNext
                0x08006cf4       0x10 Src/fifo.o
 .text.FifoInit
                0x08006d04        0xc Src/fifo.o
                0x08006d04                FifoInit
 .text.FifoPush
                0x08006d10       0x14 Src/fifo.o
                0x08006d10                FifoPush
 .text.FifoPop  0x08006d24       0x14 Src/fifo.o
                0x08006d24                FifoPop
 .text.FifoFlush
                0x08006d38        0x8 Src/fifo.o
                0x08006d38                FifoFlush
 .text.IsFifoEmpty
                0x08006d40       0x10 Src/fifo.o
                0x08006d40                IsFifoEmpty
 .text.IsFifoFull
                0x08006d50       0x18 Src/fifo.o
                0x08006d50                IsFifoFull
 .text.GpioMcuSetInterrupt
                0x08006d68       0xf8 Src/gpio-board.o
                0x08006d68                GpioMcuSetInterrupt
 .text.GpioMcuWrite
                0x08006e60       0x18 Src/gpio-board.o
                0x08006e60                GpioMcuWrite
 .text.GpioMcuInit
                0x08006e78      0x128 Src/gpio-board.o
                0x08006e78                GpioMcuInit
 .text.EXTI0_IRQHandler
                0x08006fa0       0x10 Src/gpio-board.o
                0x08006fa0                EXTI0_IRQHandler
 .text.EXTI1_IRQHandler
                0x08006fb0       0x10 Src/gpio-board.o
                0x08006fb0                EXTI1_IRQHandler
 .text.EXTI2_IRQHandler
                0x08006fc0       0x10 Src/gpio-board.o
                0x08006fc0                EXTI2_IRQHandler
 .text.EXTI3_IRQHandler
                0x08006fd0       0x10 Src/gpio-board.o
                0x08006fd0                EXTI3_IRQHandler
 .text.EXTI4_IRQHandler
                0x08006fe0       0x10 Src/gpio-board.o
                0x08006fe0                EXTI4_IRQHandler
 .text.EXTI9_5_IRQHandler
                0x08006ff0       0x2c Src/gpio-board.o
                0x08006ff0                EXTI9_5_IRQHandler
 .text.EXTI15_10_IRQHandler
                0x0800701c       0x38 Src/gpio-board.o
                0x0800701c                EXTI15_10_IRQHandler
 .text.HAL_GPIO_EXTI_Callback
                0x08007054       0x28 Src/gpio-board.o
                0x08007054                HAL_GPIO_EXTI_Callback
 .text.GpioInit
                0x0800707c       0x20 Src/gpio.o
                0x0800707c                GpioInit
 .text.GpioSetInterrupt
                0x0800709c       0x14 Src/gpio.o
                0x0800709c                GpioSetInterrupt
 .text.GpioWrite
                0x080070b0       0x14 Src/gpio.o
                0x080070b0                GpioWrite
 .text.McpsConfirm
                0x080070c4        0xc Src/main.o
 .text.MlmeConfirm
                0x080070d0       0x4c Src/main.o
 .text.OnManualModeExpiry
                0x0800711c       0x20 Src/main.o
 .text.OnSlaveHeartBeatTimerEvent
                0x0800713c       0x20 Src/main.o
 .text.OnScheduleOffTimerEvent
                0x0800715c       0x3c Src/main.o
 .text.OnScheduleOnTimerEvent
                0x08007198       0x3c Src/main.o
 .text.OnTxNextPacketTimerEvent
                0x080071d4       0x44 Src/main.o
 .text.SendFrame
                0x08007218       0x90 Src/main.o
 .text.UartISR  0x080072a8       0x24 Src/main.o
                0x080072a8                UartISR
 .text.decode_actuation_type
                0x080072cc       0x54 Src/main.o
                0x080072cc                decode_actuation_type
 .text.decode_actuation_message_contents
                0x08007320       0x30 Src/main.o
                0x08007320                decode_actuation_message_contents
 .text.deletePreviousState
                0x08007350       0x34 Src/main.o
                0x08007350                deletePreviousState
 .text.McpsIndication
                0x08007384      0x3c8 Src/main.o
 *fill*         0x0800774c        0x4 
 .text.parseSensorString
                0x08007750      0x198 Src/main.o
                0x08007750                parseSensorString
 .text.PrepareTxFrame
                0x080078e8      0x118 Src/main.o
 .text.parseADCLuxToLedBrightness
                0x08007a00       0x40 Src/main.o
                0x08007a00                parseADCLuxToLedBrightness
 .text.main     0x08007a40      0x3b8 Src/main.o
                0x08007a40                main
 .text.pb_field_iter_begin
                0x08007df8       0x24 Src/pb_common.o
                0x08007df8                pb_field_iter_begin
 .text.pb_field_iter_next
                0x08007e1c       0x7c Src/pb_common.o
                0x08007e1c                pb_field_iter_next
 .text.pb_field_iter_find
                0x08007e98       0x30 Src/pb_common.o
                0x08007e98                pb_field_iter_find
 .text.buf_read
                0x08007ec8       0x24 Src/pb_decode.o
 .text.pb_readbyte
                0x08007eec       0x3c Src/pb_decode.o
 .text.decode_pointer_field
                0x08007f28       0x10 Src/pb_decode.o
 .text.iter_from_extension
                0x08007f38       0x2c Src/pb_decode.o
 .text.find_extension_field
                0x08007f64       0x28 Src/pb_decode.o
 .text.pb_field_set_to_default
                0x08007f8c       0xb8 Src/pb_decode.o
 .text.pb_message_set_to_defaults
                0x08008044       0x28 Src/pb_decode.o
 .text.pb_read  0x0800806c       0x7c Src/pb_decode.o
                0x0800806c                pb_read
 .text.pb_skip_varint
                0x080080e8       0x24 Src/pb_decode.o
 .text.read_raw_value
                0x0800810c       0x74 Src/pb_decode.o
 .text.pb_istream_from_buffer
                0x08008180       0x18 Src/pb_decode.o
                0x08008180                pb_istream_from_buffer
 .text.pb_decode_varint32
                0x08008198       0x6c Src/pb_decode.o
                0x08008198                pb_decode_varint32
 .text.pb_skip_string
                0x08008204       0x24 Src/pb_decode.o
 .text.pb_dec_fixed_length_bytes
                0x08008228       0x60 Src/pb_decode.o
 .text.pb_dec_string
                0x08008288       0x70 Src/pb_decode.o
 .text.pb_dec_bytes
                0x080082f8       0x80 Src/pb_decode.o
 .text.pb_decode_varint
                0x08008378       0x78 Src/pb_decode.o
                0x08008378                pb_decode_varint
 .text.pb_dec_uvarint
                0x080083f0       0x84 Src/pb_decode.o
 .text.pb_dec_varint
                0x08008474       0x88 Src/pb_decode.o
 .text.pb_decode_tag
                0x080084fc       0x48 Src/pb_decode.o
                0x080084fc                pb_decode_tag
 .text.pb_skip_field
                0x08008544       0x40 Src/pb_decode.o
                0x08008544                pb_skip_field
 .text.pb_make_string_substream
                0x08008584       0x40 Src/pb_decode.o
                0x08008584                pb_make_string_substream
 .text.pb_close_string_substream
                0x080085c4       0x24 Src/pb_decode.o
                0x080085c4                pb_close_string_substream
 .text.decode_static_field
                0x080085e8      0x130 Src/pb_decode.o
 .text.decode_callback_field
                0x08008718       0x98 Src/pb_decode.o
 .text.decode_field
                0x080087b0       0x38 Src/pb_decode.o
 .text.default_extension_decoder
                0x080087e8       0x30 Src/pb_decode.o
 .text.decode_extension
                0x08008818       0x50 Src/pb_decode.o
 .text.pb_decode_noinit
                0x08008868      0x14c Src/pb_decode.o
                0x08008868                pb_decode_noinit
 .text.pb_decode
                0x080089b4       0x1c Src/pb_decode.o
                0x080089b4                pb_decode
 .text.pb_dec_submessage
                0x080089d0       0x68 Src/pb_decode.o
 .text.pb_decode_svarint
                0x08008a38       0x40 Src/pb_decode.o
                0x08008a38                pb_decode_svarint
 .text.pb_dec_svarint
                0x08008a78       0x84 Src/pb_decode.o
 .text.pb_decode_fixed32
                0x08008afc       0x38 Src/pb_decode.o
                0x08008afc                pb_decode_fixed32
 .text.pb_dec_fixed32
                0x08008b34        0xc Src/pb_decode.o
 .text.pb_decode_fixed64
                0x08008b40       0x78 Src/pb_decode.o
                0x08008b40                pb_decode_fixed64
 .text.pb_dec_fixed64
                0x08008bb8        0xc Src/pb_decode.o
 .text.buf_write
                0x08008bc4       0x1c Src/pb_encode.o
 .text.encode_callback_field
                0x08008be0       0x28 Src/pb_encode.o
 .text.pb_const_cast
                0x08008c08        0x4 Src/pb_encode.o
 .text.pb_check_proto3_default_value
                0x08008c0c       0xcc Src/pb_encode.o
 .text.pb_ostream_from_buffer
                0x08008cd8       0x18 Src/pb_encode.o
                0x08008cd8                pb_ostream_from_buffer
 .text.pb_write
                0x08008cf0       0x48 Src/pb_encode.o
                0x08008cf0                pb_write
 .text.pb_encode_varint
                0x08008d38       0x5c Src/pb_encode.o
                0x08008d38                pb_encode_varint
 .text.pb_enc_uvarint
                0x08008d94       0x40 Src/pb_encode.o
 .text.pb_enc_varint
                0x08008dd4       0x44 Src/pb_encode.o
 .text.pb_encode_svarint
                0x08008e18       0x20 Src/pb_encode.o
                0x08008e18                pb_encode_svarint
 .text.pb_enc_svarint
                0x08008e38       0x44 Src/pb_encode.o
 .text.pb_encode_fixed32
                0x08008e7c       0x30 Src/pb_encode.o
                0x08008e7c                pb_encode_fixed32
 .text.pb_enc_fixed32
                0x08008eac        0xc Src/pb_encode.o
 .text.pb_encode_fixed64
                0x08008eb8       0x4c Src/pb_encode.o
                0x08008eb8                pb_encode_fixed64
 .text.pb_enc_fixed64
                0x08008f04        0xc Src/pb_encode.o
 .text.pb_encode_tag
                0x08008f10       0x14 Src/pb_encode.o
                0x08008f10                pb_encode_tag
 .text.pb_encode_tag_for_field
                0x08008f24       0x44 Src/pb_encode.o
                0x08008f24                pb_encode_tag_for_field
 .text.encode_array
                0x08008f68      0x130 Src/pb_encode.o
 .text.encode_basic_field
                0x08009098      0x10c Src/pb_encode.o
 .text.encode_field
                0x080091a4       0x30 Src/pb_encode.o
 .text.default_extension_encoder
                0x080091d4       0x24 Src/pb_encode.o
 .text.encode_extension_field
                0x080091f8       0x30 Src/pb_encode.o
 .text.pb_encode
                0x08009228       0x58 Src/pb_encode.o
                0x08009228                pb_encode
 .text.pb_encode_string
                0x08009280       0x24 Src/pb_encode.o
                0x08009280                pb_encode_string
 .text.pb_enc_fixed_length_bytes
                0x080092a4       0x10 Src/pb_encode.o
 .text.pb_enc_string
                0x080092b4       0x38 Src/pb_encode.o
 .text.pb_enc_bytes
                0x080092ec       0x3c Src/pb_encode.o
 .text.pb_encode_submessage
                0x08009328       0xa8 Src/pb_encode.o
                0x08009328                pb_encode_submessage
 .text.pb_enc_submessage
                0x080093d0       0x20 Src/pb_encode.o
 .text.RtcCheckCalendarRollOver
                0x080093f0       0x2c Src/rtc-board.o
 .text.RtcGetCalendar
                0x0800941c       0x44 Src/rtc-board.o
 .text.RtcComputeTimerTimeToAlarmTick
                0x08009460      0x200 Src/rtc-board.o
 .text.RtcStartWakeUpAlarm
                0x08009660       0x8c Src/rtc-board.o
 *fill*         0x080096ec        0x4 
 .text.RtcConvertCalendarTickToTimerTime
                0x080096f0      0x134 Src/rtc-board.o
 .text.RtcComputeWakeUpTime
                0x08009824       0x84 Src/rtc-board.o
 .text.RtcInit  0x080098a8       0xa0 Src/rtc-board.o
                0x080098a8                RtcInit
 .text.RtcSetTimeout
                0x08009948        0x8 Src/rtc-board.o
                0x08009948                RtcSetTimeout
 .text.RtcGetAdjustedTimeoutValue
                0x08009950       0x48 Src/rtc-board.o
                0x08009950                RtcGetAdjustedTimeoutValue
 .text.RtcGetTimerValue
                0x08009998        0xc Src/rtc-board.o
                0x08009998                RtcGetTimerValue
 .text.RtcGetElapsedAlarmTime
                0x080099a4       0x24 Src/rtc-board.o
                0x080099a4                RtcGetElapsedAlarmTime
 .text.RtcComputeElapsedTime
                0x080099c8       0x20 Src/rtc-board.o
                0x080099c8                RtcComputeElapsedTime
 .text.RtcEnterLowPowerStopMode
                0x080099e8       0x40 Src/rtc-board.o
                0x080099e8                RtcEnterLowPowerStopMode
 .text.RtcRecoverMcuStatus
                0x08009a28       0x48 Src/rtc-board.o
                0x08009a28                RtcRecoverMcuStatus
 .text.BlockLowPowerDuringTask
                0x08009a70       0x18 Src/rtc-board.o
                0x08009a70                BlockLowPowerDuringTask
 .text.RTC_Alarm_IRQHandler
                0x08009a88       0x2c Src/rtc-board.o
                0x08009a88                RTC_Alarm_IRQHandler
 .text.SpiDeInit
                0x08009ab4       0x5c Src/spi-board.o
                0x08009ab4                SpiDeInit
 .text.SpiFormat
                0x08009b10       0x38 Src/spi-board.o
                0x08009b10                SpiFormat
 .text.SpiFrequency
                0x08009b48       0x44 Src/spi-board.o
                0x08009b48                SpiFrequency
 .text.SpiInit  0x08009b8c      0x1a0 Src/spi-board.o
                0x08009b8c                SpiInit
 .text.SpiInOut
                0x08009d2c       0x38 Src/spi-board.o
                0x08009d2c                SpiInOut
 .text.SX1272CheckRfFrequency
                0x08009d64        0x4 Src/sx1272-board.o
                0x08009d64                SX1272CheckRfFrequency
 .text.SX1272IoInit
                0x08009d68       0x90 Src/sx1272-board.o
                0x08009d68                SX1272IoInit
 .text.SX1272IoIrqInit
                0x08009df8       0x60 Src/sx1272-board.o
                0x08009df8                SX1272IoIrqInit
 .text.SX1272IoDeInit
                0x08009e58       0x8c Src/sx1272-board.o
                0x08009e58                SX1272IoDeInit
 .text.SX1272GetPaSelect
                0x08009ee4        0x4 Src/sx1272-board.o
                0x08009ee4                SX1272GetPaSelect
 .text.SX1272SetRfTxPower
                0x08009ee8       0xb4 Src/sx1272-board.o
                0x08009ee8                SX1272SetRfTxPower
 .text.SX1272AntSwInit
                0x08009f9c       0x34 Src/sx1272-board.o
                0x08009f9c                SX1272AntSwInit
 .text.SX1272AntSwDeInit
                0x08009fd0       0x34 Src/sx1272-board.o
                0x08009fd0                SX1272AntSwDeInit
 .text.SX1272SetAntSwLowPower
                0x0800a004       0x20 Src/sx1272-board.o
                0x0800a004                SX1272SetAntSwLowPower
 .text.SX1272SetAntSw
                0x0800a024       0x34 Src/sx1272-board.o
                0x0800a024                SX1272SetAntSw
 .text.GetFskBandwidthRegValue
                0x0800a058       0x38 Src/sx1272.o
 .text.SX1272OnDio4Irq
                0x0800a090       0x20 Src/sx1272.o
                0x0800a090                SX1272OnDio4Irq
 .text.SX1272GetStatus
                0x0800a0b0        0xc Src/sx1272.o
                0x0800a0b0                SX1272GetStatus
 .text.SX1272Reset
                0x0800a0bc       0x40 Src/sx1272.o
                0x0800a0bc                SX1272Reset
 .text.SX1272WriteBuffer
                0x0800a0fc       0x44 Src/sx1272.o
                0x0800a0fc                SX1272WriteBuffer
 .text.SX1272Write
                0x0800a140       0x18 Src/sx1272.o
                0x0800a140                SX1272Write
 .text.SX1272SetChannel
                0x0800a158       0x4c Src/sx1272.o
                0x0800a158                SX1272SetChannel
 .text.SX1272ReadBuffer
                0x0800a1a4       0x48 Src/sx1272.o
                0x0800a1a4                SX1272ReadBuffer
 .text.SX1272Read
                0x0800a1ec       0x18 Src/sx1272.o
                0x0800a1ec                SX1272Read
 *fill*         0x0800a204        0x4 
 .text.SX1272GetTimeOnAir
                0x0800a208      0x23c Src/sx1272.o
                0x0800a208                SX1272GetTimeOnAir
 .text.SX1272ReadRssi
                0x0800a444       0x2c Src/sx1272.o
                0x0800a444                SX1272ReadRssi
 .text.SX1272SetOpMode
                0x0800a470       0x34 Src/sx1272.o
                0x0800a470                SX1272SetOpMode
 .text.SX1272SetSleep
                0x0800a4a4       0x2c Src/sx1272.o
                0x0800a4a4                SX1272SetSleep
 .text.SX1272SetStby
                0x0800a4d0       0x2c Src/sx1272.o
                0x0800a4d0                SX1272SetStby
 .text.SX1272SetRx
                0x0800a4fc      0x16c Src/sx1272.o
                0x0800a4fc                SX1272SetRx
 .text.SX1272SetTx
                0x0800a668       0xb0 Src/sx1272.o
                0x0800a668                SX1272SetTx
 .text.SX1272StartCad
                0x0800a718       0x38 Src/sx1272.o
                0x0800a718                SX1272StartCad
 .text.SX1272SetModem
                0x0800a750       0x88 Src/sx1272.o
                0x0800a750                SX1272SetModem
 .text.SX1272Init
                0x0800a7d8       0x8c Src/sx1272.o
                0x0800a7d8                SX1272Init
 .text.SX1272IsChannelFree
                0x0800a864       0x38 Src/sx1272.o
                0x0800a864                SX1272IsChannelFree
 .text.SX1272Random
                0x0800a89c       0x40 Src/sx1272.o
                0x0800a89c                SX1272Random
 *fill*         0x0800a8dc        0x4 
 .text.SX1272SetRxConfig
                0x0800a8e0      0x2a8 Src/sx1272.o
                0x0800a8e0                SX1272SetRxConfig
 .text.SX1272SetTxConfig
                0x0800ab88      0x24c Src/sx1272.o
                0x0800ab88                SX1272SetTxConfig
 .text.SX1272SetTxContinuousWave
                0x0800add4       0x94 Src/sx1272.o
                0x0800add4                SX1272SetTxContinuousWave
 .text.SX1272OnDio2Irq
                0x0800ae68       0xfc Src/sx1272.o
                0x0800ae68                SX1272OnDio2Irq
 .text.SX1272OnDio3Irq
                0x0800af64       0x54 Src/sx1272.o
                0x0800af64                SX1272OnDio3Irq
 .text.SX1272WriteFifo
                0x0800afb8       0x10 Src/sx1272.o
                0x0800afb8                SX1272WriteFifo
 .text.SX1272Send
                0x0800afc8      0x120 Src/sx1272.o
                0x0800afc8                SX1272Send
 .text.SX1272ReadFifo
                0x0800b0e8       0x10 Src/sx1272.o
                0x0800b0e8                SX1272ReadFifo
 .text.SX1272OnDio0Irq
                0x0800b0f8      0x2a8 Src/sx1272.o
                0x0800b0f8                SX1272OnDio0Irq
 .text.SX1272OnDio1Irq
                0x0800b3a0      0x118 Src/sx1272.o
                0x0800b3a0                SX1272OnDio1Irq
 .text.SX1272SetMaxPayloadLength
                0x0800b4b8       0x34 Src/sx1272.o
                0x0800b4b8                SX1272SetMaxPayloadLength
 .text.SX1272SetPublicNetwork
                0x0800b4ec       0x2c Src/sx1272.o
                0x0800b4ec                SX1272SetPublicNetwork
 .text.SX1272OnTimeoutIrq
                0x0800b518       0xe4 Src/sx1272.o
                0x0800b518                SX1272OnTimeoutIrq
 .text.NMI_Handler
                0x0800b5fc        0x4 Src/sysIrqHandlers.o
                0x0800b5fc                NMI_Handler
 .text.MemManage_Handler
                0x0800b600        0x4 Src/sysIrqHandlers.o
                0x0800b600                MemManage_Handler
 .text.BusFault_Handler
                0x0800b604        0x4 Src/sysIrqHandlers.o
                0x0800b604                BusFault_Handler
 .text.UsageFault_Handler
                0x0800b608        0x4 Src/sysIrqHandlers.o
                0x0800b608                UsageFault_Handler
 .text.DebugMon_Handler
                0x0800b60c        0x4 Src/sysIrqHandlers.o
                0x0800b60c                DebugMon_Handler
 .text.SystemInit
                0x0800b610       0x48 Src/system_stm32l1xx.o
                0x0800b610                SystemInit
 .text.TimerInsertTimer
                0x0800b658       0x5c Src/timer.o
 .text.TimerExists
                0x0800b6b4       0x1c Src/timer.o
 .text.TimerSetTimeout
                0x0800b6d0       0x1c Src/timer.o
 .text.TimerInsertNewHeadTimer
                0x0800b6ec       0x28 Src/timer.o
 .text.TimerInit
                0x0800b714       0x10 Src/timer.o
                0x0800b714                TimerInit
 .text.TimerGetValue
                0x0800b724        0x8 Src/timer.o
                0x0800b724                TimerGetValue
 .text.TimerStart
                0x0800b72c       0x68 Src/timer.o
                0x0800b72c                TimerStart
 .text.TimerIrqHandler
                0x0800b794       0x54 Src/timer.o
                0x0800b794                TimerIrqHandler
 .text.TimerStop
                0x0800b7e8       0xa0 Src/timer.o
                0x0800b7e8                TimerStop
 .text.TimerSetValue
                0x0800b888       0x10 Src/timer.o
                0x0800b888                TimerSetValue
 .text.TimerGetCurrentTime
                0x0800b898        0x8 Src/timer.o
                0x0800b898                TimerGetCurrentTime
 .text.TimerGetElapsedTime
                0x0800b8a0        0x8 Src/timer.o
                0x0800b8a0                TimerGetElapsedTime
 .text.TimerLowPowerHandler
                0x0800b8a8       0x3c Src/timer.o
                0x0800b8a8                TimerLowPowerHandler
 .text.UartMcuInit
                0x0800b8e4       0x64 Src/uart-board.o
                0x0800b8e4                UartMcuInit
 .text.UartMcuConfig
                0x0800b948       0xe4 Src/uart-board.o
                0x0800b948                UartMcuConfig
 .text.UartMcuPutChar
                0x0800ba2c       0x48 Src/uart-board.o
                0x0800ba2c                UartMcuPutChar
 .text.UartMcuGetChar
                0x0800ba74       0x2c Src/uart-board.o
                0x0800ba74                UartMcuGetChar
 .text.HAL_UART_TxCpltCallback
                0x0800baa0       0x44 Src/uart-board.o
                0x0800baa0                HAL_UART_TxCpltCallback
 .text.HAL_UART_RxCpltCallback
                0x0800bae4       0x44 Src/uart-board.o
                0x0800bae4                HAL_UART_RxCpltCallback
 .text.HAL_UART_ErrorCallback
                0x0800bb28       0x18 Src/uart-board.o
                0x0800bb28                HAL_UART_ErrorCallback
 .text.USART1_IRQHandler
                0x0800bb40       0x10 Src/uart-board.o
                0x0800bb40                USART1_IRQHandler
 .text.UartReEnableRx
                0x0800bb50       0x18 Src/uart-board.o
                0x0800bb50                UartReEnableRx
 .text.UartInit
                0x0800bb68       0x14 Src/uart.o
                0x0800bb68                UartInit
 .text.UartConfig
                0x0800bb7c       0x24 Src/uart.o
                0x0800bb7c                UartConfig
 .text.UartPutChar
                0x0800bba0       0x14 Src/uart.o
                0x0800bba0                UartPutChar
 .text.UartGetChar
                0x0800bbb4       0x14 Src/uart.o
                0x0800bbb4                UartGetChar
 .text.UartPutBuffer
                0x0800bbc8       0x40 Src/uart.o
                0x0800bbc8                UartPutBuffer
 .text.UartGetBuffer
                0x0800bc08       0x34 Src/uart.o
                0x0800bc08                UartGetBuffer
 .text.rand1    0x0800bc3c       0x30 Src/utilities.o
                0x0800bc3c                rand1
 .text.srand1   0x0800bc6c        0xc Src/utilities.o
                0x0800bc6c                srand1
 .text.randr    0x0800bc78       0x1c Src/utilities.o
                0x0800bc78                randr
 .text.memcpy1  0x0800bc94       0x18 Src/utilities.o
                0x0800bc94                memcpy1
 .text.memcpyr  0x0800bcac       0x1c Src/utilities.o
                0x0800bcac                memcpyr
 .text.memset1  0x0800bcc8       0x14 Src/utilities.o
                0x0800bcc8                memset1
 .text.Reset_Handler
                0x0800bcdc       0x48 startup/startup_stm32l151xb.o
                0x0800bcdc                Reset_Handler
 .text.Default_Handler
                0x0800bd24        0x2 startup/startup_stm32l151xb.o
                0x0800bd24                HardFault_Handler
                0x0800bd24                TIM10_IRQHandler
                0x0800bd24                USB_HP_IRQHandler
                0x0800bd24                TIM6_IRQHandler
                0x0800bd24                PVD_IRQHandler
                0x0800bd24                PendSV_Handler
                0x0800bd24                I2C2_EV_IRQHandler
                0x0800bd24                SPI1_IRQHandler
                0x0800bd24                USB_FS_WKUP_IRQHandler
                0x0800bd24                DMA1_Channel4_IRQHandler
                0x0800bd24                ADC1_IRQHandler
                0x0800bd24                USART3_IRQHandler
                0x0800bd24                DMA1_Channel7_IRQHandler
                0x0800bd24                TIM4_IRQHandler
                0x0800bd24                I2C1_EV_IRQHandler
                0x0800bd24                DMA1_Channel6_IRQHandler
                0x0800bd24                TIM3_IRQHandler
                0x0800bd24                RCC_IRQHandler
                0x0800bd24                DMA1_Channel1_IRQHandler
                0x0800bd24                Default_Handler
                0x0800bd24                TIM7_IRQHandler
                0x0800bd24                TIM9_IRQHandler
                0x0800bd24                TAMPER_STAMP_IRQHandler
                0x0800bd24                RTC_WKUP_IRQHandler
                0x0800bd24                SPI2_IRQHandler
                0x0800bd24                SVC_Handler
                0x0800bd24                DMA1_Channel5_IRQHandler
                0x0800bd24                USB_LP_IRQHandler
                0x0800bd24                DMA1_Channel3_IRQHandler
                0x0800bd24                COMP_IRQHandler
                0x0800bd24                WWDG_IRQHandler
                0x0800bd24                TIM2_IRQHandler
                0x0800bd24                DAC_IRQHandler
                0x0800bd24                TIM11_IRQHandler
                0x0800bd24                USART2_IRQHandler
                0x0800bd24                I2C2_ER_IRQHandler
                0x0800bd24                DMA1_Channel2_IRQHandler
                0x0800bd24                FLASH_IRQHandler
                0x0800bd24                I2C1_ER_IRQHandler
 *fill*         0x0800bd26        0x2 
 .text.ceil     0x0800bd28      0x110 /home/thepro/Ac6/SystemWorkbench/plugins/fr.ac6.mcu.externaltools.arm-none.linux64_1.13.1.201707031232/tools/compiler/bin/../lib/gcc/arm-none-eabi/5.4.1/../../../../arm-none-eabi/lib/armv7-m/libm.a(lib_a-s_ceil.o)
                0x0800bd28                ceil
 .text.floor    0x0800be38      0x110 /home/thepro/Ac6/SystemWorkbench/plugins/fr.ac6.mcu.externaltools.arm-none.linux64_1.13.1.201707031232/tools/compiler/bin/../lib/gcc/arm-none-eabi/5.4.1/../../../../arm-none-eabi/lib/armv7-m/libm.a(lib_a-s_floor.o)
                0x0800be38                floor
 .text.round    0x0800bf48       0xa0 /home/thepro/Ac6/SystemWorkbench/plugins/fr.ac6.mcu.externaltools.arm-none.linux64_1.13.1.201707031232/tools/compiler/bin/../lib/gcc/arm-none-eabi/5.4.1/../../../../arm-none-eabi/lib/armv7-m/libm.a(lib_a-s_round.o)
                0x0800bf48                round
 .text.atoi     0x0800bfe8        0x8 /home/thepro/Ac6/SystemWorkbench/plugins/fr.ac6.mcu.externaltools.arm-none.linux64_1.13.1.201707031232/tools/compiler/bin/../lib/gcc/arm-none-eabi/5.4.1/../../../../arm-none-eabi/lib/armv7-m/libc_nano.a(lib_a-atoi.o)
                0x0800bfe8                atoi
 .text.__libc_init_array
                0x0800bff0       0x4c /home/thepro/Ac6/SystemWorkbench/plugins/fr.ac6.mcu.externaltools.arm-none.linux64_1.13.1.201707031232/tools/compiler/bin/../lib/gcc/arm-none-eabi/5.4.1/../../../../arm-none-eabi/lib/armv7-m/libc_nano.a(lib_a-init.o)
                0x0800bff0                __libc_init_array
 .text.memcpy   0x0800c03c       0x16 /home/thepro/Ac6/SystemWorkbench/plugins/fr.ac6.mcu.externaltools.arm-none.linux64_1.13.1.201707031232/tools/compiler/bin/../lib/gcc/arm-none-eabi/5.4.1/../../../../arm-none-eabi/lib/armv7-m/libc_nano.a(lib_a-memcpy-stub.o)
                0x0800c03c                memcpy
 .text.memset   0x0800c052       0x10 /home/thepro/Ac6/SystemWorkbench/plugins/fr.ac6.mcu.externaltools.arm-none.linux64_1.13.1.201707031232/tools/compiler/bin/../lib/gcc/arm-none-eabi/5.4.1/../../../../arm-none-eabi/lib/armv7-m/libc_nano.a(lib_a-memset.o)
                0x0800c052                memset
 *fill*         0x0800c062        0x2 
 .text.strtok   0x0800c064       0x64 /home/thepro/Ac6/SystemWorkbench/plugins/fr.ac6.mcu.externaltools.arm-none.linux64_1.13.1.201707031232/tools/compiler/bin/../lib/gcc/arm-none-eabi/5.4.1/../../../../arm-none-eabi/lib/armv7-m/libc_nano.a(lib_a-strtok.o)
                0x0800c064                strtok
 .text.__strtok_r
                0x0800c0c8       0x56 /home/thepro/Ac6/SystemWorkbench/plugins/fr.ac6.mcu.externaltools.arm-none.linux64_1.13.1.201707031232/tools/compiler/bin/../lib/gcc/arm-none-eabi/5.4.1/../../../../arm-none-eabi/lib/armv7-m/libc_nano.a(lib_a-strtok_r.o)
                0x0800c0c8                __strtok_r
 .text._strtol_l.isra.0
                0x0800c11e      0x110 /home/thepro/Ac6/SystemWorkbench/plugins/fr.ac6.mcu.externaltools.arm-none.linux64_1.13.1.201707031232/tools/compiler/bin/../lib/gcc/arm-none-eabi/5.4.1/../../../../arm-none-eabi/lib/armv7-m/libc_nano.a(lib_a-strtol.o)
 *fill*         0x0800c22e        0x2 
 .text.strtol   0x0800c230       0x2c /home/thepro/Ac6/SystemWorkbench/plugins/fr.ac6.mcu.externaltools.arm-none.linux64_1.13.1.201707031232/tools/compiler/bin/../lib/gcc/arm-none-eabi/5.4.1/../../../../arm-none-eabi/lib/armv7-m/libc_nano.a(lib_a-strtol.o)
                0x0800c230                strtol
 .text.__locale_ctype_ptr_l
                0x0800c25c        0x6 /home/thepro/Ac6/SystemWorkbench/plugins/fr.ac6.mcu.externaltools.arm-none.linux64_1.13.1.201707031232/tools/compiler/bin/../lib/gcc/arm-none-eabi/5.4.1/../../../../arm-none-eabi/lib/armv7-m/libc_nano.a(lib_a-locale.o)
                0x0800c25c                __locale_ctype_ptr_l
 *fill*         0x0800c262        0x2 
 .text.malloc   0x0800c264       0x10 /home/thepro/Ac6/SystemWorkbench/plugins/fr.ac6.mcu.externaltools.arm-none.linux64_1.13.1.201707031232/tools/compiler/bin/../lib/gcc/arm-none-eabi/5.4.1/../../../../arm-none-eabi/lib/armv7-m/libc_nano.a(lib_a-malloc.o)
                0x0800c264                malloc
 .text.__ascii_mbtowc
                0x0800c274       0x24 /home/thepro/Ac6/SystemWorkbench/plugins/fr.ac6.mcu.externaltools.arm-none.linux64_1.13.1.201707031232/tools/compiler/bin/../lib/gcc/arm-none-eabi/5.4.1/../../../../arm-none-eabi/lib/armv7-m/libc_nano.a(lib_a-mbtowc_r.o)
                0x0800c274                __ascii_mbtowc
 .text._malloc_r
                0x0800c298       0xbc /home/thepro/Ac6/SystemWorkbench/plugins/fr.ac6.mcu.externaltools.arm-none.linux64_1.13.1.201707031232/tools/compiler/bin/../lib/gcc/arm-none-eabi/5.4.1/../../../../arm-none-eabi/lib/armv7-m/libc_nano.a(lib_a-nano-mallocr.o)
                0x0800c298                _malloc_r
 .text._sbrk_r  0x0800c354       0x20 /home/thepro/Ac6/SystemWorkbench/plugins/fr.ac6.mcu.externaltools.arm-none.linux64_1.13.1.201707031232/tools/compiler/bin/../lib/gcc/arm-none-eabi/5.4.1/../../../../arm-none-eabi/lib/armv7-m/libc_nano.a(lib_a-sbrkr.o)
                0x0800c354                _sbrk_r
 .text.__ascii_wctomb
                0x0800c374       0x1a /home/thepro/Ac6/SystemWorkbench/plugins/fr.ac6.mcu.externaltools.arm-none.linux64_1.13.1.201707031232/tools/compiler/bin/../lib/gcc/arm-none-eabi/5.4.1/../../../../arm-none-eabi/lib/armv7-m/libc_nano.a(lib_a-wctomb_r.o)
                0x0800c374                __ascii_wctomb
 .text.__malloc_lock
                0x0800c38e        0x2 /home/thepro/Ac6/SystemWorkbench/plugins/fr.ac6.mcu.externaltools.arm-none.linux64_1.13.1.201707031232/tools/compiler/bin/../lib/gcc/arm-none-eabi/5.4.1/../../../../arm-none-eabi/lib/armv7-m/libc_nano.a(lib_a-mlock.o)
                0x0800c38e                __malloc_lock
 .text.__malloc_unlock
                0x0800c390        0x2 /home/thepro/Ac6/SystemWorkbench/plugins/fr.ac6.mcu.externaltools.arm-none.linux64_1.13.1.201707031232/tools/compiler/bin/../lib/gcc/arm-none-eabi/5.4.1/../../../../arm-none-eabi/lib/armv7-m/libc_nano.a(lib_a-mlock.o)
                0x0800c390                __malloc_unlock
 *fill*         0x0800c392        0x2 
 .text._sbrk    0x0800c394       0x1c /home/thepro/Ac6/SystemWorkbench/plugins/fr.ac6.mcu.externaltools.arm-none.linux64_1.13.1.201707031232/tools/compiler/bin/../lib/gcc/arm-none-eabi/5.4.1/../../../../arm-none-eabi/lib/armv7-m/libnosys.a(sbrk.o)
                0x0800c394                _sbrk
 *(.glue_7)
 .glue_7        0x0800c3b0        0x0 linker stubs
 *(.glue_7t)
 .glue_7t       0x0800c3b0        0x0 linker stubs
 *(.eh_frame)
 .eh_frame      0x0800c3b0        0x0 /home/thepro/Ac6/SystemWorkbench/plugins/fr.ac6.mcu.externaltools.arm-none.linux64_1.13.1.201707031232/tools/compiler/bin/../lib/gcc/arm-none-eabi/5.4.1/armv7-m/crtbegin.o
 *(.init)
 .init          0x0800c3b0        0x4 /home/thepro/Ac6/SystemWorkbench/plugins/fr.ac6.mcu.externaltools.arm-none.linux64_1.13.1.201707031232/tools/compiler/bin/../lib/gcc/arm-none-eabi/5.4.1/armv7-m/crti.o
                0x0800c3b0                _init
 .init          0x0800c3b4        0x8 /home/thepro/Ac6/SystemWorkbench/plugins/fr.ac6.mcu.externaltools.arm-none.linux64_1.13.1.201707031232/tools/compiler/bin/../lib/gcc/arm-none-eabi/5.4.1/armv7-m/crtn.o
 *(.fini)
 .fini          0x0800c3bc        0x4 /home/thepro/Ac6/SystemWorkbench/plugins/fr.ac6.mcu.externaltools.arm-none.linux64_1.13.1.201707031232/tools/compiler/bin/../lib/gcc/arm-none-eabi/5.4.1/armv7-m/crti.o
                0x0800c3bc                _fini
 .fini          0x0800c3c0        0x8 /home/thepro/Ac6/SystemWorkbench/plugins/fr.ac6.mcu.externaltools.arm-none.linux64_1.13.1.201707031232/tools/compiler/bin/../lib/gcc/arm-none-eabi/5.4.1/armv7-m/crtn.o
                0x0800c3c8                . = ALIGN (0x4)
                0x0800c3c8                _etext = .

.vfp11_veneer   0x0800c3c8        0x0
 .vfp11_veneer  0x0800c3c8        0x0 linker stubs

.v4_bx          0x0800c3c8        0x0
 .v4_bx         0x0800c3c8        0x0 linker stubs

.iplt           0x0800c3c8        0x0
 .iplt          0x0800c3c8        0x0 /home/thepro/Ac6/SystemWorkbench/plugins/fr.ac6.mcu.externaltools.arm-none.linux64_1.13.1.201707031232/tools/compiler/bin/../lib/gcc/arm-none-eabi/5.4.1/armv7-m/crtbegin.o

.rodata         0x0800c3c8      0x8d8
                0x0800c3c8                . = ALIGN (0x4)
 *(.rodata)
 .rodata        0x0800c3c8       0x48 Src/LoRaMac.o
                0x0800c3c8                Datarates
                0x0800c3d0                MaxPayloadOfDatarateRepeater
                0x0800c3d8                MaxPayloadOfDatarate
                0x0800c3e0                Bandwidths
                0x0800c400                TxPowers
 .rodata        0x0800c410       0xb8 Src/actuated.pb.o
                0x0800c410                targetConfigurations_fields
                0x0800c44c                _targetAutoLuxParams_fields
                0x0800c46c                _targetAutoTimerParams_fields
                0x0800c48c                _targetManualControlParams_fields
                0x0800c4a0                _targetControlPolicyParams_fields
                0x0800c4b4                _targetPowerStateParams_fields
 .rodata        0x0800c4c8      0x300 Src/aes.o
 .rodata        0x0800c7c8       0x28 Src/pb_decode.o
 .rodata        0x0800c7f0       0x28 Src/pb_encode.o
 .rodata        0x0800c818       0x18 Src/rtc-board.o
 .rodata        0x0800c830       0x50 Src/sensed.pb.o
                0x0800c830                sensor_values_fields
 .rodata        0x0800c880       0x5c Src/sx1272-board.o
                0x0800c880                Radio
 .rodata        0x0800c8dc       0xe3 Src/sx1272.o
                0x0800c8dc                FskBandwidths
                0x0800c98c                RadioRegsInit
 *fill*         0x0800c9bf        0x1 
 .rodata        0x0800c9c0       0x24 Src/system_stm32l1xx.o
                0x0800c9c0                PLLMulTable
                0x0800c9cc                AHBPrescTable
                0x0800c9dc                APBPrescTable
 *(.rodata*)
 .rodata.str1.4
                0x0800c9e4        0x2 Src/main.o
 *fill*         0x0800c9e6        0x2 
 .rodata.str1.4
                0x0800c9e8      0x14d Src/pb_decode.o
 *fill*         0x0800cb35        0x3 
 .rodata.str1.4
                0x0800cb38       0x5c Src/pb_encode.o
                                 0xc1 (size before relaxing)
 .rodata.str1.1
                0x0800cb94        0xa /home/thepro/Ac6/SystemWorkbench/plugins/fr.ac6.mcu.externaltools.arm-none.linux64_1.13.1.201707031232/tools/compiler/bin/../lib/gcc/arm-none-eabi/5.4.1/../../../../arm-none-eabi/lib/armv7-m/libc_nano.a(lib_a-locale.o)
                                  0xb (size before relaxing)
 .rodata._ctype_
                0x0800cb9e      0x101 /home/thepro/Ac6/SystemWorkbench/plugins/fr.ac6.mcu.externaltools.arm-none.linux64_1.13.1.201707031232/tools/compiler/bin/../lib/gcc/arm-none-eabi/5.4.1/../../../../arm-none-eabi/lib/armv7-m/libc_nano.a(lib_a-ctype_.o)
                0x0800cb9e                _ctype_
                0x0800cca0                . = ALIGN (0x4)
 *fill*         0x0800cc9f        0x1 

.rel.dyn        0x0800cca0        0x0
 .rel.iplt      0x0800cca0        0x0 /home/thepro/Ac6/SystemWorkbench/plugins/fr.ac6.mcu.externaltools.arm-none.linux64_1.13.1.201707031232/tools/compiler/bin/../lib/gcc/arm-none-eabi/5.4.1/armv7-m/crtbegin.o

.ARM.extab
 *(.ARM.extab* .gnu.linkonce.armextab.*)

.ARM            0x0800cca0        0x0
                0x0800cca0                __exidx_start = .
 *(.ARM.exidx*)
                0x0800cca0                __exidx_end = .

.preinit_array  0x0800cca0        0x0
                0x0800cca0                PROVIDE (__preinit_array_start, .)
 *(.preinit_array*)
                0x0800cca0                PROVIDE (__preinit_array_end, .)

.init_array     0x0800cca0        0x4
                0x0800cca0                PROVIDE (__init_array_start, .)
 *(SORT(.init_array.*))
 *(.init_array*)
 .init_array    0x0800cca0        0x4 /home/thepro/Ac6/SystemWorkbench/plugins/fr.ac6.mcu.externaltools.arm-none.linux64_1.13.1.201707031232/tools/compiler/bin/../lib/gcc/arm-none-eabi/5.4.1/armv7-m/crtbegin.o
                0x0800cca4                PROVIDE (__init_array_end, .)

.fini_array     0x0800cca4        0x4
                [!provide]                PROVIDE (__fini_array_start, .)
 *(SORT(.fini_array.*))
 *(.fini_array*)
 .fini_array    0x0800cca4        0x4 /home/thepro/Ac6/SystemWorkbench/plugins/fr.ac6.mcu.externaltools.arm-none.linux64_1.13.1.201707031232/tools/compiler/bin/../lib/gcc/arm-none-eabi/5.4.1/armv7-m/crtbegin.o
                [!provide]                PROVIDE (__fini_array_end, .)
                0x0800cca8                _sidata = LOADADDR (.data)

.data           0x20000000      0x308 load address 0x0800cca8
                0x20000000                . = ALIGN (0x4)
                0x20000000                _sdata = .
 *(.data)
 .data          0x20000000       0xbf Src/LoRaMac.o
 *fill*         0x200000bf        0x1 
 .data          0x200000c0       0x20 Src/LoRaMacCrypto.o
 .data          0x200000e0        0x2 Src/board.o
 *fill*         0x200000e2        0x2 
 .data          0x200000e4       0x31 Src/main.o
                0x200000e8                oneDay
                0x20000110                MEASURE_SENSORS
                0x20000112                txmsgLen
                0x20000114                txData
 *fill*         0x20000115        0x3 
 .data          0x20000118       0x18 Src/sx1272.o
                0x20000118                DioIrq
 .data          0x20000130        0x4 Src/system_stm32l1xx.o
                0x20000130                SystemCoreClock
 .data          0x20000134        0x4 Src/utilities.o
 *(.data*)
 .data.impure_data
                0x20000138       0x60 /home/thepro/Ac6/SystemWorkbench/plugins/fr.ac6.mcu.externaltools.arm-none.linux64_1.13.1.201707031232/tools/compiler/bin/../lib/gcc/arm-none-eabi/5.4.1/../../../../arm-none-eabi/lib/armv7-m/libc_nano.a(lib_a-impure.o)
 .data._impure_ptr
                0x20000198        0x4 /home/thepro/Ac6/SystemWorkbench/plugins/fr.ac6.mcu.externaltools.arm-none.linux64_1.13.1.201707031232/tools/compiler/bin/../lib/gcc/arm-none-eabi/5.4.1/../../../../arm-none-eabi/lib/armv7-m/libc_nano.a(lib_a-impure.o)
                0x20000198                _impure_ptr
 .data.__global_locale
                0x2000019c      0x16c /home/thepro/Ac6/SystemWorkbench/plugins/fr.ac6.mcu.externaltools.arm-none.linux64_1.13.1.201707031232/tools/compiler/bin/../lib/gcc/arm-none-eabi/5.4.1/../../../../arm-none-eabi/lib/armv7-m/libc_nano.a(lib_a-locale.o)
                0x2000019c                __global_locale
                0x20000308                . = ALIGN (0x4)
                0x20000308                _edata = .

.jcr            0x20000308        0x0 load address 0x0800cfb0
 .jcr           0x20000308        0x0 /home/thepro/Ac6/SystemWorkbench/plugins/fr.ac6.mcu.externaltools.arm-none.linux64_1.13.1.201707031232/tools/compiler/bin/../lib/gcc/arm-none-eabi/5.4.1/armv7-m/crtbegin.o

.igot.plt       0x20000308        0x0 load address 0x0800cfb0
 .igot.plt      0x20000308        0x0 /home/thepro/Ac6/SystemWorkbench/plugins/fr.ac6.mcu.externaltools.arm-none.linux64_1.13.1.201707031232/tools/compiler/bin/../lib/gcc/arm-none-eabi/5.4.1/armv7-m/crtbegin.o
                0x20000308                . = ALIGN (0x4)

.bss            0x20000308      0xe94 load address 0x0800cfb0
                0x20000308                _sbss = .
                0x20000308                __bss_start__ = _sbss
 *(.bss)
 .bss           0x20000308       0x1c /home/thepro/Ac6/SystemWorkbench/plugins/fr.ac6.mcu.externaltools.arm-none.linux64_1.13.1.201707031232/tools/compiler/bin/../lib/gcc/arm-none-eabi/5.4.1/armv7-m/crtbegin.o
 .bss           0x20000324      0x397 Src/LoRaMac.o
                0x20000360                TxTimeOnAir
                0x2000039c                LoRaMacState
                0x20000588                macflag
 *fill*         0x200006bb        0x1 
 .bss           0x200006bc      0x22c Src/LoRaMacCrypto.o
 .bss           0x200008e8        0x1 Src/adc.o
 *fill*         0x200008e9        0x3 
 .bss           0x200008ec       0x1a Src/board.o
 *fill*         0x20000906        0x2 
 .bss           0x20000908       0x40 Src/gpio-board.o
 .bss           0x20000948      0x123 Src/main.o
                0x200009f4                flag
                0x200009f5                status
                0x200009f6                masterControl
                0x200009f8                msgLen
                0x200009fa                protoLen
                0x20000a00                config
                0x20000a38                sensed
                0x20000a68                len
                0x20000a6a                rxData
 *fill*         0x20000a6b        0x1 
 .bss           0x20000a6c       0x34 Src/rtc-board.o
                0x20000a70                RtcHandle
                0x20000a98                McuWakeUpTime
                0x20000a9d                NonScheduledWakeUp
 .bss           0x20000aa0        0x1 Src/sx1272-board.o
 *fill*         0x20000aa1        0x3 
 .bss           0x20000aa4      0x104 Src/sx1272.o
 .bss           0x20000ba8        0x5 Src/timer.o
                0x20000bac                HasLoopedThroughMain
 .bss           0x20000bad        0x2 Src/uart-board.o
                0x20000bad                RxData
                0x20000bae                TxData
 *(.bss*)
 *fill*         0x20000baf        0x1 
 .bss.__malloc_sbrk_start
                0x20000bb0        0x4 /home/thepro/Ac6/SystemWorkbench/plugins/fr.ac6.mcu.externaltools.arm-none.linux64_1.13.1.201707031232/tools/compiler/bin/../lib/gcc/arm-none-eabi/5.4.1/../../../../arm-none-eabi/lib/armv7-m/libc_nano.a(lib_a-nano-mallocr.o)
                0x20000bb0                __malloc_sbrk_start
 .bss.__malloc_free_list
                0x20000bb4        0x4 /home/thepro/Ac6/SystemWorkbench/plugins/fr.ac6.mcu.externaltools.arm-none.linux64_1.13.1.201707031232/tools/compiler/bin/../lib/gcc/arm-none-eabi/5.4.1/../../../../arm-none-eabi/lib/armv7-m/libc_nano.a(lib_a-nano-mallocr.o)
                0x20000bb4                __malloc_free_list
 .bss.heap_end.4167
                0x20000bb8        0x4 /home/thepro/Ac6/SystemWorkbench/plugins/fr.ac6.mcu.externaltools.arm-none.linux64_1.13.1.201707031232/tools/compiler/bin/../lib/gcc/arm-none-eabi/5.4.1/../../../../arm-none-eabi/lib/armv7-m/libnosys.a(sbrk.o)
 *(COMMON)
 COMMON         0x20000bbc        0x4 Drivers/STM32L1xx_HAL_Driver/Src/stm32l1xx_hal.o
                0x20000bbc                uwTick
 COMMON         0x20000bc0       0x74 Src/LoRaMac.o
                0x20000bc0                LoRaMacFlags
                0x20000bc4                LoRaMacParamsDefaults
                0x20000bfc                LoRaMacParams
 COMMON         0x20000c34       0x54 Src/adc-board.o
                0x20000c34                AdcHandle
 COMMON         0x20000c88       0xd4 Src/board.o
                0x20000c88                Led2
                0x20000c94                Led3
                0x20000ca0                I2c
                0x20000d0c                Uart1
                0x20000d44                Adc
                0x20000d50                Led4
 *fill*         0x20000d5c        0x4 
 COMMON         0x20000d60      0x24e Src/main.o
                0x20000d60                AppDataSize
                0x20000d64                heartBeatParams
                0x20000d6c                sensor_buffer
                0x20000d80                command
                0x20000d94                tx_msg
                0x20000df8                lux_buffer
                0x20000e04                power_buffer
                0x20000e10                autoTimerParams
                0x20000e28                manualControlParams
                0x20000e34                sensorValues
                0x20000e5c                rxBuffer
                0x20000ec0                autoLuxParams
                0x20000ecc                txBuffer
                0x20000f30                temperature_buffer
                0x20000f34                rec_msg
                0x20000f98                ComplianceTest
                0x20000fac                brightness_ascii
 *fill*         0x20000fae        0x2 
 COMMON         0x20000fb0       0x14 Src/rtc-board.o
                0x20000fb0                RtcCalendarContext
 COMMON         0x20000fc4       0x18 Src/sx1272-board.o
                0x20000fc4                AntTx
                0x20000fd0                AntRx
 COMMON         0x20000fdc      0x17c Src/sx1272.o
                0x20000fdc                SX1272
                0x2000111c                TxTimeoutTimer
                0x20001130                RxTimeoutSyncWord
                0x20001144                RxTimeoutTimer
 COMMON         0x20001158       0x40 Src/uart-board.o
                0x20001158                UartHandle
 COMMON         0x20001198        0x4 /home/thepro/Ac6/SystemWorkbench/plugins/fr.ac6.mcu.externaltools.arm-none.linux64_1.13.1.201707031232/tools/compiler/bin/../lib/gcc/arm-none-eabi/5.4.1/../../../../arm-none-eabi/lib/armv7-m/libc_nano.a(lib_a-reent.o)
                0x20001198                errno
                0x2000119c                . = ALIGN (0x4)
                0x2000119c                _ebss = .
                0x2000119c                __bss_end__ = _ebss

._user_heap_stack
                0x2000119c      0x604 load address 0x0800cfb0
                0x200011a0                . = ALIGN (0x8)
 *fill*         0x2000119c        0x4 
                0x200011a0                PROVIDE (end, .)
                [!provide]                PROVIDE (_end, .)
                0x200013a0                . = (. + _Min_Heap_Size)
 *fill*         0x200011a0      0x200 
                0x200017a0                . = (. + _Min_Stack_Size)
 *fill*         0x200013a0      0x400 
                0x200017a0                . = ALIGN (0x8)

/DISCARD/
 libc.a(*)
 libm.a(*)
 libgcc.a(*)

.ARM.attributes
                0x00000000       0x29
 *(.ARM.attributes)
 .ARM.attributes
                0x00000000       0x1d /home/thepro/Ac6/SystemWorkbench/plugins/fr.ac6.mcu.externaltools.arm-none.linux64_1.13.1.201707031232/tools/compiler/bin/../lib/gcc/arm-none-eabi/5.4.1/armv7-m/crti.o
 .ARM.attributes
                0x0000001d       0x2d /home/thepro/Ac6/SystemWorkbench/plugins/fr.ac6.mcu.externaltools.arm-none.linux64_1.13.1.201707031232/tools/compiler/bin/../lib/gcc/arm-none-eabi/5.4.1/armv7-m/crtbegin.o
 .ARM.attributes
                0x0000004a       0x33 Drivers/STM32L1xx_HAL_Driver/Src/stm32l1xx_hal.o
 .ARM.attributes
                0x0000007d       0x33 Drivers/STM32L1xx_HAL_Driver/Src/stm32l1xx_hal_adc.o
 .ARM.attributes
                0x000000b0       0x33 Drivers/STM32L1xx_HAL_Driver/Src/stm32l1xx_hal_cortex.o
 .ARM.attributes
                0x000000e3       0x33 Drivers/STM32L1xx_HAL_Driver/Src/stm32l1xx_hal_gpio.o
 .ARM.attributes
                0x00000116       0x33 Drivers/STM32L1xx_HAL_Driver/Src/stm32l1xx_hal_msp_template.o
 .ARM.attributes
                0x00000149       0x33 Drivers/STM32L1xx_HAL_Driver/Src/stm32l1xx_hal_pwr.o
 .ARM.attributes
                0x0000017c       0x33 Drivers/STM32L1xx_HAL_Driver/Src/stm32l1xx_hal_pwr_ex.o
 .ARM.attributes
                0x000001af       0x33 Drivers/STM32L1xx_HAL_Driver/Src/stm32l1xx_hal_rcc.o
 .ARM.attributes
                0x000001e2       0x33 Drivers/STM32L1xx_HAL_Driver/Src/stm32l1xx_hal_rcc_ex.o
 .ARM.attributes
                0x00000215       0x33 Drivers/STM32L1xx_HAL_Driver/Src/stm32l1xx_hal_rtc.o
 .ARM.attributes
                0x00000248       0x33 Drivers/STM32L1xx_HAL_Driver/Src/stm32l1xx_hal_rtc_ex.o
 .ARM.attributes
                0x0000027b       0x33 Drivers/STM32L1xx_HAL_Driver/Src/stm32l1xx_hal_spi.o
 .ARM.attributes
                0x000002ae       0x33 Drivers/STM32L1xx_HAL_Driver/Src/stm32l1xx_hal_spi_ex.o
 .ARM.attributes
                0x000002e1       0x33 Drivers/STM32L1xx_HAL_Driver/Src/stm32l1xx_hal_uart.o
 .ARM.attributes
                0x00000314       0x33 Src/LoRaMac.o
 .ARM.attributes
                0x00000347       0x33 Src/LoRaMacCrypto.o
 .ARM.attributes
                0x0000037a       0x33 Src/actuated.pb.o
 .ARM.attributes
                0x000003ad       0x33 Src/adc-board.o
 .ARM.attributes
                0x000003e0       0x33 Src/adc.o
 .ARM.attributes
                0x00000413       0x33 Src/aes.o
 .ARM.attributes
                0x00000446       0x33 Src/board.o
 .ARM.attributes
                0x00000479       0x33 Src/cmac.o
 .ARM.attributes
                0x000004ac       0x33 Src/delay.o
 .ARM.attributes
                0x000004df       0x33 Src/fifo.o
 .ARM.attributes
                0x00000512       0x33 Src/gpio-board.o
 .ARM.attributes
                0x00000545       0x33 Src/gpio.o
 .ARM.attributes
                0x00000578       0x33 Src/main.o
 .ARM.attributes
                0x000005ab       0x33 Src/pb_common.o
 .ARM.attributes
                0x000005de       0x33 Src/pb_decode.o
 .ARM.attributes
                0x00000611       0x33 Src/pb_encode.o
 .ARM.attributes
                0x00000644       0x33 Src/rtc-board.o
 .ARM.attributes
                0x00000677       0x33 Src/sensed.pb.o
 .ARM.attributes
                0x000006aa       0x33 Src/spi-board.o
 .ARM.attributes
                0x000006dd       0x33 Src/sx1272-board.o
 .ARM.attributes
                0x00000710       0x33 Src/sx1272.o
 .ARM.attributes
                0x00000743       0x33 Src/sysIrqHandlers.o
 .ARM.attributes
                0x00000776       0x33 Src/system_stm32l1xx.o
 .ARM.attributes
                0x000007a9       0x33 Src/timer.o
 .ARM.attributes
                0x000007dc       0x33 Src/uart-board.o
 .ARM.attributes
                0x0000080f       0x33 Src/uart.o
 .ARM.attributes
                0x00000842       0x33 Src/utilities.o
 .ARM.attributes
                0x00000875       0x21 startup/startup_stm32l151xb.o
 .ARM.attributes
                0x00000896       0x2d /home/thepro/Ac6/SystemWorkbench/plugins/fr.ac6.mcu.externaltools.arm-none.linux64_1.13.1.201707031232/tools/compiler/bin/../lib/gcc/arm-none-eabi/5.4.1/../../../../arm-none-eabi/lib/armv7-m/libm.a(lib_a-s_ceil.o)
 .ARM.attributes
                0x000008c3       0x2d /home/thepro/Ac6/SystemWorkbench/plugins/fr.ac6.mcu.externaltools.arm-none.linux64_1.13.1.201707031232/tools/compiler/bin/../lib/gcc/arm-none-eabi/5.4.1/../../../../arm-none-eabi/lib/armv7-m/libm.a(lib_a-s_floor.o)
 .ARM.attributes
                0x000008f0       0x2d /home/thepro/Ac6/SystemWorkbench/plugins/fr.ac6.mcu.externaltools.arm-none.linux64_1.13.1.201707031232/tools/compiler/bin/../lib/gcc/arm-none-eabi/5.4.1/../../../../arm-none-eabi/lib/armv7-m/libm.a(lib_a-s_round.o)
 .ARM.attributes
                0x0000091d       0x1d /home/thepro/Ac6/SystemWorkbench/plugins/fr.ac6.mcu.externaltools.arm-none.linux64_1.13.1.201707031232/tools/compiler/bin/../lib/gcc/arm-none-eabi/5.4.1/armv7-m/libgcc.a(_arm_addsubdf3.o)
 .ARM.attributes
                0x0000093a       0x1d /home/thepro/Ac6/SystemWorkbench/plugins/fr.ac6.mcu.externaltools.arm-none.linux64_1.13.1.201707031232/tools/compiler/bin/../lib/gcc/arm-none-eabi/5.4.1/armv7-m/libgcc.a(_arm_muldivdf3.o)
 .ARM.attributes
                0x00000957       0x1d /home/thepro/Ac6/SystemWorkbench/plugins/fr.ac6.mcu.externaltools.arm-none.linux64_1.13.1.201707031232/tools/compiler/bin/../lib/gcc/arm-none-eabi/5.4.1/armv7-m/libgcc.a(_arm_cmpdf2.o)
 .ARM.attributes
                0x00000974       0x1d /home/thepro/Ac6/SystemWorkbench/plugins/fr.ac6.mcu.externaltools.arm-none.linux64_1.13.1.201707031232/tools/compiler/bin/../lib/gcc/arm-none-eabi/5.4.1/armv7-m/libgcc.a(_arm_fixdfsi.o)
 .ARM.attributes
                0x00000991       0x1d /home/thepro/Ac6/SystemWorkbench/plugins/fr.ac6.mcu.externaltools.arm-none.linux64_1.13.1.201707031232/tools/compiler/bin/../lib/gcc/arm-none-eabi/5.4.1/armv7-m/libgcc.a(_arm_fixunsdfsi.o)
 .ARM.attributes
                0x000009ae       0x1d /home/thepro/Ac6/SystemWorkbench/plugins/fr.ac6.mcu.externaltools.arm-none.linux64_1.13.1.201707031232/tools/compiler/bin/../lib/gcc/arm-none-eabi/5.4.1/armv7-m/libgcc.a(_arm_addsubsf3.o)
 .ARM.attributes
                0x000009cb       0x2d /home/thepro/Ac6/SystemWorkbench/plugins/fr.ac6.mcu.externaltools.arm-none.linux64_1.13.1.201707031232/tools/compiler/bin/../lib/gcc/arm-none-eabi/5.4.1/../../../../arm-none-eabi/lib/armv7-m/libc_nano.a(lib_a-atoi.o)
 .ARM.attributes
                0x000009f8       0x2d /home/thepro/Ac6/SystemWorkbench/plugins/fr.ac6.mcu.externaltools.arm-none.linux64_1.13.1.201707031232/tools/compiler/bin/../lib/gcc/arm-none-eabi/5.4.1/../../../../arm-none-eabi/lib/armv7-m/libc_nano.a(lib_a-impure.o)
 .ARM.attributes
                0x00000a25       0x2d /home/thepro/Ac6/SystemWorkbench/plugins/fr.ac6.mcu.externaltools.arm-none.linux64_1.13.1.201707031232/tools/compiler/bin/../lib/gcc/arm-none-eabi/5.4.1/../../../../arm-none-eabi/lib/armv7-m/libc_nano.a(lib_a-init.o)
 .ARM.attributes
                0x00000a52       0x2d /home/thepro/Ac6/SystemWorkbench/plugins/fr.ac6.mcu.externaltools.arm-none.linux64_1.13.1.201707031232/tools/compiler/bin/../lib/gcc/arm-none-eabi/5.4.1/../../../../arm-none-eabi/lib/armv7-m/libc_nano.a(lib_a-memcpy-stub.o)
 .ARM.attributes
                0x00000a7f       0x2d /home/thepro/Ac6/SystemWorkbench/plugins/fr.ac6.mcu.externaltools.arm-none.linux64_1.13.1.201707031232/tools/compiler/bin/../lib/gcc/arm-none-eabi/5.4.1/../../../../arm-none-eabi/lib/armv7-m/libc_nano.a(lib_a-memset.o)
 .ARM.attributes
                0x00000aac       0x2d /home/thepro/Ac6/SystemWorkbench/plugins/fr.ac6.mcu.externaltools.arm-none.linux64_1.13.1.201707031232/tools/compiler/bin/../lib/gcc/arm-none-eabi/5.4.1/../../../../arm-none-eabi/lib/armv7-m/libc_nano.a(lib_a-strtok.o)
 .ARM.attributes
                0x00000ad9       0x2d /home/thepro/Ac6/SystemWorkbench/plugins/fr.ac6.mcu.externaltools.arm-none.linux64_1.13.1.201707031232/tools/compiler/bin/../lib/gcc/arm-none-eabi/5.4.1/../../../../arm-none-eabi/lib/armv7-m/libc_nano.a(lib_a-strtok_r.o)
 .ARM.attributes
                0x00000b06       0x2d /home/thepro/Ac6/SystemWorkbench/plugins/fr.ac6.mcu.externaltools.arm-none.linux64_1.13.1.201707031232/tools/compiler/bin/../lib/gcc/arm-none-eabi/5.4.1/../../../../arm-none-eabi/lib/armv7-m/libc_nano.a(lib_a-strtol.o)
 .ARM.attributes
                0x00000b33       0x2d /home/thepro/Ac6/SystemWorkbench/plugins/fr.ac6.mcu.externaltools.arm-none.linux64_1.13.1.201707031232/tools/compiler/bin/../lib/gcc/arm-none-eabi/5.4.1/../../../../arm-none-eabi/lib/armv7-m/libc_nano.a(lib_a-locale.o)
 .ARM.attributes
                0x00000b60       0x2d /home/thepro/Ac6/SystemWorkbench/plugins/fr.ac6.mcu.externaltools.arm-none.linux64_1.13.1.201707031232/tools/compiler/bin/../lib/gcc/arm-none-eabi/5.4.1/../../../../arm-none-eabi/lib/armv7-m/libc_nano.a(lib_a-malloc.o)
 .ARM.attributes
                0x00000b8d       0x2d /home/thepro/Ac6/SystemWorkbench/plugins/fr.ac6.mcu.externaltools.arm-none.linux64_1.13.1.201707031232/tools/compiler/bin/../lib/gcc/arm-none-eabi/5.4.1/../../../../arm-none-eabi/lib/armv7-m/libc_nano.a(lib_a-mbtowc_r.o)
 .ARM.attributes
                0x00000bba       0x2d /home/thepro/Ac6/SystemWorkbench/plugins/fr.ac6.mcu.externaltools.arm-none.linux64_1.13.1.201707031232/tools/compiler/bin/../lib/gcc/arm-none-eabi/5.4.1/../../../../arm-none-eabi/lib/armv7-m/libc_nano.a(lib_a-nano-mallocr.o)
 .ARM.attributes
                0x00000be7       0x2d /home/thepro/Ac6/SystemWorkbench/plugins/fr.ac6.mcu.externaltools.arm-none.linux64_1.13.1.201707031232/tools/compiler/bin/../lib/gcc/arm-none-eabi/5.4.1/../../../../arm-none-eabi/lib/armv7-m/libc_nano.a(lib_a-sbrkr.o)
 .ARM.attributes
                0x00000c14       0x2d /home/thepro/Ac6/SystemWorkbench/plugins/fr.ac6.mcu.externaltools.arm-none.linux64_1.13.1.201707031232/tools/compiler/bin/../lib/gcc/arm-none-eabi/5.4.1/../../../../arm-none-eabi/lib/armv7-m/libc_nano.a(lib_a-wctomb_r.o)
 .ARM.attributes
                0x00000c41       0x2d /home/thepro/Ac6/SystemWorkbench/plugins/fr.ac6.mcu.externaltools.arm-none.linux64_1.13.1.201707031232/tools/compiler/bin/../lib/gcc/arm-none-eabi/5.4.1/../../../../arm-none-eabi/lib/armv7-m/libc_nano.a(lib_a-ctype_.o)
 .ARM.attributes
                0x00000c6e       0x2d /home/thepro/Ac6/SystemWorkbench/plugins/fr.ac6.mcu.externaltools.arm-none.linux64_1.13.1.201707031232/tools/compiler/bin/../lib/gcc/arm-none-eabi/5.4.1/../../../../arm-none-eabi/lib/armv7-m/libc_nano.a(lib_a-mlock.o)
 .ARM.attributes
                0x00000c9b       0x2d /home/thepro/Ac6/SystemWorkbench/plugins/fr.ac6.mcu.externaltools.arm-none.linux64_1.13.1.201707031232/tools/compiler/bin/../lib/gcc/arm-none-eabi/5.4.1/../../../../arm-none-eabi/lib/armv7-m/libc_nano.a(lib_a-reent.o)
 .ARM.attributes
                0x00000cc8       0x2d /home/thepro/Ac6/SystemWorkbench/plugins/fr.ac6.mcu.externaltools.arm-none.linux64_1.13.1.201707031232/tools/compiler/bin/../lib/gcc/arm-none-eabi/5.4.1/../../../../arm-none-eabi/lib/armv7-m/libnosys.a(sbrk.o)
 .ARM.attributes
                0x00000cf5       0x1d /home/thepro/Ac6/SystemWorkbench/plugins/fr.ac6.mcu.externaltools.arm-none.linux64_1.13.1.201707031232/tools/compiler/bin/../lib/gcc/arm-none-eabi/5.4.1/armv7-m/crtn.o
OUTPUT(streetlight.elf elf32-littlearm)

.debug_info     0x00000000    0x231e6
 .debug_info    0x00000000      0x5f7 Drivers/STM32L1xx_HAL_Driver/Src/stm32l1xx_hal.o